
**** Build of configuration Debug for project Hand ****

"C:\\ti\\ccs1271\\ccs\\utils\\bin\\gmake" -k -j 16 all -O 
 
Building file: "../main.c"
Invoking: Arm Compiler
"C:/ti/ccs1271/ccs/tools/compiler/ti-cgt-arm_20.2.7.LTS/bin/armcl" -mv7M4 --code_state=16 --float_support=FPv4SPD16 -me --include_path="C:/ti/ccs1271/ccs/ccs_base/arm/include" --include_path="C:/ti/ccs1271/ccs/ccs_base/arm/include/CMSIS" --include_path="//CETSTUDENTS.AD.RIT.EDU/Students/ebk7188/Elie_Kalouche_CPET253/Labs/Hand" --include_path="C:/ti/ccs1271/ccs/tools/compiler/ti-cgt-arm_20.2.7.LTS/include" --advice:power=all --define=__MSP432P401R__ --define=ccs -g --gcc --diag_warning=225 --diag_wrap=off --display_error_number --abi=eabi --preproc_with_compile --preproc_dependency="main.d_raw"  "../main.c"
\\CETSTUDENTS.AD.RIT.EDU\Students\ebk7188\Elie_Kalouche_CPET253\Labs\Hand\Debug
CMD.EXE was started with the above path as the current directory.
UNC paths are not supported.  Defaulting to Windows directory.
\\CETSTUDENTS.AD.RIT.EDU\Students\ebk7188\Elie_Kalouche_CPET253\Labs\Hand\Debug
CMD.EXE was started with the above path as the current directory.
UNC paths are not supported.  Defaulting to Windows directory.
"../main.c", line 46: remark #1528-D: (ULP 3.1) Detected flag polling using UCA0IFG. Recommend using an interrupt combined with enter LPMx and ISR
"../main.c", line 78: warning #70-D: integer conversion resulted in truncation
"../main.c", line 79: warning #70-D: integer conversion resulted in truncation
"../main.c", line 80: warning #70-D: integer conversion resulted in truncation
"../main.c", line 81: warning #70-D: integer conversion resulted in truncation
"../main.c", line 82: warning #70-D: integer conversion resulted in truncation
"../main.c", line 83: warning #70-D: integer conversion resulted in truncation
"../main.c", line 23: remark #1534-D: (ULP 7.1) Detected use of global variable "uartPos" within one function "EUSCIA0_IRQHandler". Recommend placing variable in the function locally
\\CETSTUDENTS.AD.RIT.EDU\Students\ebk7188\Elie_Kalouche_CPET253\Labs\Hand\Debug
CMD.EXE was started with the above path as the current directory.
UNC paths are not supported.  Defaulting to Windows directory.
\\CETSTUDENTS.AD.RIT.EDU\Students\ebk7188\Elie_Kalouche_CPET253\Labs\Hand\Debug
CMD.EXE was started with the above path as the current directory.
UNC paths are not supported.  Defaulting to Windows directory.
\\CETSTUDENTS.AD.RIT.EDU\Students\ebk7188\Elie_Kalouche_CPET253\Labs\Hand\Debug
CMD.EXE was started with the above path as the current directory.
UNC paths are not supported.  Defaulting to Windows directory.
\\CETSTUDENTS.AD.RIT.EDU\Students\ebk7188\Elie_Kalouche_CPET253\Labs\Hand\Debug
CMD.EXE was started with the above path as the current directory.
UNC paths are not supported.  Defaulting to Windows directory.
Finished building: "../main.c"
 
Building target: "Hand.out"
Invoking: Arm Linker
"C:/ti/ccs1271/ccs/tools/compiler/ti-cgt-arm_20.2.7.LTS/bin/armcl" -mv7M4 --code_state=16 --float_support=FPv4SPD16 -me --advice:power=all --define=__MSP432P401R__ --define=ccs -g --gcc --diag_warning=225 --diag_wrap=off --display_error_number --abi=eabi -z -m"Hand.map" --heap_size=1024 --stack_size=512 -i"C:/ti/ccs1271/ccs/ccs_base/arm/include" -i"C:/ti/ccs1271/ccs/tools/compiler/ti-cgt-arm_20.2.7.LTS/lib" -i"C:/ti/ccs1271/ccs/tools/compiler/ti-cgt-arm_20.2.7.LTS/include" --reread_libs --diag_wrap=off --display_error_number --warn_sections --xml_link_info="Hand_linkInfo.xml" --rom_model -o "Hand.out" "./AP.obj" "./Clock.obj" "./CortexM.obj" "./GPIO.obj" "./Init_Ports.obj" "./Init_Timers.obj" "./SSD1306.obj" "./UART0.obj" "./UART1.obj" "./main.obj" "./startup_msp432p401r_ccs.obj" "./system_msp432p401r.obj" "../msp432p401r.cmd"  -llibc.a 
<Linking>
remark #10371-D: (ULP 1.1) Detected no uses of low power mode state changing instructions
remark #10372-D: (ULP 4.1) Detected uninitialized Port 1 in this project. Recommend initializing all unused ports to eliminate wasted current consumption on unused pins.
remark #10372-D: (ULP 4.1) Detected uninitialized Port 2 in this project. Recommend initializing all unused ports to eliminate wasted current consumption on unused pins.
remark #10372-D: (ULP 4.1) Detected uninitialized Port 3 in this project. Recommend initializing all unused ports to eliminate wasted current consumption on unused pins.
remark #10372-D: (ULP 4.1) Detected uninitialized Port 4 in this project. Recommend initializing all unused ports to eliminate wasted current consumption on unused pins.
remark #10372-D: (ULP 4.1) Detected uninitialized Port 5 in this project. Recommend initializing all unused ports to eliminate wasted current consumption on unused pins.
remark #10372-D: (ULP 4.1) Detected uninitialized Port 6 in this project. Recommend initializing all unused ports to eliminate wasted current consumption on unused pins.
remark #10372-D: (ULP 4.1) Detected uninitialized Port 7 in this project. Recommend initializing all unused ports to eliminate wasted current consumption on unused pins.
remark #10372-D: (ULP 4.1) Detected uninitialized Port 8 in this project. Recommend initializing all unused ports to eliminate wasted current consumption on unused pins.
remark #10372-D: (ULP 4.1) Detected uninitialized Port 9 in this project. Recommend initializing all unused ports to eliminate wasted current consumption on unused pins.
remark #10372-D: (ULP 4.1) Detected uninitialized Port 10 in this project. Recommend initializing all unused ports to eliminate wasted current consumption on unused pins.
\\CETSTUDENTS.AD.RIT.EDU\Students\ebk7188\Elie_Kalouche_CPET253\Labs\Hand\Debug
CMD.EXE was started with the above path as the current directory.
UNC paths are not supported.  Defaulting to Windows directory.
\\CETSTUDENTS.AD.RIT.EDU\Students\ebk7188\Elie_Kalouche_CPET253\Labs\Hand\Debug
CMD.EXE was started with the above path as the current directory.
UNC paths are not supported.  Defaulting to Windows directory.
Finished building target: "Hand.out"
 

**** Build Finished ****
