
**** Build of configuration Debug for project Lab8 ****

"C:\\ti\\ccs1281\\ccs\\utils\\bin\\gmake" -k -j 20 all -O 
 
Building file: "../CortexM.c"
Invoking: Arm Compiler
"C:/ti/ccs1281/ccs/tools/compiler/ti-cgt-arm_20.2.7.LTS/bin/armcl" -mv7M4 --code_state=16 --float_support=FPv4SPD16 -me --include_path="C:/ti/ccs1281/ccs/ccs_base/arm/include" --include_path="C:/ti/ccs1281/ccs/ccs_base/arm/include/CMSIS" --include_path="S:/Elie_Kalouche_CPET253/Labs/Lab8" --include_path="C:/ti/ccs1281/ccs/tools/compiler/ti-cgt-arm_20.2.7.LTS/include" --advice:power=all --define=__MSP432P401R__ --define=ccs -g --gcc --diag_warning=225 --diag_wrap=off --display_error_number --abi=eabi --preproc_with_compile --preproc_dependency="CortexM.d_raw"  "../CortexM.c"
Finished building: "../CortexM.c"
 
Building file: "../startup_msp432p401r_ccs.c"
Invoking: Arm Compiler
"C:/ti/ccs1281/ccs/tools/compiler/ti-cgt-arm_20.2.7.LTS/bin/armcl" -mv7M4 --code_state=16 --float_support=FPv4SPD16 -me --include_path="C:/ti/ccs1281/ccs/ccs_base/arm/include" --include_path="C:/ti/ccs1281/ccs/ccs_base/arm/include/CMSIS" --include_path="S:/Elie_Kalouche_CPET253/Labs/Lab8" --include_path="C:/ti/ccs1281/ccs/tools/compiler/ti-cgt-arm_20.2.7.LTS/include" --advice:power=all --define=__MSP432P401R__ --define=ccs -g --gcc --diag_warning=225 --diag_wrap=off --display_error_number --abi=eabi --preproc_with_compile --preproc_dependency="startup_msp432p401r_ccs.d_raw"  "../startup_msp432p401r_ccs.c"
Finished building: "../startup_msp432p401r_ccs.c"
 
Building file: "../Init_Timers.c"
Invoking: Arm Compiler
"C:/ti/ccs1281/ccs/tools/compiler/ti-cgt-arm_20.2.7.LTS/bin/armcl" -mv7M4 --code_state=16 --float_support=FPv4SPD16 -me --include_path="C:/ti/ccs1281/ccs/ccs_base/arm/include" --include_path="C:/ti/ccs1281/ccs/ccs_base/arm/include/CMSIS" --include_path="S:/Elie_Kalouche_CPET253/Labs/Lab8" --include_path="C:/ti/ccs1281/ccs/tools/compiler/ti-cgt-arm_20.2.7.LTS/include" --advice:power=all --define=__MSP432P401R__ --define=ccs -g --gcc --diag_warning=225 --diag_wrap=off --display_error_number --abi=eabi --preproc_with_compile --preproc_dependency="Init_Timers.d_raw"  "../Init_Timers.c"
Finished building: "../Init_Timers.c"
 
Building file: "../Clock.c"
Invoking: Arm Compiler
"C:/ti/ccs1281/ccs/tools/compiler/ti-cgt-arm_20.2.7.LTS/bin/armcl" -mv7M4 --code_state=16 --float_support=FPv4SPD16 -me --include_path="C:/ti/ccs1281/ccs/ccs_base/arm/include" --include_path="C:/ti/ccs1281/ccs/ccs_base/arm/include/CMSIS" --include_path="S:/Elie_Kalouche_CPET253/Labs/Lab8" --include_path="C:/ti/ccs1281/ccs/tools/compiler/ti-cgt-arm_20.2.7.LTS/include" --advice:power=all --define=__MSP432P401R__ --define=ccs -g --gcc --diag_warning=225 --diag_wrap=off --display_error_number --abi=eabi --preproc_with_compile --preproc_dependency="Clock.d_raw"  "../Clock.c"
Finished building: "../Clock.c"
 
Building file: "../Init_Ports.c"
Invoking: Arm Compiler
"C:/ti/ccs1281/ccs/tools/compiler/ti-cgt-arm_20.2.7.LTS/bin/armcl" -mv7M4 --code_state=16 --float_support=FPv4SPD16 -me --include_path="C:/ti/ccs1281/ccs/ccs_base/arm/include" --include_path="C:/ti/ccs1281/ccs/ccs_base/arm/include/CMSIS" --include_path="S:/Elie_Kalouche_CPET253/Labs/Lab8" --include_path="C:/ti/ccs1281/ccs/tools/compiler/ti-cgt-arm_20.2.7.LTS/include" --advice:power=all --define=__MSP432P401R__ --define=ccs -g --gcc --diag_warning=225 --diag_wrap=off --display_error_number --abi=eabi --preproc_with_compile --preproc_dependency="Init_Ports.d_raw"  "../Init_Ports.c"
Finished building: "../Init_Ports.c"
 
Building file: "../Motor.c"
Invoking: Arm Compiler
"C:/ti/ccs1281/ccs/tools/compiler/ti-cgt-arm_20.2.7.LTS/bin/armcl" -mv7M4 --code_state=16 --float_support=FPv4SPD16 -me --include_path="C:/ti/ccs1281/ccs/ccs_base/arm/include" --include_path="C:/ti/ccs1281/ccs/ccs_base/arm/include/CMSIS" --include_path="S:/Elie_Kalouche_CPET253/Labs/Lab8" --include_path="C:/ti/ccs1281/ccs/tools/compiler/ti-cgt-arm_20.2.7.LTS/include" --advice:power=all --define=__MSP432P401R__ --define=ccs -g --gcc --diag_warning=225 --diag_wrap=off --display_error_number --abi=eabi --preproc_with_compile --preproc_dependency="Motor.d_raw"  "../Motor.c"
Finished building: "../Motor.c"
 
Building file: "../Reflectance.c"
Invoking: Arm Compiler
"C:/ti/ccs1281/ccs/tools/compiler/ti-cgt-arm_20.2.7.LTS/bin/armcl" -mv7M4 --code_state=16 --float_support=FPv4SPD16 -me --include_path="C:/ti/ccs1281/ccs/ccs_base/arm/include" --include_path="C:/ti/ccs1281/ccs/ccs_base/arm/include/CMSIS" --include_path="S:/Elie_Kalouche_CPET253/Labs/Lab8" --include_path="C:/ti/ccs1281/ccs/tools/compiler/ti-cgt-arm_20.2.7.LTS/include" --advice:power=all --define=__MSP432P401R__ --define=ccs -g --gcc --diag_warning=225 --diag_wrap=off --display_error_number --abi=eabi --preproc_with_compile --preproc_dependency="Reflectance.d_raw"  "../Reflectance.c"
Finished building: "../Reflectance.c"
 
Building file: "../main.c"
Invoking: Arm Compiler
"C:/ti/ccs1281/ccs/tools/compiler/ti-cgt-arm_20.2.7.LTS/bin/armcl" -mv7M4 --code_state=16 --float_support=FPv4SPD16 -me --include_path="C:/ti/ccs1281/ccs/ccs_base/arm/include" --include_path="C:/ti/ccs1281/ccs/ccs_base/arm/include/CMSIS" --include_path="S:/Elie_Kalouche_CPET253/Labs/Lab8" --include_path="C:/ti/ccs1281/ccs/tools/compiler/ti-cgt-arm_20.2.7.LTS/include" --advice:power=all --define=__MSP432P401R__ --define=ccs -g --gcc --diag_warning=225 --diag_wrap=off --display_error_number --abi=eabi --preproc_with_compile --preproc_dependency="main.d_raw"  "../main.c"
"../main.c", line 31: warning #190-D: enumerated type mixed with another type
"../main.c", line 31: warning #69-D: integer conversion resulted in a change of sign
"../main.c", line 33: warning #179-D: variable "stateTimer" was declared but never referenced
"../main.c", line 40: remark #2623-D: (ULP 5.4) Detected an assignment to a type with size less than int. To avoid unnecessary sign extension, use int-sized types for local varaibles and convert to smaller types for static storage.
"../main.c", line 40: remark #2623-D: (ULP 5.4) Detected an assignment to a type with size less than int. To avoid unnecessary sign extension, use int-sized types for local varaibles and convert to smaller types for static storage.
Finished building: "../main.c"
 
Building file: "../system_msp432p401r.c"
Invoking: Arm Compiler
"C:/ti/ccs1281/ccs/tools/compiler/ti-cgt-arm_20.2.7.LTS/bin/armcl" -mv7M4 --code_state=16 --float_support=FPv4SPD16 -me --include_path="C:/ti/ccs1281/ccs/ccs_base/arm/include" --include_path="C:/ti/ccs1281/ccs/ccs_base/arm/include/CMSIS" --include_path="S:/Elie_Kalouche_CPET253/Labs/Lab8" --include_path="C:/ti/ccs1281/ccs/tools/compiler/ti-cgt-arm_20.2.7.LTS/include" --advice:power=all --define=__MSP432P401R__ --define=ccs -g --gcc --diag_warning=225 --diag_wrap=off --display_error_number --abi=eabi --preproc_with_compile --preproc_dependency="system_msp432p401r.d_raw"  "../system_msp432p401r.c"
"../system_msp432p401r.c", line 156: remark #2623-D: (ULP 5.4) Detected an assignment to a type with size less than int. To avoid unnecessary sign extension, use int-sized types for local varaibles and convert to smaller types for static storage.
"../system_msp432p401r.c", line 189: remark #2623-D: (ULP 5.4) Detected an assignment to a type with size less than int. To avoid unnecessary sign extension, use int-sized types for local varaibles and convert to smaller types for static storage.
Finished building: "../system_msp432p401r.c"
 
Building target: "Lab8.out"
Invoking: Arm Linker
"C:/ti/ccs1281/ccs/tools/compiler/ti-cgt-arm_20.2.7.LTS/bin/armcl" -mv7M4 --code_state=16 --float_support=FPv4SPD16 -me --advice:power=all --define=__MSP432P401R__ --define=ccs -g --gcc --diag_warning=225 --diag_wrap=off --display_error_number --abi=eabi -z -m"Lab8.map" --heap_size=1024 --stack_size=512 -i"C:/ti/ccs1281/ccs/ccs_base/arm/include" -i"C:/ti/ccs1281/ccs/tools/compiler/ti-cgt-arm_20.2.7.LTS/lib" -i"C:/ti/ccs1281/ccs/tools/compiler/ti-cgt-arm_20.2.7.LTS/include" --reread_libs --diag_wrap=off --display_error_number --warn_sections --xml_link_info="Lab8_linkInfo.xml" --rom_model -o "Lab8.out" "./Clock.obj" "./CortexM.obj" "./Init_Ports.obj" "./Init_Timers.obj" "./Motor.obj" "./Reflectance.obj" "./main.obj" "./startup_msp432p401r_ccs.obj" "./system_msp432p401r.obj" "../msp432p401r.cmd"  -llibc.a 
<Linking>
remark #10371-D: (ULP 1.1) Detected no uses of low power mode state changing instructions
remark #10372-D: (ULP 4.1) Detected uninitialized Port 1 in this project. Recommend initializing all unused ports to eliminate wasted current consumption on unused pins.
remark #10372-D: (ULP 4.1) Detected uninitialized Port 2 in this project. Recommend initializing all unused ports to eliminate wasted current consumption on unused pins.
remark #10372-D: (ULP 4.1) Detected uninitialized Port 3 in this project. Recommend initializing all unused ports to eliminate wasted current consumption on unused pins.
remark #10372-D: (ULP 4.1) Detected uninitialized Port 4 in this project. Recommend initializing all unused ports to eliminate wasted current consumption on unused pins.
remark #10372-D: (ULP 4.1) Detected uninitialized Port 5 in this project. Recommend initializing all unused ports to eliminate wasted current consumption on unused pins.
remark #10372-D: (ULP 4.1) Detected uninitialized Port 6 in this project. Recommend initializing all unused ports to eliminate wasted current consumption on unused pins.
remark #10372-D: (ULP 4.1) Detected uninitialized Port 7 in this project. Recommend initializing all unused ports to eliminate wasted current consumption on unused pins.
remark #10372-D: (ULP 4.1) Detected uninitialized Port 8 in this project. Recommend initializing all unused ports to eliminate wasted current consumption on unused pins.
remark #10372-D: (ULP 4.1) Detected uninitialized Port 9 in this project. Recommend initializing all unused ports to eliminate wasted current consumption on unused pins.
remark #10372-D: (ULP 4.1) Detected uninitialized Port 10 in this project. Recommend initializing all unused ports to eliminate wasted current consumption on unused pins.
Finished building target: "Lab8.out"
 

**** Build Finished ****
