******************************************************************************
                  TI ARM Linker PC v20.2.7                     
******************************************************************************
>> Linked Tue Mar 17 19:40:07 2026

OUTPUT FILE NAME:   <CompPractice2_0.out>
ENTRY POINT SYMBOL: "_c_int00_noargs"  address: 0000088d


MEMORY CONFIGURATION

         name            origin    length      used     unused   attr    fill
----------------------  --------  ---------  --------  --------  ----  --------
  MAIN                  00000000   00040000  00000904  0003f6fc  R  X
  INFO                  00200000   00004000  00000000  00004000  R  X
  SRAM_CODE             01000000   00010000  0000021c  0000fde4  RW X
  SRAM_DATA             20000000   00010000  0000021c  0000fde4  RW  


SEGMENT ALLOCATION MAP

run origin  load origin   length   init length attrs members
----------  ----------- ---------- ----------- ----- -------
00000000    00000000    00000908   00000908    r-x
  00000000    00000000    000000e4   000000e4    r-- .intvecs
  000000e4    000000e4    00000800   00000800    r-x .text
  000008e8    000008e8    00000020   00000020    r-- .cinit
20000000    20000000    0000001c   00000000    rw-
  20000000    20000000    0000001c   00000000    rw- .data
2000fe00    2000fe00    00000200   00000000    rw-
  2000fe00    2000fe00    00000200   00000000    rw- .stack


SECTION ALLOCATION MAP

 output                                  attributes/
section   page    origin      length       input sections
--------  ----  ----------  ----------   ----------------
.intvecs   0    00000000    000000e4     
                  00000000    000000e4     startup_msp432p401r_ccs.obj (.intvecs:retain)

.text      0    000000e4    00000800     
                  000000e4    00000334     system_msp432p401r.obj (.text)
                  00000418    000001e0     Clock.obj (.text)
                  000005f8    0000009c     rtsv7M4_T_le_v4SPD16_eabi.lib : memcpy_t2.asm.obj (.text)
                  00000694    00000094     Init_Ports.obj (.text)
                  00000728    00000080     Init_Timers.obj (.text)
                  000007a8    00000068     rtsv7M4_T_le_v4SPD16_eabi.lib : copy_decompress_lzss.c.obj (.text:decompress:lzss:__TI_decompress_lzss)
                  00000810    00000044                                   : autoinit.c.obj (.text:__TI_auto_init_nobinit_nopinit:__TI_auto_init_nobinit_nopinit)
                  00000854    00000038     main.obj (.text)
                  0000088c    00000034     rtsv7M4_T_le_v4SPD16_eabi.lib : boot_cortex_m.c.obj (.text:_c_int00_noargs:_c_int00_noargs)
                  000008c0    0000000e                                   : copy_decompress_none.c.obj (.text:decompress:none:__TI_decompress_none)
                  000008ce    0000000e     startup_msp432p401r_ccs.obj (.text)
                  000008dc    00000004     rtsv7M4_T_le_v4SPD16_eabi.lib : pre_init.c.obj (.text:_system_pre_init)
                  000008e0    00000004                                   : exit.c.obj (.text:abort:abort)

.cinit     0    000008e8    00000020     
                  000008e8    0000000d     (.cinit..data.load) [load image, compression = lzss]
                  000008f5    00000003     --HOLE-- [fill = 0]
                  000008f8    00000008     (__TI_handler_table)
                  00000900    00000008     (__TI_cinit_table)

.init_array 
*          0    00000000    00000000     UNINITIALIZED

.binit     0    00000000    00000000     

.data      0    20000000    0000001c     UNINITIALIZED
                  20000000    00000018     Clock.obj (.data)
                  20000018    00000004     system_msp432p401r.obj (.data)

.stack     0    2000fe00    00000200     UNINITIALIZED
                  2000fe00    00000004     rtsv7M4_T_le_v4SPD16_eabi.lib : boot_cortex_m.c.obj (.stack)
                  2000fe04    000001fc     --HOLE--

__llvm_prf_cnts 
*          0    20000000    00000000     UNINITIALIZED

MODULE SUMMARY

       Module                        code   ro data   rw data
       ------                        ----   -------   -------
    .\
       system_msp432p401r.obj        820    0         8      
       Clock.obj                     480    0         48     
       startup_msp432p401r_ccs.obj   14     228       0      
       Init_Ports.obj                148    0         0      
       Init_Timers.obj               128    0         0      
       main.obj                      56     0         0      
    +--+-----------------------------+------+---------+---------+
       Total:                        1646   228       56     
                                                             
    C:\ti\ccs1281\ccs\tools\compiler\ti-cgt-arm_20.2.7.LTS\lib\rtsv7M4_T_le_v4SPD16_eabi.lib
       memcpy_t2.asm.obj             156    0         0      
       copy_decompress_lzss.c.obj    104    0         0      
       autoinit.c.obj                68     0         0      
       boot_cortex_m.c.obj           52     0         0      
       copy_decompress_none.c.obj    14     0         0      
       exit.c.obj                    4      0         0      
       pre_init.c.obj                4      0         0      
    +--+-----------------------------+------+---------+---------+
       Total:                        402    0         0      
                                                             
       Stack:                        0      0         1024   
       Linker Generated:             0      29        0      
    +--+-----------------------------+------+---------+---------+
       Grand Total:                  2048   257       1080   


LINKER GENERATED COPY TABLES

__TI_cinit_table @ 00000900 records: 1, size/record: 8, table size: 8
	.data: load addr=000008e8, load size=0000000d bytes, run addr=20000000, run size=0000001c bytes, compression=lzss


LINKER GENERATED HANDLER TABLE

__TI_handler_table @ 000008f8 records: 2, size/record: 4, table size: 8
	index: 0, handler: __TI_decompress_lzss
	index: 1, handler: __TI_decompress_none


GLOBAL SYMBOLS: SORTED ALPHABETICALLY BY Name 

address   name                          
-------   ----                          
000008db  ADC14_IRQHandler              
000008db  AES256_IRQHandler             
000008db  BusFault_Handler              
000008e1  C$$EXIT                       
000008db  COMP_E0_IRQHandler            
000008db  COMP_E1_IRQHandler            
20000008  CPMwait                       
000008db  CS_IRQHandler                 
20000000  ClockFrequency                
0000056d  Clock_Delay1ms                
00000543  Clock_Delay1us                
0000052f  Clock_GetFreq                 
00000419  Clock_Init48MHz               
20000014  Crystalstable                 
000008db  DMA_ERR_IRQHandler            
000008db  DMA_INT0_IRQHandler           
000008db  DMA_INT1_IRQHandler           
000008db  DMA_INT2_IRQHandler           
000008db  DMA_INT3_IRQHandler           
000008db  DebugMon_Handler              
000008db  Default_Handler               
000008db  EUSCIA0_IRQHandler            
000008db  EUSCIA1_IRQHandler            
000008db  EUSCIA2_IRQHandler            
000008db  EUSCIA3_IRQHandler            
000008db  EUSCIB0_IRQHandler            
000008db  EUSCIB1_IRQHandler            
000008db  EUSCIB2_IRQHandler            
000008db  EUSCIB3_IRQHandler            
000008db  FLCTL_IRQHandler              
000008db  FPU_IRQHandler                
000008db  HardFault_Handler             
20000010  IFlags                        
000008db  MemManage_Handler             
000008db  NMI_Handler                   
000008db  PCM_IRQHandler                
000008db  PORT1_IRQHandler              
000008db  PORT2_IRQHandler              
000008db  PORT3_IRQHandler              
000008db  PORT4_IRQHandler              
000008db  PORT5_IRQHandler              
000008db  PORT6_IRQHandler              
000008db  PSS_IRQHandler                
000008db  PendSV_Handler                
00000701  Port10_Init                   
00000695  Port1_Init                    
000006b5  Port2_Init                    
000006b7  Port3_Init                    
000006b9  Port4_Init                    
000006bb  Port5_Init                    
000006db  Port6_Init                    
000006dd  Port7_Init                    
000006fd  Port8_Init                    
000006ff  Port9_Init                    
00000703  PortJ_Init                    
2000000c  Postwait                      
20000004  Prewait                       
000008db  RTC_C_IRQHandler              
000008cf  Reset_Handler                 
000008db  SVC_Handler                   
000008db  SysTick_Handler               
20000018  SystemCoreClock               
000000e5  SystemCoreClockUpdate         
0000035d  SystemInit                    
000008db  T32_INT1_IRQHandler           
000008db  T32_INT2_IRQHandler           
000008db  T32_INTC_IRQHandler           
000008db  TA0_0_IRQHandler              
000008db  TA0_N_IRQHandler              
000008db  TA1_0_IRQHandler              
000008db  TA1_N_IRQHandler              
000008db  TA2_0_IRQHandler              
000008db  TA2_N_IRQHandler              
000008db  TA3_0_IRQHandler              
000008db  TA3_N_IRQHandler              
00000729  TimerA0_Init                  
0000072b  TimerA1_Init                  
00000757  TimerA2_Init                  
0000077b  TimerA3_Init                  
000008db  UsageFault_Handler            
4000480c  WDTCTL_SYM                    
000008db  WDT_A_IRQHandler              
20010000  __STACK_END                   
00000200  __STACK_SIZE                  
00000900  __TI_CINIT_Base               
00000908  __TI_CINIT_Limit              
000008f8  __TI_Handler_Table_Base       
00000900  __TI_Handler_Table_Limit      
00000811  __TI_auto_init_nobinit_nopinit
000007a9  __TI_decompress_lzss          
000008c1  __TI_decompress_none          
ffffffff  __TI_pprof_out_hndl           
ffffffff  __TI_prof_data_size           
ffffffff  __TI_prof_data_start          
00000000  __TI_static_base__            
000005f9  __aeabi_memcpy                
000005f9  __aeabi_memcpy4               
000005f9  __aeabi_memcpy8               
ffffffff  __binit__                     
ffffffff  __c_args__                    
UNDEFED   __mpu_init                    
2000fe00  __stack                       
20000000  __start___llvm_prf_cnts       
20000000  __stop___llvm_prf_cnts        
0000088d  _c_int00_noargs               
UNDEFED   _system_post_cinit            
000008dd  _system_pre_init              
000008e1  abort                         
ffffffff  binit                         
00000535  delay                         
00000000  interruptVectors              
00000855  main                          
000005f9  memcpy                        


GLOBAL SYMBOLS: SORTED BY Symbol Address 

address   name                          
-------   ----                          
00000000  __TI_static_base__            
00000000  interruptVectors              
000000e5  SystemCoreClockUpdate         
00000200  __STACK_SIZE                  
0000035d  SystemInit                    
00000419  Clock_Init48MHz               
0000052f  Clock_GetFreq                 
00000535  delay                         
00000543  Clock_Delay1us                
0000056d  Clock_Delay1ms                
000005f9  __aeabi_memcpy                
000005f9  __aeabi_memcpy4               
000005f9  __aeabi_memcpy8               
000005f9  memcpy                        
00000695  Port1_Init                    
000006b5  Port2_Init                    
000006b7  Port3_Init                    
000006b9  Port4_Init                    
000006bb  Port5_Init                    
000006db  Port6_Init                    
000006dd  Port7_Init                    
000006fd  Port8_Init                    
000006ff  Port9_Init                    
00000701  Port10_Init                   
00000703  PortJ_Init                    
00000729  TimerA0_Init                  
0000072b  TimerA1_Init                  
00000757  TimerA2_Init                  
0000077b  TimerA3_Init                  
000007a9  __TI_decompress_lzss          
00000811  __TI_auto_init_nobinit_nopinit
00000855  main                          
0000088d  _c_int00_noargs               
000008c1  __TI_decompress_none          
000008cf  Reset_Handler                 
000008db  ADC14_IRQHandler              
000008db  AES256_IRQHandler             
000008db  BusFault_Handler              
000008db  COMP_E0_IRQHandler            
000008db  COMP_E1_IRQHandler            
000008db  CS_IRQHandler                 
000008db  DMA_ERR_IRQHandler            
000008db  DMA_INT0_IRQHandler           
000008db  DMA_INT1_IRQHandler           
000008db  DMA_INT2_IRQHandler           
000008db  DMA_INT3_IRQHandler           
000008db  DebugMon_Handler              
000008db  Default_Handler               
000008db  EUSCIA0_IRQHandler            
000008db  EUSCIA1_IRQHandler            
000008db  EUSCIA2_IRQHandler            
000008db  EUSCIA3_IRQHandler            
000008db  EUSCIB0_IRQHandler            
000008db  EUSCIB1_IRQHandler            
000008db  EUSCIB2_IRQHandler            
000008db  EUSCIB3_IRQHandler            
000008db  FLCTL_IRQHandler              
000008db  FPU_IRQHandler                
000008db  HardFault_Handler             
000008db  MemManage_Handler             
000008db  NMI_Handler                   
000008db  PCM_IRQHandler                
000008db  PORT1_IRQHandler              
000008db  PORT2_IRQHandler              
000008db  PORT3_IRQHandler              
000008db  PORT4_IRQHandler              
000008db  PORT5_IRQHandler              
000008db  PORT6_IRQHandler              
000008db  PSS_IRQHandler                
000008db  PendSV_Handler                
000008db  RTC_C_IRQHandler              
000008db  SVC_Handler                   
000008db  SysTick_Handler               
000008db  T32_INT1_IRQHandler           
000008db  T32_INT2_IRQHandler           
000008db  T32_INTC_IRQHandler           
000008db  TA0_0_IRQHandler              
000008db  TA0_N_IRQHandler              
000008db  TA1_0_IRQHandler              
000008db  TA1_N_IRQHandler              
000008db  TA2_0_IRQHandler              
000008db  TA2_N_IRQHandler              
000008db  TA3_0_IRQHandler              
000008db  TA3_N_IRQHandler              
000008db  UsageFault_Handler            
000008db  WDT_A_IRQHandler              
000008dd  _system_pre_init              
000008e1  C$$EXIT                       
000008e1  abort                         
000008f8  __TI_Handler_Table_Base       
00000900  __TI_CINIT_Base               
00000900  __TI_Handler_Table_Limit      
00000908  __TI_CINIT_Limit              
20000000  ClockFrequency                
20000000  __start___llvm_prf_cnts       
20000000  __stop___llvm_prf_cnts        
20000004  Prewait                       
20000008  CPMwait                       
2000000c  Postwait                      
20000010  IFlags                        
20000014  Crystalstable                 
20000018  SystemCoreClock               
2000fe00  __stack                       
20010000  __STACK_END                   
4000480c  WDTCTL_SYM                    
ffffffff  __TI_pprof_out_hndl           
ffffffff  __TI_prof_data_size           
ffffffff  __TI_prof_data_start          
ffffffff  __binit__                     
ffffffff  __c_args__                    
ffffffff  binit                         
UNDEFED   __mpu_init                    
UNDEFED   _system_post_cinit            

[113 symbols]
