------------------------------------------------------------
Timing Analyzer Summary
------------------------------------------------------------

Type  : Slow 1100mV 85C Model Setup 'Clk'
Slack : -3.279
TNS   : -48.681

Type  : Slow 1100mV 85C Model Hold 'Clk'
Slack : 0.462
TNS   : 0.000

Type  : Slow 1100mV 85C Model Minimum Pulse Width 'Clk'
Slack : -0.538
TNS   : -17.004

Type  : Slow 1100mV 0C Model Setup 'Clk'
Slack : -3.475
TNS   : -50.311

Type  : Slow 1100mV 0C Model Hold 'Clk'
Slack : 0.490
TNS   : 0.000

Type  : Slow 1100mV 0C Model Minimum Pulse Width 'Clk'
Slack : -0.538
TNS   : -16.000

Type  : Fast 1100mV 85C Model Setup 'Clk'
Slack : -0.980
TNS   : -14.062

Type  : Fast 1100mV 85C Model Hold 'Clk'
Slack : 0.183
TNS   : 0.000

Type  : Fast 1100mV 85C Model Minimum Pulse Width 'Clk'
Slack : -0.286
TNS   : -5.738

Type  : Fast 1100mV 0C Model Setup 'Clk'
Slack : -0.847
TNS   : -11.587

Type  : Fast 1100mV 0C Model Hold 'Clk'
Slack : 0.170
TNS   : 0.000

Type  : Fast 1100mV 0C Model Minimum Pulse Width 'Clk'
Slack : -0.271
TNS   : -5.432

------------------------------------------------------------
