******************************************************************************
                  TI ARM Linker PC v20.2.7                     
******************************************************************************
>> Linked Fri May  1 03:58:06 2026

OUTPUT FILE NAME:   <Hand.out>
ENTRY POINT SYMBOL: "_c_int00_noargs"  address: 000010c5


MEMORY CONFIGURATION

         name            origin    length      used     unused   attr    fill
----------------------  --------  ---------  --------  --------  ----  --------
  MAIN                  00000000   00040000  00001170  0003ee90  R  X
  INFO                  00200000   00004000  00000000  00004000  R  X
  SRAM_CODE             01000000   00010000  0000074a  0000f8b6  RW X
  SRAM_DATA             20000000   00010000  0000074a  0000f8b6  RW  


SEGMENT ALLOCATION MAP

run origin  load origin   length   init length attrs members
----------  ----------- ---------- ----------- ----- -------
00000000    00000000    00001170   00001170    r-x
  00000000    00000000    000000e4   000000e4    r-- .intvecs
  000000e4    000000e4    00001054   00001054    r-x .text
  00001138    00001138    00000038   00000038    r-- .cinit
20000000    20000000    0000054a   00000000    rw-
  20000000    20000000    00000400   00000000    rw- .sysmem
  20000400    20000400    0000012c   00000000    rw- .bss
  2000052c    2000052c    0000001e   00000000    rw- .data
2000fe00    2000fe00    00000200   00000000    rw-
  2000fe00    2000fe00    00000200   00000000    rw- .stack


SECTION ALLOCATION MAP

 output                                  attributes/
section   page    origin      length       input sections
--------  ----  ----------  ----------   ----------------
.intvecs   0    00000000    000000e4     
                  00000000    000000e4     startup_msp432p401r_ccs.obj (.intvecs:retain)

.text      0    000000e4    00001054     
                  000000e4    00000668     main.obj (.text)
                  0000074c    00000334     system_msp432p401r.obj (.text)
                  00000a80    000001e0     Clock.obj (.text)
                  00000c60    000001a4     UART1.obj (.text)
                  00000e04    000000f4     Init_Timers.obj (.text)
                  00000ef8    0000009c     rtsv7M4_T_le_v4SPD16_eabi.lib : memcpy_t2.asm.obj (.text)
                  00000f94    00000084     Init_Ports.obj (.text)
                  00001018    00000068     rtsv7M4_T_le_v4SPD16_eabi.lib : copy_decompress_lzss.c.obj (.text:decompress:lzss:__TI_decompress_lzss)
                  00001080    00000044                                   : autoinit.c.obj (.text:__TI_auto_init_nobinit_nopinit:__TI_auto_init_nobinit_nopinit)
                  000010c4    00000034                                   : boot_cortex_m.c.obj (.text:_c_int00_noargs:_c_int00_noargs)
                  000010f8    0000001c                                   : copy_zero_init.c.obj (.text:decompress:ZI:__TI_zero_init_nomemset:__TI_zero_init_nomemset)
                  00001114    0000000e                                   : copy_decompress_none.c.obj (.text:decompress:none:__TI_decompress_none)
                  00001122    0000000e     startup_msp432p401r_ccs.obj (.text)
                  00001130    00000004     rtsv7M4_T_le_v4SPD16_eabi.lib : pre_init.c.obj (.text:_system_pre_init)
                  00001134    00000004                                   : exit.c.obj (.text:abort:abort)

.cinit     0    00001138    00000038     
                  00001138    0000000d     (.cinit..data.load) [load image, compression = lzss]
                  00001145    00000003     --HOLE-- [fill = 0]
                  00001148    0000000c     (__TI_handler_table)
                  00001154    00000004     --HOLE-- [fill = 0]
                  00001158    00000008     (.cinit..bss.load) [load image, compression = zero_init]
                  00001160    00000010     (__TI_cinit_table)

.init_array 
*          0    00000000    00000000     UNINITIALIZED

.binit     0    00000000    00000000     

.sysmem    0    20000000    00000400     UNINITIALIZED
                  20000000    00000010     rtsv7M4_T_le_v4SPD16_eabi.lib : memory.c.obj (.sysmem)
                  20000010    000003f0     --HOLE--

.bss       0    20000400    0000012c     UNINITIALIZED
                  20000400    00000100     (.common:RxFIFO)
                  20000500    00000020     main.obj (.bss:uartBuf)
                  20000520    00000004     (.common:RxFifoLost)
                  20000524    00000004     (.common:RxGetI)
                  20000528    00000004     (.common:RxPutI)

.data      0    2000052c    0000001e     UNINITIALIZED
                  2000052c    00000018     Clock.obj (.data)
                  20000544    00000004     system_msp432p401r.obj (.data)
                  20000548    00000002     main.obj (.data)

.stack     0    2000fe00    00000200     UNINITIALIZED
                  2000fe00    00000004     rtsv7M4_T_le_v4SPD16_eabi.lib : boot_cortex_m.c.obj (.stack)
                  2000fe04    000001fc     --HOLE--

__llvm_prf_cnts 
*          0    20000000    00000000     UNINITIALIZED

MODULE SUMMARY

       Module                        code   ro data   rw data
       ------                        ----   -------   -------
    .\
       main.obj                      1640   0         68     
       UART1.obj                     420    0         536    
       system_msp432p401r.obj        820    0         8      
       Clock.obj                     480    0         48     
       Init_Timers.obj               244    0         0      
       startup_msp432p401r_ccs.obj   14     228       0      
       Init_Ports.obj                132    0         0      
    +--+-----------------------------+------+---------+---------+
       Total:                        3750   228       660    
                                                             
    C:\ti\ccs1271\ccs\tools\compiler\ti-cgt-arm_20.2.7.LTS\lib\rtsv7M4_T_le_v4SPD16_eabi.lib
       memcpy_t2.asm.obj             156    0         0      
       copy_decompress_lzss.c.obj    104    0         0      
       autoinit.c.obj                68     0         0      
       boot_cortex_m.c.obj           52     0         0      
       copy_zero_init.c.obj          28     0         0      
       copy_decompress_none.c.obj    14     0         0      
       exit.c.obj                    4      0         0      
       pre_init.c.obj                4      0         0      
    +--+-----------------------------+------+---------+---------+
       Total:                        430    0         0      
                                                             
       Heap:                         0      0         2048   
       Stack:                        0      0         1024   
       Linker Generated:             0      49        0      
    +--+-----------------------------+------+---------+---------+
       Grand Total:                  4180   277       3732   


LINKER GENERATED COPY TABLES

__TI_cinit_table @ 00001160 records: 2, size/record: 8, table size: 16
	.data: load addr=00001138, load size=0000000d bytes, run addr=2000052c, run size=0000001e bytes, compression=lzss
	.bss: load addr=00001158, load size=00000008 bytes, run addr=20000400, run size=0000012c bytes, compression=zero_init


LINKER GENERATED HANDLER TABLE

__TI_handler_table @ 00001148 records: 3, size/record: 4, table size: 12
	index: 0, handler: __TI_decompress_lzss
	index: 1, handler: __TI_decompress_none
	index: 2, handler: __TI_zero_init


GLOBAL SYMBOLS: SORTED ALPHABETICALLY BY Name 

address   name                          
-------   ----                          
0000112f  ADC14_IRQHandler              
0000112f  AES256_IRQHandler             
0000112f  BusFault_Handler              
00001135  C$$EXIT                       
0000112f  COMP_E0_IRQHandler            
0000112f  COMP_E1_IRQHandler            
20000534  CPMwait                       
0000112f  CS_IRQHandler                 
2000052c  ClockFrequency                
00000bd5  Clock_Delay1ms                
00000bab  Clock_Delay1us                
00000b97  Clock_GetFreq                 
00000a81  Clock_Init48MHz               
000002eb  CloseHand                     
00000419  Count                         
20000540  Crystalstable                 
0000112f  DMA_ERR_IRQHandler            
0000112f  DMA_INT0_IRQHandler           
0000112f  DMA_INT1_IRQHandler           
0000112f  DMA_INT2_IRQHandler           
0000112f  DMA_INT3_IRQHandler           
0000112f  DebugMon_Handler              
0000112f  Default_Handler               
00000165  EUSCIA0_IRQHandler            
00000165  EUSCIA0_IRQHandler            
0000112f  EUSCIA1_IRQHandler            
00000d89  EUSCIA2_IRQHandler            
00000d89  EUSCIA2_IRQHandler            
0000112f  EUSCIA3_IRQHandler            
0000112f  EUSCIB0_IRQHandler            
0000112f  EUSCIB1_IRQHandler            
0000112f  EUSCIB2_IRQHandler            
0000112f  EUSCIB3_IRQHandler            
0000112f  FLCTL_IRQHandler              
0000112f  FPU_IRQHandler                
00000343  FlickOff                      
0000112f  HardFault_Handler             
2000053c  IFlags                        
0000112f  MemManage_Handler             
00000559  MoveHand                      
0000112f  NMI_Handler                   
000003f3  OpenCloseHand                 
000002b7  OpenHand                      
0000112f  PCM_IRQHandler                
0000112f  PORT1_IRQHandler              
0000112f  PORT2_IRQHandler              
0000112f  PORT3_IRQHandler              
0000112f  PORT4_IRQHandler              
0000112f  PORT5_IRQHandler              
0000112f  PORT6_IRQHandler              
0000112f  PSS_IRQHandler                
0000036f  Peace                         
0000112f  PendSV_Handler                
00000317  Point                         
00000fd5  Port10_Init                   
00000f95  Port7_Init                    
00000fb5  Port9_Init                    
20000538  Postwait                      
20000530  Prewait                       
0000112f  RTC_C_IRQHandler              
00001123  Reset_Handler                 
20000400  RxFIFO                        
20000520  RxFifoLost                    
00000cb9  RxFifo_Get                    
00000c61  RxFifo_Init                   
00000c73  RxFifo_Put                    
20000524  RxGetI                        
20000528  RxPutI                        
0000112f  SVC_Handler                   
000001d3  Servo1                        
000001f9  Servo2                        
0000021f  Servo3                        
00000245  Servo4                        
0000026b  Servo5                        
00000291  Servo6                        
000004a9  StrEqualCI                    
0000112f  SysTick_Handler               
20000544  SystemCoreClock               
0000074d  SystemCoreClockUpdate         
000009c5  SystemInit                    
0000112f  T32_INT1_IRQHandler           
0000112f  T32_INT2_IRQHandler           
0000112f  T32_INTC_IRQHandler           
0000112f  TA0_0_IRQHandler              
0000112f  TA0_N_IRQHandler              
0000112f  TA1_0_IRQHandler              
0000112f  TA1_N_IRQHandler              
0000112f  TA2_0_IRQHandler              
0000112f  TA2_N_IRQHandler              
0000112f  TA3_0_IRQHandler              
0000112f  TA3_N_IRQHandler              
0000039b  Three                         
000003c7  Thumbs                        
00000e05  TimerA1_Init                  
00000e65  TimerA3_Init                  
000000e5  UART0_Init_9600               
0000012d  UART0_SendChar                
00000149  UART0_SendString              
00000dbd  UART1_FinishOutput            
00000d5b  UART1_InChar                  
00000cef  UART1_InStatus                
00000cff  UART1_Init                    
00000d6d  UART1_OutChar                 
00000d9f  UART1_OutString               
0000112f  UsageFault_Handler            
4000480c  WDTCTL_SYM                    
0000112f  WDT_A_IRQHandler              
20010000  __STACK_END                   
00000200  __STACK_SIZE                  
00000400  __SYSMEM_SIZE                 
00001160  __TI_CINIT_Base               
00001170  __TI_CINIT_Limit              
00001148  __TI_Handler_Table_Base       
00001154  __TI_Handler_Table_Limit      
00001081  __TI_auto_init_nobinit_nopinit
00001019  __TI_decompress_lzss          
00001115  __TI_decompress_none          
ffffffff  __TI_pprof_out_hndl           
ffffffff  __TI_prof_data_size           
ffffffff  __TI_prof_data_start          
00000000  __TI_static_base__            
000010f9  __TI_zero_init_nomemset       
00000ef9  __aeabi_memcpy                
00000ef9  __aeabi_memcpy4               
00000ef9  __aeabi_memcpy8               
ffffffff  __binit__                     
ffffffff  __c_args__                    
UNDEFED   __mpu_init                    
2000fe00  __stack                       
20000000  __start___llvm_prf_cnts       
20000000  __stop___llvm_prf_cnts        
000010c5  _c_int00_noargs               
20000000  _sys_memory                   
UNDEFED   _system_post_cinit            
00001131  _system_pre_init              
00001135  abort                         
ffffffff  binit                         
00000b9d  delay                         
00000000  interruptVectors              
20000549  lineReady                     
000005f5  main                          
00000ef9  memcpy                        


GLOBAL SYMBOLS: SORTED BY Symbol Address 

address   name                          
-------   ----                          
00000000  __TI_static_base__            
00000000  interruptVectors              
000000e5  UART0_Init_9600               
0000012d  UART0_SendChar                
00000149  UART0_SendString              
00000165  EUSCIA0_IRQHandler            
00000165  EUSCIA0_IRQHandler            
000001d3  Servo1                        
000001f9  Servo2                        
00000200  __STACK_SIZE                  
0000021f  Servo3                        
00000245  Servo4                        
0000026b  Servo5                        
00000291  Servo6                        
000002b7  OpenHand                      
000002eb  CloseHand                     
00000317  Point                         
00000343  FlickOff                      
0000036f  Peace                         
0000039b  Three                         
000003c7  Thumbs                        
000003f3  OpenCloseHand                 
00000400  __SYSMEM_SIZE                 
00000419  Count                         
000004a9  StrEqualCI                    
00000559  MoveHand                      
000005f5  main                          
0000074d  SystemCoreClockUpdate         
000009c5  SystemInit                    
00000a81  Clock_Init48MHz               
00000b97  Clock_GetFreq                 
00000b9d  delay                         
00000bab  Clock_Delay1us                
00000bd5  Clock_Delay1ms                
00000c61  RxFifo_Init                   
00000c73  RxFifo_Put                    
00000cb9  RxFifo_Get                    
00000cef  UART1_InStatus                
00000cff  UART1_Init                    
00000d5b  UART1_InChar                  
00000d6d  UART1_OutChar                 
00000d89  EUSCIA2_IRQHandler            
00000d89  EUSCIA2_IRQHandler            
00000d9f  UART1_OutString               
00000dbd  UART1_FinishOutput            
00000e05  TimerA1_Init                  
00000e65  TimerA3_Init                  
00000ef9  __aeabi_memcpy                
00000ef9  __aeabi_memcpy4               
00000ef9  __aeabi_memcpy8               
00000ef9  memcpy                        
00000f95  Port7_Init                    
00000fb5  Port9_Init                    
00000fd5  Port10_Init                   
00001019  __TI_decompress_lzss          
00001081  __TI_auto_init_nobinit_nopinit
000010c5  _c_int00_noargs               
000010f9  __TI_zero_init_nomemset       
00001115  __TI_decompress_none          
00001123  Reset_Handler                 
0000112f  ADC14_IRQHandler              
0000112f  AES256_IRQHandler             
0000112f  BusFault_Handler              
0000112f  COMP_E0_IRQHandler            
0000112f  COMP_E1_IRQHandler            
0000112f  CS_IRQHandler                 
0000112f  DMA_ERR_IRQHandler            
0000112f  DMA_INT0_IRQHandler           
0000112f  DMA_INT1_IRQHandler           
0000112f  DMA_INT2_IRQHandler           
0000112f  DMA_INT3_IRQHandler           
0000112f  DebugMon_Handler              
0000112f  Default_Handler               
0000112f  EUSCIA1_IRQHandler            
0000112f  EUSCIA3_IRQHandler            
0000112f  EUSCIB0_IRQHandler            
0000112f  EUSCIB1_IRQHandler            
0000112f  EUSCIB2_IRQHandler            
0000112f  EUSCIB3_IRQHandler            
0000112f  FLCTL_IRQHandler              
0000112f  FPU_IRQHandler                
0000112f  HardFault_Handler             
0000112f  MemManage_Handler             
0000112f  NMI_Handler                   
0000112f  PCM_IRQHandler                
0000112f  PORT1_IRQHandler              
0000112f  PORT2_IRQHandler              
0000112f  PORT3_IRQHandler              
0000112f  PORT4_IRQHandler              
0000112f  PORT5_IRQHandler              
0000112f  PORT6_IRQHandler              
0000112f  PSS_IRQHandler                
0000112f  PendSV_Handler                
0000112f  RTC_C_IRQHandler              
0000112f  SVC_Handler                   
0000112f  SysTick_Handler               
0000112f  T32_INT1_IRQHandler           
0000112f  T32_INT2_IRQHandler           
0000112f  T32_INTC_IRQHandler           
0000112f  TA0_0_IRQHandler              
0000112f  TA0_N_IRQHandler              
0000112f  TA1_0_IRQHandler              
0000112f  TA1_N_IRQHandler              
0000112f  TA2_0_IRQHandler              
0000112f  TA2_N_IRQHandler              
0000112f  TA3_0_IRQHandler              
0000112f  TA3_N_IRQHandler              
0000112f  UsageFault_Handler            
0000112f  WDT_A_IRQHandler              
00001131  _system_pre_init              
00001135  C$$EXIT                       
00001135  abort                         
00001148  __TI_Handler_Table_Base       
00001154  __TI_Handler_Table_Limit      
00001160  __TI_CINIT_Base               
00001170  __TI_CINIT_Limit              
20000000  __start___llvm_prf_cnts       
20000000  __stop___llvm_prf_cnts        
20000000  _sys_memory                   
20000400  RxFIFO                        
20000520  RxFifoLost                    
20000524  RxGetI                        
20000528  RxPutI                        
2000052c  ClockFrequency                
20000530  Prewait                       
20000534  CPMwait                       
20000538  Postwait                      
2000053c  IFlags                        
20000540  Crystalstable                 
20000544  SystemCoreClock               
20000549  lineReady                     
2000fe00  __stack                       
20010000  __STACK_END                   
4000480c  WDTCTL_SYM                    
ffffffff  __TI_pprof_out_hndl           
ffffffff  __TI_prof_data_size           
ffffffff  __TI_prof_data_start          
ffffffff  __binit__                     
ffffffff  __c_args__                    
ffffffff  binit                         
UNDEFED   __mpu_init                    
UNDEFED   _system_post_cinit            

[142 symbols]
