******************************************************************************
                  TI ARM Linker PC v20.2.7                     
******************************************************************************
>> Linked Thu Apr 30 22:44:24 2026

OUTPUT FILE NAME:   <Lab7_Comb.out>
ENTRY POINT SYMBOL: "_c_int00_noargs"  address: 00005b9d


MEMORY CONFIGURATION

         name            origin    length      used     unused   attr    fill
----------------------  --------  ---------  --------  --------  ----  --------
  MAIN                  00000000   00040000  000061a0  00039e60  R  X
  INFO                  00200000   00004000  00000000  00004000  R  X
  SRAM_CODE             01000000   00010000  00001161  0000ee9f  RW X
  SRAM_DATA             20000000   00010000  00001161  0000ee9f  RW  


SEGMENT ALLOCATION MAP

run origin  load origin   length   init length attrs members
----------  ----------- ---------- ----------- ----- -------
00000000    00000000    000061a0   000061a0    r-x
  00000000    00000000    000000e4   000000e4    r-- .intvecs
  000000e4    000000e4    00005cec   00005cec    r-x .text
  00005dd0    00005dd0    00000290   00000290    r-- .const
  00006060    00006060    00000140   00000140    r-- .cinit
20000000    20000000    00000f68   00000000    rw-
  20000000    20000000    00000869   00000000    rw- .bss
  20000870    20000870    00000400   00000000    rw- .sysmem
  20000c70    20000c70    000002f8   00000000    rw- .data
2000fe00    2000fe00    00000200   00000000    rw-
  2000fe00    2000fe00    00000200   00000000    rw- .stack


SECTION ALLOCATION MAP

 output                                  attributes/
section   page    origin      length       input sections
--------  ----  ----------  ----------   ----------------
.intvecs   0    00000000    000000e4     
                  00000000    000000e4     startup_msp432p401r_ccs.obj (.intvecs:retain)

.text      0    000000e4    00005cec     
                  000000e4    0000184c     SSD1306.obj (.text)
                  00001930    0000100c     AP.obj (.text)
                  0000293c    000009d0     rtsv7M4_T_le_v4SPD16_eabi.lib : e_pow.c.obj (.text:pow)
                  0000330c    000006cc     UART0.obj (.text)
                  000039d8    00000334     system_msp432p401r.obj (.text)
                  00003d0c    0000021c     Lab7_BLEmain.obj (.text)
                  00003f28    000001e0     Clock.obj (.text)
                  00004108    000001b6     rtsv7M4_T_le_v4SPD16_eabi.lib : fd_add_t2.asm.obj (.text)
                  000042be    00000002                                   : _lock.c.obj (.text:_nop)
                  000042c0    000001a4     UART1.obj (.text)
                  00004464    00000190     Motor.obj (.text)
                  000045f4    00000158     Init_Ports.obj (.text)
                  0000474c    00000158     rtsv7M4_T_le_v4SPD16_eabi.lib : e_sqrt.c.obj (.text:sqrt)
                  000048a4    00000136                                   : fd_div_t2.asm.obj (.text)
                  000049da    00000002     --HOLE-- [fill = 0]
                  000049dc    00000110                                   : fopen.c.obj (.text:_openfile)
                  00004aec    00000110                                   : s_scalbn.c.obj (.text:scalbn)
                  00004bfc    00000100                                   : memory.c.obj (.text:aligned_alloc)
                  00004cfc    000000fc                                   : fd_mul_t2.asm.obj (.text)
                  00004df8    000000e4                                   : memory.c.obj (.text:free)
                  00004edc    000000dc                                   : setvbuf.c.obj (.text:setvbuf)
                  00004fb8    000000c0     GPIO.obj (.text)
                  00005078    000000bc     rtsv7M4_T_le_v4SPD16_eabi.lib : open.c.obj (.text:open)
                  00005134    000000b8                                   : add_device.c.obj (.text:add_device)
                  000051ec    000000a0     Init_Timers.obj (.text)
                  0000528c    0000009c     rtsv7M4_T_le_v4SPD16_eabi.lib : fopen.c.obj (.text:fopen)
                  00005328    0000009c                                   : memcpy_t2.asm.obj (.text)
                  000053c4    00000086                                   : fd_cmp_t2.asm.obj (.text:__aeabi_cdcmple)
                  0000544a    00000086                                   : fd_cmp_t2.asm.obj (.text:__aeabi_cdrcmple)
                  000054d0    0000007a                                   : memset_t2.asm.obj (.text)
                  0000554a    00000002     --HOLE-- [fill = 0]
                  0000554c    00000074                                   : fclose.c.obj (.text:__TI_closefile)
                  000055c0    00000070                                   : memory.c.obj (.text:split)
                  00005630    0000006c                                   : hostrename.c.obj (.text:HOSTrename)
                  0000569c    00000068                                   : hostlseek.c.obj (.text:HOSTlseek)
                  00005704    00000068                                   : copy_decompress_lzss.c.obj (.text:decompress:lzss:__TI_decompress_lzss)
                  0000576c    00000060                                   : hostopen.c.obj (.text:HOSTopen)
                  000057cc    0000005c                                   : close.c.obj (.text:close)
                  00005828    00000058                                   : hostread.c.obj (.text:HOSTread)
                  00005880    00000058                                   : hostwrite.c.obj (.text:HOSTwrite)
                  000058d8    0000004c                                   : fflush.c.obj (.text:__TI_doflush)
                  00005924    00000048                                   : exit.c.obj (.text:exit)
                  0000596c    00000048                                   : fd_toi_t2.asm.obj (.text)
                  000059b4    00000044                                   : hostclose.c.obj (.text:HOSTclose)
                  000059f8    00000044                                   : hostunlink.c.obj (.text:HOSTunlink)
                  00005a3c    00000044                                   : autoinit.c.obj (.text:__TI_auto_init_nobinit_nopinit:__TI_auto_init_nobinit_nopinit)
                  00005a80    00000044                                   : getdevice.c.obj (.text:getdevice)
                  00005ac4    00000038                                   : trgmsg.c.obj (.text:__TI_writemsg)
                  00005afc    00000036                                   : strncpy.c.obj (.text:strncpy)
                  00005b32    00000002     --HOLE-- [fill = 0]
                  00005b34    00000034                                   : fopen.c.obj (.text:__TI_cleanup)
                  00005b68    00000034                                   : trgmsg.c.obj (.text:__TI_readmsg)
                  00005b9c    00000034                                   : boot_cortex_m.c.obj (.text:_c_int00_noargs:_c_int00_noargs)
                  00005bd0    00000034                                   : fopen.c.obj (.text:freopen)
                  00005c04    00000030                                   : getdevice.c.obj (.text:finddevice)
                  00005c34    0000002e                                   : i_tofd_t2.asm.obj (.text)
                  00005c62    00000002     --HOLE-- [fill = 0]
                  00005c64    0000002c                                   : unlink.c.obj (.text:unlink)
                  00005c90    00000028                                   : memory.c.obj (.text:free_list_insert)
                  00005cb8    00000028                                   : write.c.obj (.text:write)
                  00005ce0    00000024     CortexM.obj (.text)
                  00005d04    0000001c     rtsv7M4_T_le_v4SPD16_eabi.lib : memory.c.obj (.text:free_list_remove)
                  00005d20    0000001a                                   : s_copysign.c.obj (.text:copysign)
                  00005d3a    00000018                                   : strcmp.c.obj (.text:strcmp)
                  00005d52    00000016                                   : strchr.c.obj (.text:strchr)
                  00005d68    00000014                                   : strcpy.c.obj (.text:strcpy)
                  00005d7c    00000014                                   : strlen.c.obj (.text:strlen)
                  00005d90    0000000e                                   : copy_decompress_none.c.obj (.text:decompress:none:__TI_decompress_none)
                  00005d9e    0000000e     startup_msp432p401r_ccs.obj (.text)
                  00005dac    0000000c     rtsv7M4_T_le_v4SPD16_eabi.lib : copy_zero_init.c.obj (.text:decompress:ZI:__TI_zero_init)
                  00005db8    00000008                                   : errno.c.obj (.text:__aeabi_errno_addr)
                  00005dc0    00000008                                   : memory.c.obj (.text:malloc)
                  00005dc8    00000004                                   : pre_init.c.obj (.text:_system_pre_init)
                  00005dcc    00000004                                   : exit.c.obj (.text:abort:abort)

.const     0    00005dd0    00000290     
                  00005dd0    000001e0     SSD1306.obj (.const:ASCII)
                  00005fb0    00000030     rtsv7M4_T_le_v4SPD16_eabi.lib : e_pow.c.obj (.const:$O1$$)
                  00005fe0    00000014     AP.obj (.const:.string:NPI_StartAdvertisement)
                  00005ff4    00000011     AP.obj (.const:.string:NPI_SetAdvertisement1)
                  00006005    00000009     AP.obj (.const:.string:HCI_EXT_ResetSystemCmd)
                  0000600e    00000008     SSD1306.obj (.const:.string:postmask)
                  00006016    00000008     SSD1306.obj (.const:.string:premask)
                  0000601e    00000006     AP.obj (.const:.string:NPI_GetStatus)
                  00006024    00000006     AP.obj (.const:.string:NPI_GetVersion)
                  0000602a    00000006     AP.obj (.const:.string:NPI_Register)
                  00006030    00000006     SSD1306.obj (.const:.string:init5)
                  00006036    00000005     SSD1306.obj (.const:.string:dlist1)
                  0000603b    00000004     SSD1306.obj (.const:.string:init1)
                  0000603f    00000004     SSD1306.obj (.const:.string:init2)
                  00006043    00000004     SSD1306.obj (.const:.string:init3)
                  00006047    00000003     SSD1306.obj (.const:.string:init4b)
                  0000604a    00000003     SSD1306.obj (.const:.string:scrollList1b)
                  0000604d    00000003     SSD1306.obj (.const:.string:scrollList2b)
                  00006050    00000002     SSD1306.obj (.const:.string:scrollList1a)
                  00006052    00000002     SSD1306.obj (.const:.string:scrollList2a)
                  00006054    00000002     SSD1306.obj (.const:.string:scrollList3a)
                  00006056    00000002     SSD1306.obj (.const:.string:scrollList3b)
                  00006058    00000002     SSD1306.obj (.const:.string:scrollList3c)
                  0000605a    00000002     SSD1306.obj (.const:.string:scrollList4a)
                  0000605c    00000002     SSD1306.obj (.const:.string:scrollList4b)
                  0000605e    00000002     SSD1306.obj (.const:.string:scrollList4c)

.cinit     0    00006060    00000140     
                  00006060    0000011a     (.cinit..data.load) [load image, compression = lzss]
                  0000617a    00000002     --HOLE-- [fill = 0]
                  0000617c    0000000c     (__TI_handler_table)
                  00006188    00000008     (.cinit..bss.load) [load image, compression = zero_init]
                  00006190    00000010     (__TI_cinit_table)

.init_array 
*          0    00000000    00000000     UNINITIALIZED

.binit     0    00000000    00000000     

.bss       0    20000000    00000869     UNINITIALIZED
                  20000000    00000400     (.common:buffer)
                  20000400    00000120     rtsv7M4_T_le_v4SPD16_eabi.lib : trgmsg.c.obj (.bss:_CIOBUF_)
                  20000520    00000100     (.common:RxFIFO)
                  20000620    000000a0     (.common:CharacteristicList)
                  200006c0    000000a0     (.common:__TI_tmpnams)
                  20000760    00000080     (.common:RecvBuf)
                  200007e0    00000050     (.common:NotifyCharacteristicList)
                  20000830    00000008     (.common:Messageb)
                  20000838    00000008     (.common:parmbuf)
                  20000840    00000004     (.common:Messageindexb)
                  20000844    00000004     (.common:NoSOFErr)
                  20000848    00000004     (.common:RxFifoLost)
                  2000084c    00000004     (.common:RxGetI)
                  20000850    00000004     (.common:RxPutI)
                  20000854    00000004     (.common:TimeOutErr)
                  20000858    00000004     (.common:fcserr)
                  2000085c    00000004     (.common:rotation)
                  20000860    00000004     (.common:vccstate)
                  20000864    00000002     (.common:StartX)
                  20000866    00000002     (.common:StartY)
                  20000868    00000001     (.common:BT_ByteData)

.sysmem    0    20000870    00000400     UNINITIALIZED
                  20000870    00000010     rtsv7M4_T_le_v4SPD16_eabi.lib : memory.c.obj (.sysmem)
                  20000880    000003f0     --HOLE--

.data      0    20000c70    000002f8     UNINITIALIZED
                  20000c70    000000f0     rtsv7M4_T_le_v4SPD16_eabi.lib : defs.c.obj (.data:_ftable)
                  20000d60    00000078                                   : host_device.c.obj (.data:_device)
                  20000dd8    00000050                                   : host_device.c.obj (.data:_stream)
                  20000e28    00000025     AP.obj (.data:NPI_SetAdvertisementData)
                  20000e4d    00000022     AP.obj (.data:NPI_SetAdvertisementDataJacki)
                  20000e6f    00000020     AP.obj (.data:NPI_AddCharDescriptor)
                  20000e8f    0000001c     AP.obj (.data:NPI_GATTSetDeviceName)
                  20000eab    00000001     --HOLE--
                  20000eac    00000018     Clock.obj (.data)
                  20000ec4    00000015     AP.obj (.data:NPI_ReadConfirmation)
                  20000ed9    00000014     AP.obj (.data:NPI_SendNotificationIndication)
                  20000eed    00000003     --HOLE--
                  20000ef0    00000010     rtsv7M4_T_le_v4SPD16_eabi.lib : defs.c.obj (.data)
                  20000f00    0000000e     AP.obj (.data:NPI_AddCharValue)
                  20000f0e    00000002     --HOLE--
                  20000f10    0000000c     rtsv7M4_T_le_v4SPD16_eabi.lib : exit.c.obj (.data:$O1$$)
                  20000f1c    00000009     AP.obj (.data:NPI_AddService)
                  20000f25    00000009     AP.obj (.data:NPI_CCCDUpdatedConfirmation)
                  20000f2e    00000009     AP.obj (.data:NPI_WriteConfirmation)
                  20000f37    00000001     --HOLE--
                  20000f38    00000008     rtsv7M4_T_le_v4SPD16_eabi.lib : _lock.c.obj (.data:$O1$$)
                  20000f40    00000008                                   : memory.c.obj (.data:$O1$$)
                  20000f48    00000008     AP.obj (.data)
                  20000f50    00000004     SSD1306.obj (.data)
                  20000f54    00000004     rtsv7M4_T_le_v4SPD16_eabi.lib : add_device.c.obj (.data)
                  20000f58    00000004                                   : errno.c.obj (.data)
                  20000f5c    00000004                                   : fopen.c.obj (.data)
                  20000f60    00000004                                   : open.c.obj (.data)
                  20000f64    00000004     system_msp432p401r.obj (.data)

.stack     0    2000fe00    00000200     UNINITIALIZED
                  2000fe00    00000004     rtsv7M4_T_le_v4SPD16_eabi.lib : boot_cortex_m.c.obj (.stack)
                  2000fe04    000001fc     --HOLE--

__llvm_prf_cnts 
*          0    20000000    00000000     UNINITIALIZED

MODULE SUMMARY

       Module                        code    ro data   rw data
       ------                        ----    -------   -------
    .\
       SSD1306.obj                   6220    544       2080   
       AP.obj                        4108    64        1202   
       UART0.obj                     1740    0         24     
       UART1.obj                     420     0         536    
       system_msp432p401r.obj        820     0         8      
       Lab7_BLEmain.obj              540     0         2      
       Clock.obj                     480     0         48     
       Motor.obj                     400     0         0      
       Init_Ports.obj                344     0         0      
       startup_msp432p401r_ccs.obj   14      228       0      
       GPIO.obj                      192     0         0      
       Init_Timers.obj               160     0         0      
       CortexM.obj                   36      0         0      
    +--+-----------------------------+-------+---------+---------+
       Total:                        15474   836       3900   
                                                              
    C:\ti\ccs1271\ccs\tools\compiler\ti-cgt-arm_20.2.7.LTS\lib\rtsv7M4_T_le_v4SPD16_eabi.lib
       e_pow.c.obj                   2512    48        0      
       defs.c.obj                    0       0         832    
       memory.c.obj                  672     0         16     
       trgmsg.c.obj                  108     0         576    
       fopen.c.obj                   532     0         8      
       fd_add_t2.asm.obj             438     0         0      
       host_device.c.obj             0       0         400    
       e_sqrt.c.obj                  344     0         0      
       fd_div_t2.asm.obj             310     0         0      
       s_scalbn.c.obj                272     0         0      
       fd_cmp_t2.asm.obj             268     0         0      
       fd_mul_t2.asm.obj             252     0         0      
       setvbuf.c.obj                 220     0         0      
       open.c.obj                    188     0         8      
       add_device.c.obj              184     0         8      
       memcpy_t2.asm.obj             156     0         0      
       memset_t2.asm.obj             122     0         0      
       fclose.c.obj                  116     0         0      
       getdevice.c.obj               116     0         0      
       hostopen.c.obj                96      0         16     
       hostrename.c.obj              108     0         0      
       copy_decompress_lzss.c.obj    104     0         0      
       hostlseek.c.obj               104     0         0      
       exit.c.obj                    76      0         24     
       close.c.obj                   92      0         0      
       hostread.c.obj                88      0         0      
       hostwrite.c.obj               88      0         0      
       fflush.c.obj                  76      0         0      
       fd_toi_t2.asm.obj             72      0         0      
       autoinit.c.obj                68      0         0      
       hostclose.c.obj               68      0         0      
       hostunlink.c.obj              68      0         0      
       strncpy.c.obj                 54      0         0      
       boot_cortex_m.c.obj           52      0         0      
       i_tofd_t2.asm.obj             46      0         0      
       unlink.c.obj                  44      0         0      
       write.c.obj                   40      0         0      
       s_copysign.c.obj              26      0         0      
       strcmp.c.obj                  24      0         0      
       strchr.c.obj                  22      0         0      
       strcpy.c.obj                  20      0         0      
       strlen.c.obj                  20      0         0      
       _lock.c.obj                   2       0         16     
       errno.c.obj                   8       0         8      
       copy_decompress_none.c.obj    14      0         0      
       copy_zero_init.c.obj          12      0         0      
       pre_init.c.obj                4       0         0      
    +--+-----------------------------+-------+---------+---------+
       Total:                        8306    48        1912   
                                                              
       Heap:                         0       0         2048   
       Stack:                        0       0         1024   
       Linker Generated:             0       318       0      
    +--+-----------------------------+-------+---------+---------+
       Grand Total:                  23780   1202      8884   


LINKER GENERATED COPY TABLES

__TI_cinit_table @ 00006190 records: 2, size/record: 8, table size: 16
	.data: load addr=00006060, load size=0000011a bytes, run addr=20000c70, run size=000002f8 bytes, compression=lzss
	.bss: load addr=00006188, load size=00000008 bytes, run addr=20000000, run size=00000869 bytes, compression=zero_init


LINKER GENERATED HANDLER TABLE

__TI_handler_table @ 0000617c records: 3, size/record: 4, table size: 12
	index: 0, handler: __TI_decompress_lzss
	index: 1, handler: __TI_decompress_none
	index: 2, handler: __TI_zero_init


GLOBAL SYMBOLS: SORTED ALPHABETICALLY BY Name 

address   name                           
-------   ----                           
00005dab  ADC14_IRQHandler               
00005dab  AES256_IRQHandler              
00001f91  AP_AddCharacteristic           
0000214d  AP_AddNotifyCharacteristic     
00001f39  AP_AddService                  
00002659  AP_BackgroundProcess           
00001ad7  AP_EchoReceived                
00001a6b  AP_EchoSendMessage             
00001f23  AP_GetNotifyCCCD               
00001a41  AP_GetSize                     
00002531  AP_GetStatus                   
0000256d  AP_GetVersion                  
0000195b  AP_Init                        
00001cf9  AP_RecvMessage                 
00001ed5  AP_RecvStatus                  
00001f71  AP_RegisterService             
00001931  AP_Reset                       
00001b5d  AP_SendMessage                 
00001ee3  AP_SendMessageResponse         
00002375  AP_SendNotification            
00002475  AP_StartAdvertisement          
000024c9  AP_StartAdvertisementJacki     
20000868  BT_ByteData                    
00005dab  BusFault_Handler               
00005dcd  C$$EXIT                        
00005af3  C$$IO$$                        
00005dab  COMP_E0_IRQHandler             
00005dab  COMP_E1_IRQHandler             
20000eb4  CPMwait                        
00005dab  CS_IRQHandler                  
20000f48  CharacteristicCount            
20000620  CharacteristicList             
20000eac  ClockFrequency                 
0000407d  Clock_Delay1ms                 
00004053  Clock_Delay1us                 
0000403f  Clock_GetFreq                  
00003f29  Clock_Init48MHz                
20000ec0  Crystalstable                  
20000f50  CurrentX                       
20000f52  CurrentY                       
00005dab  DMA_ERR_IRQHandler             
00005dab  DMA_INT0_IRQHandler            
00005dab  DMA_INT1_IRQHandler            
00005dab  DMA_INT2_IRQHandler            
00005dab  DMA_INT3_IRQHandler            
00005dab  DebugMon_Handler               
00005dab  Default_Handler                
00005ce1  DisableInterrupts              
00005dab  EUSCIA0_IRQHandler             
00005dab  EUSCIA1_IRQHandler             
000043e9  EUSCIA2_IRQHandler             
000043e9  EUSCIA2_IRQHandler             
00005dab  EUSCIA3_IRQHandler             
00005dab  EUSCIB0_IRQHandler             
00005dab  EUSCIB1_IRQHandler             
00005dab  EUSCIB2_IRQHandler             
00005dab  EUSCIB3_IRQHandler             
00005ce7  EnableInterrupts               
00005cf7  EndCritical                    
00005dab  FLCTL_IRQHandler               
00005dab  FPU_IRQHandler                 
00004fb9  GPIO_Init                      
00006005  HCI_EXT_ResetSystemCmd         
000059b5  HOSTclose                      
0000569d  HOSTlseek                      
0000576d  HOSTopen                       
00005829  HOSTread                       
00005631  HOSTrename                     
000059f9  HOSTunlink                     
00005881  HOSTwrite                      
00005dab  HardFault_Handler              
20000ebc  IFlags                         
00005dab  MemManage_Handler              
20000830  Messageb                       
20000840  Messageindexb                  
00004585  Motor_Backward                 
00004487  Motor_Forward                  
00004533  Motor_Left                     
000044e1  Motor_Right                    
00004465  Motor_Stop                     
00003d21  MoveRobot                      
00005dab  NMI_Handler                    
20000e6f  NPI_AddCharDescriptor          
20000f00  NPI_AddCharValue               
20000f1c  NPI_AddService                 
20000f25  NPI_CCCDUpdatedConfirmation    
20000e8f  NPI_GATTSetDeviceName          
0000601e  NPI_GetStatus                  
00006024  NPI_GetVersion                 
20000ec4  NPI_ReadConfirmation           
0000602a  NPI_Register                   
20000ed9  NPI_SendNotificationIndication 
00005ff4  NPI_SetAdvertisement1          
20000e28  NPI_SetAdvertisementData       
20000e4d  NPI_SetAdvertisementDataJacki  
00005fe0  NPI_StartAdvertisement         
20000f2e  NPI_WriteConfirmation          
20000844  NoSOFErr                       
20000f4c  NotifyCharacteristicCount      
200007e0  NotifyCharacteristicList       
00005dab  PCM_IRQHandler                 
00005dab  PORT1_IRQHandler               
00005dab  PORT2_IRQHandler               
00005dab  PORT3_IRQHandler               
00005dab  PORT4_IRQHandler               
00005dab  PORT5_IRQHandler               
00005dab  PORT6_IRQHandler               
00005dab  PSS_IRQHandler                 
00005dab  PendSV_Handler                 
000046f7  Port10_Init                    
000045f5  Port1_Init                     
00004615  Port2_Init                     
00004649  Port3_Init                     
00004655  Port4_Init                     
00004689  Port5_Init                     
00004695  Port6_Init                     
000046d3  Port7_Init                     
000046d5  Port8_Init                     
000046d7  Port9_Init                     
000046f9  PortJ_Init                     
20000eb8  Postwait                       
20000eb0  Prewait                        
00005dab  RTC_C_IRQHandler               
20000760  RecvBuf                        
00005d9f  Reset_Handler                  
20000520  RxFIFO                         
20000848  RxFifoLost                     
00004319  RxFifo_Get                     
000042c1  RxFifo_Init                    
000042d3  RxFifo_Put                     
2000084c  RxGetI                         
20000850  RxPutI                         
00000551  SSD1306_Clear                  
00000511  SSD1306_ClearBuffer            
00000f6d  SSD1306_Dim                    
00000e27  SSD1306_DisplayBuffer          
00000411  SSD1306_DrawChar               
000007e9  SSD1306_DrawFastHLine          
00000a0d  SSD1306_DrawFastVLine          
000005a5  SSD1306_DrawFullImage          
00000291  SSD1306_DrawPixel              
000004c5  SSD1306_DrawString             
00000e23  SSD1306_GetBuffer              
00000d25  SSD1306_GetPixel               
0000018b  SSD1306_Init                   
00000f57  SSD1306_InvertDisplay          
00001019  SSD1306_OutChar                
000017d3  SSD1306_OutHex7                
00001385  SSD1306_OutSDec                
000016e5  SSD1306_OutSFix1               
0000113f  SSD1306_OutString              
00001199  SSD1306_OutUDec                
00001839  SSD1306_OutUDec16              
000018d1  SSD1306_OutUDec2               
00001651  SSD1306_OutUFix1               
00001809  SSD1306_OutUHex7               
00000609  SSD1306_PrintBMP               
00000f9f  SSD1306_SetCursor              
000008fb  SSD1306_drawFastHLineInternal  
00000b25  SSD1306_drawFastVLineInternal  
00000f0d  SSD1306_startscrolldiagleft    
00000ec9  SSD1306_startscrolldiagright   
00000e93  SSD1306_startscrollleft        
00000e61  SSD1306_startscrollright       
00000f4d  SSD1306_stopscroll             
00005dab  SVC_Handler                    
00005ced  StartCritical                  
20000864  StartX                         
20000866  StartY                         
00005dab  SysTick_Handler                
20000f64  SystemCoreClock                
000039d9  SystemCoreClockUpdate          
00003c51  SystemInit                     
00005dab  T32_INT1_IRQHandler            
00005dab  T32_INT2_IRQHandler            
00005dab  T32_INTC_IRQHandler            
00005dab  TA0_0_IRQHandler               
00005dab  TA0_N_IRQHandler               
00005dab  TA1_0_IRQHandler               
00005dab  TA1_N_IRQHandler               
00005dab  TA2_0_IRQHandler               
00005dab  TA2_N_IRQHandler               
00005dab  TA3_0_IRQHandler               
00005dab  TA3_N_IRQHandler               
20000854  TimeOutErr                     
000051ed  TimerA0_Init                   
0000521d  TimerA1_Init                   
0000521f  TimerA2_Init                   
0000523b  TimerA3_Init                   
00003353  UART0_InChar                   
000037ed  UART0_InString                 
0000339d  UART0_InUDec                   
000036a1  UART0_InUHex                   
0000330d  UART0_Init                     
0000394d  UART0_Initprintf               
00003363  UART0_OutChar                  
00003455  UART0_OutSDec                  
0000337f  UART0_OutString                
00003421  UART0_OutUDec                  
0000359b  UART0_OutUDec4                 
000035f5  UART0_OutUDec5                 
0000362d  UART0_OutUFix1                 
00003655  UART0_OutUFix2                 
00003765  UART0_OutUHex                  
000037d1  UART0_OutUHex2                 
0000441d  UART1_FinishOutput             
000043bb  UART1_InChar                   
0000434f  UART1_InStatus                 
0000435f  UART1_Init                     
000043cd  UART1_OutChar                  
000043ff  UART1_OutString                
00005dab  UsageFault_Handler             
00003d0d  ValueOut                       
4000480c  WDTCTL_SYM                     
00005dab  WDT_A_IRQHandler               
00005cff  WaitForInterrupt               
00003de1  WriteByteData                  
20000400  __CIOBUF_                      
20010000  __STACK_END                    
00000200  __STACK_SIZE                   
00000400  __SYSMEM_SIZE                  
00006190  __TI_CINIT_Base                
000061a0  __TI_CINIT_Limit               
0000617c  __TI_Handler_Table_Base        
00006188  __TI_Handler_Table_Limit       
00005a3d  __TI_auto_init_nobinit_nopinit 
00005b35  __TI_cleanup                   
20000f10  __TI_cleanup_ptr               
0000554d  __TI_closefile                 
00005705  __TI_decompress_lzss           
00005d91  __TI_decompress_none           
000058d9  __TI_doflush                   
20000f14  __TI_dtors_ptr                 
20000f18  __TI_enable_exit_profile_output
20000ef0  __TI_ft_end                    
ffffffff  __TI_pprof_out_hndl            
ffffffff  __TI_prof_data_size            
ffffffff  __TI_prof_data_start           
00005b69  __TI_readmsg                   
00000000  __TI_static_base__             
200006c0  __TI_tmpnams                   
00005ac5  __TI_writemsg                  
00005dad  __TI_zero_init                 
000053c5  __aeabi_cdcmpeq                
000053c5  __aeabi_cdcmple                
0000544b  __aeabi_cdrcmple               
0000596d  __aeabi_d2iz                   
00004113  __aeabi_dadd                   
000048a5  __aeabi_ddiv                   
00004cfd  __aeabi_dmul                   
00004109  __aeabi_dsub                   
00005db9  __aeabi_errno_addr             
00005c35  __aeabi_i2d                    
000054d1  __aeabi_memclr                 
000054d1  __aeabi_memclr4                
000054d1  __aeabi_memclr8                
00005329  __aeabi_memcpy                 
00005329  __aeabi_memcpy4                
00005329  __aeabi_memcpy8                
000054d3  __aeabi_memset                 
000054d3  __aeabi_memset4                
000054d3  __aeabi_memset8                
20000efc  __aeabi_stderr                 
20000ef4  __aeabi_stdin                  
20000ef8  __aeabi_stdout                 
ffffffff  __binit__                      
ffffffff  __c_args__                     
UNDEFED   __mpu_init                     
2000fe00  __stack                        
20000000  __start___llvm_prf_cnts        
20000000  __stop___llvm_prf_cnts         
00005b9d  _c_int00_noargs                
20000d60  _device                        
20000c70  _ftable                        
20000f38  _lock                          
000042bf  _nop                           
20000dd8  _stream                        
20000870  _sys_memory                    
UNDEFED   _system_post_cinit             
00005dc9  _system_pre_init               
20000f3c  _unlock                        
00005dcd  abort                          
00005135  add_device                     
00004bfd  aligned_alloc                  
ffffffff  binit                          
20000000  buffer                         
000057cd  close                          
00005d21  copysign                       
00005d21  copysignl                      
00004045  delay                          
20000f58  errno                          
00005925  exit                           
20000858  fcserr                         
00003887  ferror                         
00003867  fgetc                          
00005c05  finddevice                     
0000528d  fopen                          
00004df9  free                           
00005bd1  freopen                        
00005a81  getdevice                      
00000000  interruptVectors               
00004aed  ldexp                          
00004aed  ldexpl                         
00003df7  main                           
00005dc1  malloc                         
00004bfd  memalign                       
00005329  memcpy                         
000054d9  memset                         
00005079  open                           
000037a9  outnibble                      
20000838  parmbuf                        
0000293d  pow                            
0000293d  powl                           
00005c65  remove                         
2000085c  rotation                       
00004aed  scalbn                         
00004aed  scalbnl                        
00004edd  setvbuf                        
0000474d  sqrt                           
0000474d  sqrtl                          
00000113  ssd1306_Testcommandwrite       
00000143  ssd1306_command                
00000153  ssd1306_command1               
00000163  ssd1306_commandList            
00005d53  strchr                         
00005d3b  strcmp                         
00005d69  strcpy                         
00005d7d  strlen                         
00005afd  strncpy                        
000038a5  uart_close                     
00003923  uart_lseek                     
00003895  uart_open                      
000038b7  uart_read                      
0000393f  uart_rename                    
00003933  uart_unlink                    
000038e1  uart_write                     
00005c65  unlink                         
20000860  vccstate                       
00005cb9  write                          


GLOBAL SYMBOLS: SORTED BY Symbol Address 

address   name                           
-------   ----                           
00000000  __TI_static_base__             
00000000  interruptVectors               
00000113  ssd1306_Testcommandwrite       
00000143  ssd1306_command                
00000153  ssd1306_command1               
00000163  ssd1306_commandList            
0000018b  SSD1306_Init                   
00000200  __STACK_SIZE                   
00000291  SSD1306_DrawPixel              
00000400  __SYSMEM_SIZE                  
00000411  SSD1306_DrawChar               
000004c5  SSD1306_DrawString             
00000511  SSD1306_ClearBuffer            
00000551  SSD1306_Clear                  
000005a5  SSD1306_DrawFullImage          
00000609  SSD1306_PrintBMP               
000007e9  SSD1306_DrawFastHLine          
000008fb  SSD1306_drawFastHLineInternal  
00000a0d  SSD1306_DrawFastVLine          
00000b25  SSD1306_drawFastVLineInternal  
00000d25  SSD1306_GetPixel               
00000e23  SSD1306_GetBuffer              
00000e27  SSD1306_DisplayBuffer          
00000e61  SSD1306_startscrollright       
00000e93  SSD1306_startscrollleft        
00000ec9  SSD1306_startscrolldiagright   
00000f0d  SSD1306_startscrolldiagleft    
00000f4d  SSD1306_stopscroll             
00000f57  SSD1306_InvertDisplay          
00000f6d  SSD1306_Dim                    
00000f9f  SSD1306_SetCursor              
00001019  SSD1306_OutChar                
0000113f  SSD1306_OutString              
00001199  SSD1306_OutUDec                
00001385  SSD1306_OutSDec                
00001651  SSD1306_OutUFix1               
000016e5  SSD1306_OutSFix1               
000017d3  SSD1306_OutHex7                
00001809  SSD1306_OutUHex7               
00001839  SSD1306_OutUDec16              
000018d1  SSD1306_OutUDec2               
00001931  AP_Reset                       
0000195b  AP_Init                        
00001a41  AP_GetSize                     
00001a6b  AP_EchoSendMessage             
00001ad7  AP_EchoReceived                
00001b5d  AP_SendMessage                 
00001cf9  AP_RecvMessage                 
00001ed5  AP_RecvStatus                  
00001ee3  AP_SendMessageResponse         
00001f23  AP_GetNotifyCCCD               
00001f39  AP_AddService                  
00001f71  AP_RegisterService             
00001f91  AP_AddCharacteristic           
0000214d  AP_AddNotifyCharacteristic     
00002375  AP_SendNotification            
00002475  AP_StartAdvertisement          
000024c9  AP_StartAdvertisementJacki     
00002531  AP_GetStatus                   
0000256d  AP_GetVersion                  
00002659  AP_BackgroundProcess           
0000293d  pow                            
0000293d  powl                           
0000330d  UART0_Init                     
00003353  UART0_InChar                   
00003363  UART0_OutChar                  
0000337f  UART0_OutString                
0000339d  UART0_InUDec                   
00003421  UART0_OutUDec                  
00003455  UART0_OutSDec                  
0000359b  UART0_OutUDec4                 
000035f5  UART0_OutUDec5                 
0000362d  UART0_OutUFix1                 
00003655  UART0_OutUFix2                 
000036a1  UART0_InUHex                   
00003765  UART0_OutUHex                  
000037a9  outnibble                      
000037d1  UART0_OutUHex2                 
000037ed  UART0_InString                 
00003867  fgetc                          
00003887  ferror                         
00003895  uart_open                      
000038a5  uart_close                     
000038b7  uart_read                      
000038e1  uart_write                     
00003923  uart_lseek                     
00003933  uart_unlink                    
0000393f  uart_rename                    
0000394d  UART0_Initprintf               
000039d9  SystemCoreClockUpdate          
00003c51  SystemInit                     
00003d0d  ValueOut                       
00003d21  MoveRobot                      
00003de1  WriteByteData                  
00003df7  main                           
00003f29  Clock_Init48MHz                
0000403f  Clock_GetFreq                  
00004045  delay                          
00004053  Clock_Delay1us                 
0000407d  Clock_Delay1ms                 
00004109  __aeabi_dsub                   
00004113  __aeabi_dadd                   
000042bf  _nop                           
000042c1  RxFifo_Init                    
000042d3  RxFifo_Put                     
00004319  RxFifo_Get                     
0000434f  UART1_InStatus                 
0000435f  UART1_Init                     
000043bb  UART1_InChar                   
000043cd  UART1_OutChar                  
000043e9  EUSCIA2_IRQHandler             
000043e9  EUSCIA2_IRQHandler             
000043ff  UART1_OutString                
0000441d  UART1_FinishOutput             
00004465  Motor_Stop                     
00004487  Motor_Forward                  
000044e1  Motor_Right                    
00004533  Motor_Left                     
00004585  Motor_Backward                 
000045f5  Port1_Init                     
00004615  Port2_Init                     
00004649  Port3_Init                     
00004655  Port4_Init                     
00004689  Port5_Init                     
00004695  Port6_Init                     
000046d3  Port7_Init                     
000046d5  Port8_Init                     
000046d7  Port9_Init                     
000046f7  Port10_Init                    
000046f9  PortJ_Init                     
0000474d  sqrt                           
0000474d  sqrtl                          
000048a5  __aeabi_ddiv                   
00004aed  ldexp                          
00004aed  ldexpl                         
00004aed  scalbn                         
00004aed  scalbnl                        
00004bfd  aligned_alloc                  
00004bfd  memalign                       
00004cfd  __aeabi_dmul                   
00004df9  free                           
00004edd  setvbuf                        
00004fb9  GPIO_Init                      
00005079  open                           
00005135  add_device                     
000051ed  TimerA0_Init                   
0000521d  TimerA1_Init                   
0000521f  TimerA2_Init                   
0000523b  TimerA3_Init                   
0000528d  fopen                          
00005329  __aeabi_memcpy                 
00005329  __aeabi_memcpy4                
00005329  __aeabi_memcpy8                
00005329  memcpy                         
000053c5  __aeabi_cdcmpeq                
000053c5  __aeabi_cdcmple                
0000544b  __aeabi_cdrcmple               
000054d1  __aeabi_memclr                 
000054d1  __aeabi_memclr4                
000054d1  __aeabi_memclr8                
000054d3  __aeabi_memset                 
000054d3  __aeabi_memset4                
000054d3  __aeabi_memset8                
000054d9  memset                         
0000554d  __TI_closefile                 
00005631  HOSTrename                     
0000569d  HOSTlseek                      
00005705  __TI_decompress_lzss           
0000576d  HOSTopen                       
000057cd  close                          
00005829  HOSTread                       
00005881  HOSTwrite                      
000058d9  __TI_doflush                   
00005925  exit                           
0000596d  __aeabi_d2iz                   
000059b5  HOSTclose                      
000059f9  HOSTunlink                     
00005a3d  __TI_auto_init_nobinit_nopinit 
00005a81  getdevice                      
00005ac5  __TI_writemsg                  
00005af3  C$$IO$$                        
00005afd  strncpy                        
00005b35  __TI_cleanup                   
00005b69  __TI_readmsg                   
00005b9d  _c_int00_noargs                
00005bd1  freopen                        
00005c05  finddevice                     
00005c35  __aeabi_i2d                    
00005c65  remove                         
00005c65  unlink                         
00005cb9  write                          
00005ce1  DisableInterrupts              
00005ce7  EnableInterrupts               
00005ced  StartCritical                  
00005cf7  EndCritical                    
00005cff  WaitForInterrupt               
00005d21  copysign                       
00005d21  copysignl                      
00005d3b  strcmp                         
00005d53  strchr                         
00005d69  strcpy                         
00005d7d  strlen                         
00005d91  __TI_decompress_none           
00005d9f  Reset_Handler                  
00005dab  ADC14_IRQHandler               
00005dab  AES256_IRQHandler              
00005dab  BusFault_Handler               
00005dab  COMP_E0_IRQHandler             
00005dab  COMP_E1_IRQHandler             
00005dab  CS_IRQHandler                  
00005dab  DMA_ERR_IRQHandler             
00005dab  DMA_INT0_IRQHandler            
00005dab  DMA_INT1_IRQHandler            
00005dab  DMA_INT2_IRQHandler            
00005dab  DMA_INT3_IRQHandler            
00005dab  DebugMon_Handler               
00005dab  Default_Handler                
00005dab  EUSCIA0_IRQHandler             
00005dab  EUSCIA1_IRQHandler             
00005dab  EUSCIA3_IRQHandler             
00005dab  EUSCIB0_IRQHandler             
00005dab  EUSCIB1_IRQHandler             
00005dab  EUSCIB2_IRQHandler             
00005dab  EUSCIB3_IRQHandler             
00005dab  FLCTL_IRQHandler               
00005dab  FPU_IRQHandler                 
00005dab  HardFault_Handler              
00005dab  MemManage_Handler              
00005dab  NMI_Handler                    
00005dab  PCM_IRQHandler                 
00005dab  PORT1_IRQHandler               
00005dab  PORT2_IRQHandler               
00005dab  PORT3_IRQHandler               
00005dab  PORT4_IRQHandler               
00005dab  PORT5_IRQHandler               
00005dab  PORT6_IRQHandler               
00005dab  PSS_IRQHandler                 
00005dab  PendSV_Handler                 
00005dab  RTC_C_IRQHandler               
00005dab  SVC_Handler                    
00005dab  SysTick_Handler                
00005dab  T32_INT1_IRQHandler            
00005dab  T32_INT2_IRQHandler            
00005dab  T32_INTC_IRQHandler            
00005dab  TA0_0_IRQHandler               
00005dab  TA0_N_IRQHandler               
00005dab  TA1_0_IRQHandler               
00005dab  TA1_N_IRQHandler               
00005dab  TA2_0_IRQHandler               
00005dab  TA2_N_IRQHandler               
00005dab  TA3_0_IRQHandler               
00005dab  TA3_N_IRQHandler               
00005dab  UsageFault_Handler             
00005dab  WDT_A_IRQHandler               
00005dad  __TI_zero_init                 
00005db9  __aeabi_errno_addr             
00005dc1  malloc                         
00005dc9  _system_pre_init               
00005dcd  C$$EXIT                        
00005dcd  abort                          
00005fe0  NPI_StartAdvertisement         
00005ff4  NPI_SetAdvertisement1          
00006005  HCI_EXT_ResetSystemCmd         
0000601e  NPI_GetStatus                  
00006024  NPI_GetVersion                 
0000602a  NPI_Register                   
0000617c  __TI_Handler_Table_Base        
00006188  __TI_Handler_Table_Limit       
00006190  __TI_CINIT_Base                
000061a0  __TI_CINIT_Limit               
20000000  __start___llvm_prf_cnts        
20000000  __stop___llvm_prf_cnts         
20000000  buffer                         
20000400  __CIOBUF_                      
20000520  RxFIFO                         
20000620  CharacteristicList             
200006c0  __TI_tmpnams                   
20000760  RecvBuf                        
200007e0  NotifyCharacteristicList       
20000830  Messageb                       
20000838  parmbuf                        
20000840  Messageindexb                  
20000844  NoSOFErr                       
20000848  RxFifoLost                     
2000084c  RxGetI                         
20000850  RxPutI                         
20000854  TimeOutErr                     
20000858  fcserr                         
2000085c  rotation                       
20000860  vccstate                       
20000864  StartX                         
20000866  StartY                         
20000868  BT_ByteData                    
20000870  _sys_memory                    
20000c70  _ftable                        
20000d60  _device                        
20000dd8  _stream                        
20000e28  NPI_SetAdvertisementData       
20000e4d  NPI_SetAdvertisementDataJacki  
20000e6f  NPI_AddCharDescriptor          
20000e8f  NPI_GATTSetDeviceName          
20000eac  ClockFrequency                 
20000eb0  Prewait                        
20000eb4  CPMwait                        
20000eb8  Postwait                       
20000ebc  IFlags                         
20000ec0  Crystalstable                  
20000ec4  NPI_ReadConfirmation           
20000ed9  NPI_SendNotificationIndication 
20000ef0  __TI_ft_end                    
20000ef4  __aeabi_stdin                  
20000ef8  __aeabi_stdout                 
20000efc  __aeabi_stderr                 
20000f00  NPI_AddCharValue               
20000f10  __TI_cleanup_ptr               
20000f14  __TI_dtors_ptr                 
20000f18  __TI_enable_exit_profile_output
20000f1c  NPI_AddService                 
20000f25  NPI_CCCDUpdatedConfirmation    
20000f2e  NPI_WriteConfirmation          
20000f38  _lock                          
20000f3c  _unlock                        
20000f48  CharacteristicCount            
20000f4c  NotifyCharacteristicCount      
20000f50  CurrentX                       
20000f52  CurrentY                       
20000f58  errno                          
20000f64  SystemCoreClock                
2000fe00  __stack                        
20010000  __STACK_END                    
4000480c  WDTCTL_SYM                     
ffffffff  __TI_pprof_out_hndl            
ffffffff  __TI_prof_data_size            
ffffffff  __TI_prof_data_start           
ffffffff  __binit__                      
ffffffff  __c_args__                     
ffffffff  binit                          
UNDEFED   __mpu_init                     
UNDEFED   _system_post_cinit             

[339 symbols]
