Analysis & Synthesis report for signed_Calculator
Tue Sep 23 19:54:54 2025
Quartus Prime Version 18.1.0 Build 625 09/12/2018 SJ Standard Edition


---------------------
; Table of Contents ;
---------------------
  1. Legal Notice
  2. Analysis & Synthesis Summary
  3. Analysis & Synthesis Settings
  4. Parallel Compilation
  5. Analysis & Synthesis Source Files Read
  6. Analysis & Synthesis Resource Usage Summary
  7. Analysis & Synthesis Resource Utilization by Entity
  8. Analysis & Synthesis DSP Block Usage Summary
  9. General Register Statistics
 10. Multiplexer Restructuring Statistics (Restructuring Performed)
 11. Parameter Settings for Inferred Entity Instance: lpm_divide:Div0
 12. Post-Synthesis Netlist Statistics for Top Partition
 13. Elapsed Time Per Partition
 14. Analysis & Synthesis Equations
 15. Analysis & Synthesis Messages



----------------
; Legal Notice ;
----------------
Copyright (C) 2018  Intel Corporation. All rights reserved.
Your use of Intel Corporation's design tools, logic functions 
and other software and tools, and its AMPP partner logic 
functions, and any output files from any of the foregoing 
(including device programming or simulation files), and any 
associated documentation or information are expressly subject 
to the terms and conditions of the Intel Program License 
Subscription Agreement, the Intel Quartus Prime License Agreement,
the Intel FPGA IP License Agreement, or other applicable license
agreement, including, without limitation, that your use is for
the sole purpose of programming logic devices manufactured by
Intel and sold by Intel or its authorized distributors.  Please
refer to the applicable agreement for further details.



+-----------------------------------------------------------------------------------+
; Analysis & Synthesis Summary                                                      ;
+---------------------------------+-------------------------------------------------+
; Analysis & Synthesis Status     ; Successful - Tue Sep 23 19:54:53 2025           ;
; Quartus Prime Version           ; 18.1.0 Build 625 09/12/2018 SJ Standard Edition ;
; Revision Name                   ; signed_Calculator                               ;
; Top-level Entity Name           ; signed_Calculator                               ;
; Family                          ; Cyclone V                                       ;
; Logic utilization (in ALMs)     ; N/A                                             ;
; Total registers                 ; 0                                               ;
; Total pins                      ; 18                                              ;
; Total virtual pins              ; 0                                               ;
; Total block memory bits         ; 0                                               ;
; Total DSP Blocks                ; 1                                               ;
; Total HSSI RX PCSs              ; 0                                               ;
; Total HSSI PMA RX Deserializers ; 0                                               ;
; Total HSSI TX PCSs              ; 0                                               ;
; Total HSSI PMA TX Serializers   ; 0                                               ;
; Total PLLs                      ; 0                                               ;
; Total DLLs                      ; 0                                               ;
+---------------------------------+-------------------------------------------------+


+---------------------------------------------------------------------------------------------------------------------------+
; Analysis & Synthesis Settings                                                                                             ;
+---------------------------------------------------------------------------------+--------------------+--------------------+
; Option                                                                          ; Setting            ; Default Value      ;
+---------------------------------------------------------------------------------+--------------------+--------------------+
; Device                                                                          ; 5CEBA4F23C7        ;                    ;
; Top-level entity name                                                           ; signed_Calculator  ; signed_Calculator  ;
; Family name                                                                     ; Cyclone V          ; Cyclone V          ;
; Use smart compilation                                                           ; Off                ; Off                ;
; Enable parallel Assembler and Timing Analyzer during compilation                ; On                 ; On                 ;
; Enable compact report table                                                     ; Off                ; Off                ;
; Restructure Multiplexers                                                        ; Auto               ; Auto               ;
; MLAB Add Timing Constraints For Mixed-Port Feed-Through Mode Setting Don't Care ; Off                ; Off                ;
; Create Debugging Nodes for IP Cores                                             ; Off                ; Off                ;
; Preserve fewer node names                                                       ; On                 ; On                 ;
; Intel FPGA IP Evaluation Mode                                                   ; Enable             ; Enable             ;
; Verilog Version                                                                 ; Verilog_2001       ; Verilog_2001       ;
; VHDL Version                                                                    ; VHDL_1993          ; VHDL_1993          ;
; State Machine Processing                                                        ; Auto               ; Auto               ;
; Safe State Machine                                                              ; Off                ; Off                ;
; Extract Verilog State Machines                                                  ; On                 ; On                 ;
; Extract VHDL State Machines                                                     ; On                 ; On                 ;
; Ignore Verilog initial constructs                                               ; Off                ; Off                ;
; Iteration limit for constant Verilog loops                                      ; 5000               ; 5000               ;
; Iteration limit for non-constant Verilog loops                                  ; 250                ; 250                ;
; Add Pass-Through Logic to Inferred RAMs                                         ; On                 ; On                 ;
; Infer RAMs from Raw Logic                                                       ; On                 ; On                 ;
; Parallel Synthesis                                                              ; On                 ; On                 ;
; DSP Block Balancing                                                             ; Auto               ; Auto               ;
; NOT Gate Push-Back                                                              ; On                 ; On                 ;
; Power-Up Don't Care                                                             ; On                 ; On                 ;
; Remove Redundant Logic Cells                                                    ; Off                ; Off                ;
; Remove Duplicate Registers                                                      ; On                 ; On                 ;
; Ignore CARRY Buffers                                                            ; Off                ; Off                ;
; Ignore CASCADE Buffers                                                          ; Off                ; Off                ;
; Ignore GLOBAL Buffers                                                           ; Off                ; Off                ;
; Ignore ROW GLOBAL Buffers                                                       ; Off                ; Off                ;
; Ignore LCELL Buffers                                                            ; Off                ; Off                ;
; Ignore SOFT Buffers                                                             ; On                 ; On                 ;
; Limit AHDL Integers to 32 Bits                                                  ; Off                ; Off                ;
; Optimization Technique                                                          ; Balanced           ; Balanced           ;
; Carry Chain Length                                                              ; 70                 ; 70                 ;
; Auto Carry Chains                                                               ; On                 ; On                 ;
; Auto Open-Drain Pins                                                            ; On                 ; On                 ;
; Perform WYSIWYG Primitive Resynthesis                                           ; Off                ; Off                ;
; Auto ROM Replacement                                                            ; On                 ; On                 ;
; Auto RAM Replacement                                                            ; On                 ; On                 ;
; Auto DSP Block Replacement                                                      ; On                 ; On                 ;
; Auto Shift Register Replacement                                                 ; Auto               ; Auto               ;
; Allow Shift Register Merging across Hierarchies                                 ; Auto               ; Auto               ;
; Auto Clock Enable Replacement                                                   ; On                 ; On                 ;
; Strict RAM Replacement                                                          ; Off                ; Off                ;
; Allow Synchronous Control Signals                                               ; On                 ; On                 ;
; Force Use of Synchronous Clear Signals                                          ; Off                ; Off                ;
; Auto Resource Sharing                                                           ; Off                ; Off                ;
; Allow Any RAM Size For Recognition                                              ; Off                ; Off                ;
; Allow Any ROM Size For Recognition                                              ; Off                ; Off                ;
; Allow Any Shift Register Size For Recognition                                   ; Off                ; Off                ;
; Use LogicLock Constraints during Resource Balancing                             ; On                 ; On                 ;
; Ignore translate_off and synthesis_off directives                               ; Off                ; Off                ;
; Timing-Driven Synthesis                                                         ; On                 ; On                 ;
; Report Parameter Settings                                                       ; On                 ; On                 ;
; Report Source Assignments                                                       ; On                 ; On                 ;
; Report Connectivity Checks                                                      ; On                 ; On                 ;
; Ignore Maximum Fan-Out Assignments                                              ; Off                ; Off                ;
; Synchronization Register Chain Length                                           ; 3                  ; 3                  ;
; Power Optimization During Synthesis                                             ; Normal compilation ; Normal compilation ;
; HDL message level                                                               ; Level2             ; Level2             ;
; Suppress Register Optimization Related Messages                                 ; Off                ; Off                ;
; Number of Removed Registers Reported in Synthesis Report                        ; 5000               ; 5000               ;
; Number of Swept Nodes Reported in Synthesis Report                              ; 5000               ; 5000               ;
; Number of Inverted Registers Reported in Synthesis Report                       ; 100                ; 100                ;
; Clock MUX Protection                                                            ; On                 ; On                 ;
; Auto Gated Clock Conversion                                                     ; Off                ; Off                ;
; Block Design Naming                                                             ; Auto               ; Auto               ;
; SDC constraint protection                                                       ; Off                ; Off                ;
; Synthesis Effort                                                                ; Auto               ; Auto               ;
; Shift Register Replacement - Allow Asynchronous Clear Signal                    ; On                 ; On                 ;
; Pre-Mapping Resynthesis Optimization                                            ; Off                ; Off                ;
; Analysis & Synthesis Message Level                                              ; Medium             ; Medium             ;
; Disable Register Merging Across Hierarchies                                     ; Auto               ; Auto               ;
; Resource Aware Inference For Block RAM                                          ; On                 ; On                 ;
; Automatic Parallel Synthesis                                                    ; On                 ; On                 ;
; Partial Reconfiguration Bitstream ID                                            ; Off                ; Off                ;
+---------------------------------------------------------------------------------+--------------------+--------------------+


+------------------------------------------+
; Parallel Compilation                     ;
+----------------------------+-------------+
; Processors                 ; Number      ;
+----------------------------+-------------+
; Number detected on machine ; 20          ;
; Maximum allowed            ; 10          ;
;                            ;             ;
; Average used               ; 1.00        ;
; Maximum used               ; 1           ;
;                            ;             ;
; Usage by Processor         ; % Time Used ;
;     Processor 1            ; 100.0%      ;
+----------------------------+-------------+


+---------------------------------------------------------------------------------------------------------------------------------------------------------------------+
; Analysis & Synthesis Source Files Read                                                                                                                              ;
+----------------------------------+-----------------+------------------------------+-----------------------------------------------------------------------+---------+
; File Name with User-Entered Path ; Used in Netlist ; File Type                    ; File Name with Absolute Path                                          ; Library ;
+----------------------------------+-----------------+------------------------------+-----------------------------------------------------------------------+---------+
; signed_Calculator.vhd            ; yes             ; User VHDL File               ; S:/CPET_DSD_LAB/Lab5/sign Calulator/signed_Calculator.vhd             ;         ;
; lpm_divide.tdf                   ; yes             ; Megafunction                 ; c:/intelfpga/18.1/quartus/libraries/megafunctions/lpm_divide.tdf      ;         ;
; abs_divider.inc                  ; yes             ; Megafunction                 ; c:/intelfpga/18.1/quartus/libraries/megafunctions/abs_divider.inc     ;         ;
; sign_div_unsign.inc              ; yes             ; Megafunction                 ; c:/intelfpga/18.1/quartus/libraries/megafunctions/sign_div_unsign.inc ;         ;
; aglobal181.inc                   ; yes             ; Megafunction                 ; c:/intelfpga/18.1/quartus/libraries/megafunctions/aglobal181.inc      ;         ;
; db/lpm_divide_pno.tdf            ; yes             ; Auto-Generated Megafunction  ; S:/CPET_DSD_LAB/Lab5/sign Calulator/db/lpm_divide_pno.tdf             ;         ;
; db/abs_divider_2ag.tdf           ; yes             ; Auto-Generated Megafunction  ; S:/CPET_DSD_LAB/Lab5/sign Calulator/db/abs_divider_2ag.tdf            ;         ;
; db/alt_u_div_kse.tdf             ; yes             ; Auto-Generated Megafunction  ; S:/CPET_DSD_LAB/Lab5/sign Calulator/db/alt_u_div_kse.tdf              ;         ;
; db/lpm_abs_jn9.tdf               ; yes             ; Auto-Generated Megafunction  ; S:/CPET_DSD_LAB/Lab5/sign Calulator/db/lpm_abs_jn9.tdf                ;         ;
+----------------------------------+-----------------+------------------------------+-----------------------------------------------------------------------+---------+


+----------------------------------------------------------+
; Analysis & Synthesis Resource Usage Summary              ;
+---------------------------------------------+------------+
; Resource                                    ; Usage      ;
+---------------------------------------------+------------+
; Estimate of Logic utilization (ALMs needed) ; 35         ;
;                                             ;            ;
; Combinational ALUT usage for logic          ; 59         ;
;     -- 7 input functions                    ; 0          ;
;     -- 6 input functions                    ; 11         ;
;     -- 5 input functions                    ; 9          ;
;     -- 4 input functions                    ; 13         ;
;     -- <=3 input functions                  ; 26         ;
;                                             ;            ;
; Dedicated logic registers                   ; 0          ;
;                                             ;            ;
; I/O pins                                    ; 18         ;
;                                             ;            ;
; Total DSP Blocks                            ; 1          ;
;                                             ;            ;
; Maximum fan-out node                        ; A[3]~input ;
; Maximum fan-out                             ; 19         ;
; Total fan-out                               ; 262        ;
; Average fan-out                             ; 2.73       ;
+---------------------------------------------+------------+


+-----------------------------------------------------------------------------------------------------------------------------------------------------------------------------------------------------------------------------------------------------------------------------------------------------+
; Analysis & Synthesis Resource Utilization by Entity                                                                                                                                                                                                                                                 ;
+---------------------------------------+---------------------+---------------------------+-------------------+------------+------+--------------+-----------------------------------------------------------------------------------------------------------------+-------------------+--------------+
; Compilation Hierarchy Node            ; Combinational ALUTs ; Dedicated Logic Registers ; Block Memory Bits ; DSP Blocks ; Pins ; Virtual Pins ; Full Hierarchy Name                                                                                             ; Entity Name       ; Library Name ;
+---------------------------------------+---------------------+---------------------------+-------------------+------------+------+--------------+-----------------------------------------------------------------------------------------------------------------+-------------------+--------------+
; |signed_Calculator                    ; 59 (18)             ; 0 (0)                     ; 0                 ; 1          ; 18   ; 0            ; |signed_Calculator                                                                                              ; signed_Calculator ; work         ;
;    |lpm_divide:Div0|                  ; 41 (0)              ; 0 (0)                     ; 0                 ; 0          ; 0    ; 0            ; |signed_Calculator|lpm_divide:Div0                                                                              ; lpm_divide        ; work         ;
;       |lpm_divide_pno:auto_generated| ; 41 (0)              ; 0 (0)                     ; 0                 ; 0          ; 0    ; 0            ; |signed_Calculator|lpm_divide:Div0|lpm_divide_pno:auto_generated                                                ; lpm_divide_pno    ; work         ;
;          |abs_divider_2ag:divider|    ; 41 (8)              ; 0 (0)                     ; 0                 ; 0          ; 0    ; 0            ; |signed_Calculator|lpm_divide:Div0|lpm_divide_pno:auto_generated|abs_divider_2ag:divider                        ; abs_divider_2ag   ; work         ;
;             |alt_u_div_kse:divider|   ; 27 (27)             ; 0 (0)                     ; 0                 ; 0          ; 0    ; 0            ; |signed_Calculator|lpm_divide:Div0|lpm_divide_pno:auto_generated|abs_divider_2ag:divider|alt_u_div_kse:divider  ; alt_u_div_kse     ; work         ;
;             |lpm_abs_jn9:my_abs_den|  ; 4 (4)               ; 0 (0)                     ; 0                 ; 0          ; 0    ; 0            ; |signed_Calculator|lpm_divide:Div0|lpm_divide_pno:auto_generated|abs_divider_2ag:divider|lpm_abs_jn9:my_abs_den ; lpm_abs_jn9       ; work         ;
;             |lpm_abs_jn9:my_abs_num|  ; 2 (2)               ; 0 (0)                     ; 0                 ; 0          ; 0    ; 0            ; |signed_Calculator|lpm_divide:Div0|lpm_divide_pno:auto_generated|abs_divider_2ag:divider|lpm_abs_jn9:my_abs_num ; lpm_abs_jn9       ; work         ;
+---------------------------------------+---------------------+---------------------------+-------------------+------------+------+--------------+-----------------------------------------------------------------------------------------------------------------+-------------------+--------------+
Note: For table entries with two numbers listed, the numbers in parentheses indicate the number of resources of the given type used by the specific entity alone. The numbers listed outside of parentheses indicate the total resources of the given type used by the specific entity and all of its sub-entities in the hierarchy.


+----------------------------------------------+
; Analysis & Synthesis DSP Block Usage Summary ;
+-------------------------------+--------------+
; Statistic                     ; Number Used  ;
+-------------------------------+--------------+
; Independent 9x9               ; 1            ;
; Total number of DSP blocks    ; 1            ;
;                               ;              ;
; Fixed Point Signed Multiplier ; 1            ;
+-------------------------------+--------------+


+------------------------------------------------------+
; General Register Statistics                          ;
+----------------------------------------------+-------+
; Statistic                                    ; Value ;
+----------------------------------------------+-------+
; Total registers                              ; 0     ;
; Number of registers using Synchronous Clear  ; 0     ;
; Number of registers using Synchronous Load   ; 0     ;
; Number of registers using Asynchronous Clear ; 0     ;
; Number of registers using Asynchronous Load  ; 0     ;
; Number of registers using Clock Enable       ; 0     ;
; Number of registers using Preset             ; 0     ;
+----------------------------------------------+-------+


+------------------------------------------------------------------------------------------------------------------------------------------+
; Multiplexer Restructuring Statistics (Restructuring Performed)                                                                           ;
+--------------------+-----------+---------------+----------------------+------------------------+------------+----------------------------+
; Multiplexer Inputs ; Bus Width ; Baseline Area ; Area if Restructured ; Saving if Restructured ; Registered ; Example Multiplexer Output ;
+--------------------+-----------+---------------+----------------------+------------------------+------------+----------------------------+
; 4:1                ; 8 bits    ; 16 LEs        ; 16 LEs               ; 0 LEs                  ; No         ; |signed_Calculator|Mux7    ;
+--------------------+-----------+---------------+----------------------+------------------------+------------+----------------------------+


+------------------------------------------------------------------+
; Parameter Settings for Inferred Entity Instance: lpm_divide:Div0 ;
+------------------------+----------------+------------------------+
; Parameter Name         ; Value          ; Type                   ;
+------------------------+----------------+------------------------+
; LPM_WIDTHN             ; 4              ; Untyped                ;
; LPM_WIDTHD             ; 4              ; Untyped                ;
; LPM_NREPRESENTATION    ; SIGNED         ; Untyped                ;
; LPM_DREPRESENTATION    ; SIGNED         ; Untyped                ;
; LPM_PIPELINE           ; 0              ; Untyped                ;
; LPM_REMAINDERPOSITIVE  ; FALSE          ; Untyped                ;
; MAXIMIZE_SPEED         ; 5              ; Untyped                ;
; CBXI_PARAMETER         ; lpm_divide_pno ; Untyped                ;
; CARRY_CHAIN            ; MANUAL         ; Untyped                ;
; OPTIMIZE_FOR_SPEED     ; 5              ; Untyped                ;
; AUTO_CARRY_CHAINS      ; ON             ; AUTO_CARRY             ;
; IGNORE_CARRY_BUFFERS   ; OFF            ; IGNORE_CARRY           ;
; AUTO_CASCADE_CHAINS    ; ON             ; AUTO_CASCADE           ;
; IGNORE_CASCADE_BUFFERS ; OFF            ; IGNORE_CASCADE         ;
+------------------------+----------------+------------------------+
Note: In order to hide this table in the UI and the text report file, please set the "Show Parameter Settings in Synthesis Report" option in "Analysis and Synthesis Settings -> More Settings" to "Off".


+-----------------------------------------------------+
; Post-Synthesis Netlist Statistics for Top Partition ;
+-----------------------+-----------------------------+
; Type                  ; Count                       ;
+-----------------------+-----------------------------+
; arriav_lcell_comb     ; 59                          ;
;     arith             ; 20                          ;
;         0 data inputs ; 4                           ;
;         1 data inputs ; 1                           ;
;         2 data inputs ; 6                           ;
;         3 data inputs ; 1                           ;
;         4 data inputs ; 3                           ;
;         5 data inputs ; 5                           ;
;     normal            ; 29                          ;
;         2 data inputs ; 4                           ;
;         3 data inputs ; 2                           ;
;         4 data inputs ; 8                           ;
;         5 data inputs ; 4                           ;
;         6 data inputs ; 11                          ;
;     shared            ; 10                          ;
;         0 data inputs ; 2                           ;
;         2 data inputs ; 6                           ;
;         4 data inputs ; 2                           ;
; arriav_mac            ; 1                           ;
; boundary_port         ; 18                          ;
;                       ;                             ;
; Max LUT depth         ; 12.00                       ;
; Average LUT depth     ; 7.70                        ;
+-----------------------+-----------------------------+


+-------------------------------+
; Elapsed Time Per Partition    ;
+----------------+--------------+
; Partition Name ; Elapsed Time ;
+----------------+--------------+
; Top            ; 00:00:01     ;
+----------------+--------------+


+--------------------------------+
; Analysis & Synthesis Equations ;
+--------------------------------+
The equations can be found in S:/CPET_DSD_LAB/Lab5/sign Calulator/output_files/signed_Calculator.map.eqn.


+-------------------------------+
; Analysis & Synthesis Messages ;
+-------------------------------+
Info: *******************************************************************
Info: Running Quartus Prime Analysis & Synthesis
    Info: Version 18.1.0 Build 625 09/12/2018 SJ Standard Edition
    Info: Processing started: Tue Sep 23 19:54:43 2025
Info: Command: quartus_map --read_settings_files=on --write_settings_files=off signed_Calculator -c signed_Calculator
Warning (18236): Number of processors has not been specified which may cause overloading on shared machines.  Set the global assignment NUM_PARALLEL_PROCESSORS in your QSF to an appropriate value for best performance.
Info (20030): Parallel compilation is enabled and will use 10 of the 10 processors detected
Info (12021): Found 2 design units, including 1 entities, in source file signed_calculator.vhd
    Info (12022): Found design unit 1: signed_Calculator-behavior File: S:/CPET_DSD_LAB/Lab5/sign Calulator/signed_Calculator.vhd Line: 11
    Info (12023): Found entity 1: signed_Calculator File: S:/CPET_DSD_LAB/Lab5/sign Calulator/signed_Calculator.vhd Line: 5
Info (12127): Elaborating entity "signed_Calculator" for the top level hierarchy
Warning (10492): VHDL Process Statement warning at signed_Calculator.vhd(19): signal "A" is read inside the Process Statement but isn't in the Process Statement's sensitivity list File: S:/CPET_DSD_LAB/Lab5/sign Calulator/signed_Calculator.vhd Line: 19
Warning (10492): VHDL Process Statement warning at signed_Calculator.vhd(20): signal "B" is read inside the Process Statement but isn't in the Process Statement's sensitivity list File: S:/CPET_DSD_LAB/Lab5/sign Calulator/signed_Calculator.vhd Line: 20
Warning (10492): VHDL Process Statement warning at signed_Calculator.vhd(23): signal "OP" is read inside the Process Statement but isn't in the Process Statement's sensitivity list File: S:/CPET_DSD_LAB/Lab5/sign Calulator/signed_Calculator.vhd Line: 23
Info (278001): Inferred 1 megafunctions from design logic
    Info (278004): Inferred divider/modulo megafunction ("lpm_divide") from the following logic: "Div0" File: S:/CPET_DSD_LAB/Lab5/sign Calulator/signed_Calculator.vhd Line: 31
Info (12130): Elaborated megafunction instantiation "lpm_divide:Div0" File: S:/CPET_DSD_LAB/Lab5/sign Calulator/signed_Calculator.vhd Line: 31
Info (12133): Instantiated megafunction "lpm_divide:Div0" with the following parameter: File: S:/CPET_DSD_LAB/Lab5/sign Calulator/signed_Calculator.vhd Line: 31
    Info (12134): Parameter "LPM_WIDTHN" = "4"
    Info (12134): Parameter "LPM_WIDTHD" = "4"
    Info (12134): Parameter "LPM_NREPRESENTATION" = "SIGNED"
    Info (12134): Parameter "LPM_DREPRESENTATION" = "SIGNED"
    Info (12134): Parameter "LPM_HINT" = "LPM_REMAINDERPOSITIVE=FALSE"
Info (12021): Found 1 design units, including 1 entities, in source file db/lpm_divide_pno.tdf
    Info (12023): Found entity 1: lpm_divide_pno File: S:/CPET_DSD_LAB/Lab5/sign Calulator/db/lpm_divide_pno.tdf Line: 24
Info (12021): Found 1 design units, including 1 entities, in source file db/abs_divider_2ag.tdf
    Info (12023): Found entity 1: abs_divider_2ag File: S:/CPET_DSD_LAB/Lab5/sign Calulator/db/abs_divider_2ag.tdf Line: 26
Info (12021): Found 1 design units, including 1 entities, in source file db/alt_u_div_kse.tdf
    Info (12023): Found entity 1: alt_u_div_kse File: S:/CPET_DSD_LAB/Lab5/sign Calulator/db/alt_u_div_kse.tdf Line: 22
Info (12021): Found 1 design units, including 1 entities, in source file db/lpm_abs_jn9.tdf
    Info (12023): Found entity 1: lpm_abs_jn9 File: S:/CPET_DSD_LAB/Lab5/sign Calulator/db/lpm_abs_jn9.tdf Line: 22
Info (286030): Timing-Driven Synthesis is running
Info (16010): Generating hard_block partition "hard_block:auto_generated_inst"
    Info (16011): Adding 0 node(s), including 0 DDIO, 0 PLL, 0 transceiver and 0 LCELL
Info (21057): Implemented 78 device resources after synthesis - the final resource count might be different
    Info (21058): Implemented 10 input pins
    Info (21059): Implemented 8 output pins
    Info (21061): Implemented 59 logic cells
    Info (21062): Implemented 1 DSP elements
Info: Quartus Prime Analysis & Synthesis was successful. 0 errors, 4 warnings
    Info: Peak virtual memory: 4882 megabytes
    Info: Processing ended: Tue Sep 23 19:54:54 2025
    Info: Elapsed time: 00:00:11
    Info: Total CPU time (on all processors): 00:00:17


