------------------------------------------------------------
Timing Analyzer Summary
------------------------------------------------------------

Type  : Slow 1100mV 85C Model Setup 'in_num[7]'
Slack : -3.296
TNS   : -22.070

Type  : Slow 1100mV 85C Model Hold 'in_num[7]'
Slack : 0.902
TNS   : 0.000

Type  : Slow 1100mV 85C Model Minimum Pulse Width 'in_num[7]'
Slack : 0.245
TNS   : 0.000

Type  : Slow 1100mV 0C Model Setup 'in_num[7]'
Slack : -3.597
TNS   : -23.388

Type  : Slow 1100mV 0C Model Hold 'in_num[7]'
Slack : 0.862
TNS   : 0.000

Type  : Slow 1100mV 0C Model Minimum Pulse Width 'in_num[7]'
Slack : 0.211
TNS   : 0.000

Type  : Fast 1100mV 85C Model Setup 'in_num[7]'
Slack : -0.966
TNS   : -6.028

Type  : Fast 1100mV 85C Model Hold 'in_num[7]'
Slack : 0.368
TNS   : 0.000

Type  : Fast 1100mV 85C Model Minimum Pulse Width 'in_num[7]'
Slack : -0.016
TNS   : -0.045

Type  : Fast 1100mV 0C Model Setup 'in_num[7]'
Slack : -0.844
TNS   : -5.042

Type  : Fast 1100mV 0C Model Hold 'in_num[7]'
Slack : 0.360
TNS   : 0.000

Type  : Fast 1100mV 0C Model Minimum Pulse Width 'in_num[7]'
Slack : -0.014
TNS   : -0.039

------------------------------------------------------------
