******************************************************************************
                  TI ARM Linker PC v20.2.7                     
******************************************************************************
>> Linked Fri May  1 11:33:06 2026

OUTPUT FILE NAME:   <roboticArm.out>
ENTRY POINT SYMBOL: "_c_int00_noargs"  address: 00002829


MEMORY CONFIGURATION

         name            origin    length      used     unused   attr    fill
----------------------  --------  ---------  --------  --------  ----  --------
  MAIN                  00000000   00040000  00002a8e  0003d572  R  X
  INFO                  00200000   00004000  00000000  00004000  R  X
  SRAM_CODE             01000000   00010000  00000afc  0000f504  RW X
  SRAM_DATA             20000000   00010000  00000afc  0000f504  RW  


SEGMENT ALLOCATION MAP

run origin  load origin   length   init length attrs members
----------  ----------- ---------- ----------- ----- -------
00000000    00000000    00002a90   00002a90    r-x
  00000000    00000000    000000e4   000000e4    r-- .intvecs
  000000e4    000000e4    00002912   00002912    r-x .text
  000029f8    000029f8    00000098   00000098    r-- .cinit
20000000    20000000    000008fc   00000000    rw-
  20000000    20000000    00000400   00000000    rw- .sysmem
  20000400    20000400    000002f0   00000000    rw- .bss
  200006f0    200006f0    0000020c   00000000    rw- .data
2000fe00    2000fe00    00000200   00000000    rw-
  2000fe00    2000fe00    00000200   00000000    rw- .stack


SECTION ALLOCATION MAP

 output                                  attributes/
section   page    origin      length       input sections
--------  ----  ----------  ----------   ----------------
.intvecs   0    00000000    000000e4     
                  00000000    000000e4     startup_msp432p401r_ccs.obj (.intvecs:retain)

.text      0    000000e4    00002912     
                  000000e4    00000ab0     main.obj (.text)
                  00000b94    000006cc     UART0.obj (.text)
                  00001260    00000334     system_msp432p401r.obj (.text)
                  00001594    000001e0     Clock.obj (.text)
                  00001774    000001a4     UART1.obj (.text)
                  00001918    00000110     Init_Timers.obj (.text)
                  00001a28    00000110     rtsv7M4_T_le_v4SPD16_eabi.lib : fopen.c.obj (.text:_openfile)
                  00001b38    00000100     Init_Ports.obj (.text)
                  00001c38    00000100     rtsv7M4_T_le_v4SPD16_eabi.lib : memory.c.obj (.text:aligned_alloc)
                  00001d38    000000e4                                   : memory.c.obj (.text:free)
                  00001e1c    000000dc                                   : setvbuf.c.obj (.text:setvbuf)
                  00001ef8    000000bc                                   : open.c.obj (.text:open)
                  00001fb4    000000b8                                   : add_device.c.obj (.text:add_device)
                  0000206c    0000009c                                   : fopen.c.obj (.text:fopen)
                  00002108    0000009c                                   : memcpy_t2.asm.obj (.text)
                  000021a4    0000007a                                   : memset_t2.asm.obj (.text)
                  0000221e    00000002                                   : _lock.c.obj (.text:_nop)
                  00002220    00000074                                   : fclose.c.obj (.text:__TI_closefile)
                  00002294    00000070                                   : memory.c.obj (.text:split)
                  00002304    0000006c                                   : hostrename.c.obj (.text:HOSTrename)
                  00002370    00000068                                   : hostlseek.c.obj (.text:HOSTlseek)
                  000023d8    00000068                                   : copy_decompress_lzss.c.obj (.text:decompress:lzss:__TI_decompress_lzss)
                  00002440    00000060                                   : hostopen.c.obj (.text:HOSTopen)
                  000024a0    0000005c                                   : close.c.obj (.text:close)
                  000024fc    00000058                                   : hostread.c.obj (.text:HOSTread)
                  00002554    00000058                                   : hostwrite.c.obj (.text:HOSTwrite)
                  000025ac    0000004c                                   : fflush.c.obj (.text:__TI_doflush)
                  000025f8    00000048                                   : exit.c.obj (.text:exit)
                  00002640    00000044                                   : hostclose.c.obj (.text:HOSTclose)
                  00002684    00000044                                   : hostunlink.c.obj (.text:HOSTunlink)
                  000026c8    00000044                                   : autoinit.c.obj (.text:__TI_auto_init_nobinit_nopinit:__TI_auto_init_nobinit_nopinit)
                  0000270c    00000044                                   : getdevice.c.obj (.text:getdevice)
                  00002750    00000038                                   : trgmsg.c.obj (.text:__TI_writemsg)
                  00002788    00000036                                   : strncpy.c.obj (.text:strncpy)
                  000027be    00000002     --HOLE-- [fill = 0]
                  000027c0    00000034                                   : fopen.c.obj (.text:__TI_cleanup)
                  000027f4    00000034                                   : trgmsg.c.obj (.text:__TI_readmsg)
                  00002828    00000034                                   : boot_cortex_m.c.obj (.text:_c_int00_noargs:_c_int00_noargs)
                  0000285c    00000034                                   : fopen.c.obj (.text:freopen)
                  00002890    00000030                                   : getdevice.c.obj (.text:finddevice)
                  000028c0    0000002c                                   : unlink.c.obj (.text:unlink)
                  000028ec    00000028                                   : memory.c.obj (.text:free_list_insert)
                  00002914    00000028                                   : write.c.obj (.text:write)
                  0000293c    0000001c                                   : copy_zero_init.c.obj (.text:decompress:ZI:__TI_zero_init_nomemset:__TI_zero_init_nomemset)
                  00002958    0000001c                                   : memory.c.obj (.text:free_list_remove)
                  00002974    00000018                                   : strcmp.c.obj (.text:strcmp)
                  0000298c    00000016                                   : strchr.c.obj (.text:strchr)
                  000029a2    00000014                                   : strcpy.c.obj (.text:strcpy)
                  000029b6    00000014                                   : strlen.c.obj (.text:strlen)
                  000029ca    0000000e                                   : copy_decompress_none.c.obj (.text:decompress:none:__TI_decompress_none)
                  000029d8    0000000e     startup_msp432p401r_ccs.obj (.text)
                  000029e6    00000008     rtsv7M4_T_le_v4SPD16_eabi.lib : memory.c.obj (.text:malloc)
                  000029ee    00000004                                   : pre_init.c.obj (.text:_system_pre_init)
                  000029f2    00000004                                   : exit.c.obj (.text:abort:abort)

.cinit     0    000029f8    00000098     
                  000029f8    00000072     (.cinit..data.load) [load image, compression = lzss]
                  00002a6a    00000002     --HOLE-- [fill = 0]
                  00002a6c    0000000c     (__TI_handler_table)
                  00002a78    00000008     (.cinit..bss.load) [load image, compression = zero_init]
                  00002a80    00000010     (__TI_cinit_table)

.init_array 
*          0    00000000    00000000     UNINITIALIZED

.binit     0    00000000    00000000     

.sysmem    0    20000000    00000400     UNINITIALIZED
                  20000000    00000010     rtsv7M4_T_le_v4SPD16_eabi.lib : memory.c.obj (.sysmem)
                  20000010    000003f0     --HOLE--

.bss       0    20000400    000002f0     UNINITIALIZED
                  20000400    00000120     rtsv7M4_T_le_v4SPD16_eabi.lib : trgmsg.c.obj (.bss:_CIOBUF_)
                  20000520    00000100     (.common:RxFIFO)
                  20000620    000000a0     (.common:__TI_tmpnams)
                  200006c0    00000010     (.common:pos)
                  200006d0    00000008     (.common:Messageb)
                  200006d8    00000008     (.common:parmbuf)
                  200006e0    00000004     (.common:Messageindexb)
                  200006e4    00000004     (.common:RxFifoLost)
                  200006e8    00000004     (.common:RxGetI)
                  200006ec    00000004     (.common:RxPutI)

.data      0    200006f0    0000020c     UNINITIALIZED
                  200006f0    000000f0     rtsv7M4_T_le_v4SPD16_eabi.lib : defs.c.obj (.data:_ftable)
                  200007e0    00000078                                   : host_device.c.obj (.data:_device)
                  20000858    00000050                                   : host_device.c.obj (.data:_stream)
                  200008a8    00000018     Clock.obj (.data)
                  200008c0    00000010     rtsv7M4_T_le_v4SPD16_eabi.lib : defs.c.obj (.data)
                  200008d0    0000000c                                   : exit.c.obj (.data:$O1$$)
                  200008dc    00000008                                   : _lock.c.obj (.data:$O1$$)
                  200008e4    00000008                                   : memory.c.obj (.data:$O1$$)
                  200008ec    00000004                                   : add_device.c.obj (.data)
                  200008f0    00000004                                   : fopen.c.obj (.data)
                  200008f4    00000004                                   : open.c.obj (.data)
                  200008f8    00000004     system_msp432p401r.obj (.data)

.stack     0    2000fe00    00000200     UNINITIALIZED
                  2000fe00    00000004     rtsv7M4_T_le_v4SPD16_eabi.lib : boot_cortex_m.c.obj (.stack)
                  2000fe04    000001fc     --HOLE--

__llvm_prf_cnts 
*          0    20000000    00000000     UNINITIALIZED

MODULE SUMMARY

       Module                        code    ro data   rw data
       ------                        ----    -------   -------
    .\
       main.obj                      2736    0         32     
       UART0.obj                     1740    0         24     
       UART1.obj                     420     0         536    
       system_msp432p401r.obj        820     0         8      
       Clock.obj                     480     0         48     
       Init_Timers.obj               272     0         0      
       Init_Ports.obj                256     0         0      
       startup_msp432p401r_ccs.obj   14      228       0      
    +--+-----------------------------+-------+---------+---------+
       Total:                        6738    228       648    
                                                              
    C:\ti\ccs1271\ccs\tools\compiler\ti-cgt-arm_20.2.7.LTS\lib\rtsv7M4_T_le_v4SPD16_eabi.lib
       defs.c.obj                    0       0         832    
       memory.c.obj                  672     0         16     
       trgmsg.c.obj                  108     0         576    
       fopen.c.obj                   532     0         8      
       host_device.c.obj             0       0         400    
       setvbuf.c.obj                 220     0         0      
       open.c.obj                    188     0         8      
       add_device.c.obj              184     0         8      
       memcpy_t2.asm.obj             156     0         0      
       memset_t2.asm.obj             122     0         0      
       fclose.c.obj                  116     0         0      
       getdevice.c.obj               116     0         0      
       hostopen.c.obj                96      0         16     
       hostrename.c.obj              108     0         0      
       copy_decompress_lzss.c.obj    104     0         0      
       hostlseek.c.obj               104     0         0      
       exit.c.obj                    76      0         24     
       close.c.obj                   92      0         0      
       hostread.c.obj                88      0         0      
       hostwrite.c.obj               88      0         0      
       fflush.c.obj                  76      0         0      
       autoinit.c.obj                68      0         0      
       hostclose.c.obj               68      0         0      
       hostunlink.c.obj              68      0         0      
       strncpy.c.obj                 54      0         0      
       boot_cortex_m.c.obj           52      0         0      
       unlink.c.obj                  44      0         0      
       write.c.obj                   40      0         0      
       copy_zero_init.c.obj          28      0         0      
       strcmp.c.obj                  24      0         0      
       strchr.c.obj                  22      0         0      
       strcpy.c.obj                  20      0         0      
       strlen.c.obj                  20      0         0      
       _lock.c.obj                   2       0         16     
       copy_decompress_none.c.obj    14      0         0      
       pre_init.c.obj                4       0         0      
    +--+-----------------------------+-------+---------+---------+
       Total:                        3774    0         1904   
                                                              
       Heap:                         0       0         2048   
       Stack:                        0       0         1024   
       Linker Generated:             0       150       0      
    +--+-----------------------------+-------+---------+---------+
       Grand Total:                  10512   378       5624   


LINKER GENERATED COPY TABLES

__TI_cinit_table @ 00002a80 records: 2, size/record: 8, table size: 16
	.data: load addr=000029f8, load size=00000072 bytes, run addr=200006f0, run size=0000020c bytes, compression=lzss
	.bss: load addr=00002a78, load size=00000008 bytes, run addr=20000400, run size=000002f0 bytes, compression=zero_init


LINKER GENERATED HANDLER TABLE

__TI_handler_table @ 00002a6c records: 3, size/record: 4, table size: 12
	index: 0, handler: __TI_decompress_lzss
	index: 1, handler: __TI_decompress_none
	index: 2, handler: __TI_zero_init


GLOBAL SYMBOLS: SORTED ALPHABETICALLY BY Name 

address   name                           
-------   ----                           
000029e5  ADC14_IRQHandler               
000029e5  AES256_IRQHandler              
000029e5  BusFault_Handler               
000005c9  Buzzer_PlayGrabbed             
00000555  Buzzer_PlayLocating            
0000061d  Buzzer_PlayNotFound            
000004d1  Buzzer_PlayStartup             
000029f3  C$$EXIT                        
0000277f  C$$IO$$                        
000029e5  COMP_E0_IRQHandler             
000029e5  COMP_E1_IRQHandler             
200008b0  CPMwait                        
000029e5  CS_IRQHandler                  
200008a8  ClockFrequency                 
000016e9  Clock_Delay1ms                 
000016bf  Clock_Delay1us                 
000016ab  Clock_GetFreq                  
00001595  Clock_Init48MHz                
200008bc  Crystalstable                  
000029e5  DMA_ERR_IRQHandler             
000029e5  DMA_INT0_IRQHandler            
000029e5  DMA_INT1_IRQHandler            
000029e5  DMA_INT2_IRQHandler            
000029e5  DMA_INT3_IRQHandler            
000029e5  DebugMon_Handler               
000029e5  Default_Handler                
000029e5  EUSCIA0_IRQHandler             
000029e5  EUSCIA1_IRQHandler             
0000189d  EUSCIA2_IRQHandler             
0000189d  EUSCIA2_IRQHandler             
000029e5  EUSCIA3_IRQHandler             
000029e5  EUSCIB0_IRQHandler             
000029e5  EUSCIB1_IRQHandler             
000029e5  EUSCIB2_IRQHandler             
000029e5  EUSCIB3_IRQHandler             
000029e5  FLCTL_IRQHandler               
000029e5  FPU_IRQHandler                 
00002641  HOSTclose                      
00002371  HOSTlseek                      
00002441  HOSTopen                       
000024fd  HOSTread                       
00002305  HOSTrename                     
00002685  HOSTunlink                     
00002555  HOSTwrite                      
000029e5  HardFault_Handler              
0000067b  HomeAll                        
0000021f  I2C_Init                       
00000249  I2C_SendByte                   
200008b8  IFlags                         
0000039d  LCD_Clear                      
0000030d  LCD_Command                    
00000325  LCD_Data                       
0000033d  LCD_Init                       
000003d3  LCD_Print                      
00000291  LCD_PulseEnable                
000002df  LCD_SendByte                   
000002c1  LCD_SendNibble                 
000003ad  LCD_SetCursor                  
000003ef  LCD_Update                     
000029e5  MemManage_Handler              
200006d0  Messageb                       
200006e0  Messageindexb                  
000006d5  MoveRobot                      
000029e5  NMI_Handler                    
000029e5  PCM_IRQHandler                 
000029e5  PORT1_IRQHandler               
000029e5  PORT2_IRQHandler               
000029e5  PORT3_IRQHandler               
000029e5  PORT4_IRQHandler               
000029e5  PORT5_IRQHandler               
000029e5  PORT6_IRQHandler               
000029e5  PSS_IRQHandler                 
000029e5  PendSV_Handler                 
00001bc3  Port10_Init                    
00001b39  Port6_Init                     
00001b63  Port7_Init                     
00001b83  Port8_Init                     
00001ba3  Port9_Init                     
0000019d  Pos_Init                       
200008b4  Postwait                       
200008ac  Prewait                        
000029e5  RTC_C_IRQHandler               
000029d9  Reset_Handler                  
20000520  RxFIFO                         
200006e4  RxFifoLost                     
000017cd  RxFifo_Get                     
00001775  RxFifo_Init                    
00001787  RxFifo_Put                     
200006e8  RxGetI                         
200006ec  RxPutI                         
000029e5  SVC_Handler                    
000000e5  ServoSet                       
000029e5  SysTick_Handler                
200008f8  SystemCoreClock                
00001261  SystemCoreClockUpdate          
000014d9  SystemInit                     
000029e5  T32_INT1_IRQHandler            
000029e5  T32_INT2_IRQHandler            
000029e5  T32_INTC_IRQHandler            
000029e5  TA0_0_IRQHandler               
000029e5  TA0_N_IRQHandler               
000029e5  TA1_0_IRQHandler               
000029e5  TA1_N_IRQHandler               
000029e5  TA2_0_IRQHandler               
000029e5  TA2_N_IRQHandler               
000029e5  TA3_0_IRQHandler               
000029e5  TA3_N_IRQHandler               
00001919  TimerA1_Init                   
00001971  TimerA3_Init                   
00000bdb  UART0_InChar                   
00001075  UART0_InString                 
00000c25  UART0_InUDec                   
00000f29  UART0_InUHex                   
00000b95  UART0_Init                     
000011d5  UART0_Initprintf               
00000beb  UART0_OutChar                  
00000cdd  UART0_OutSDec                  
00000c07  UART0_OutString                
00000ca9  UART0_OutUDec                  
00000e23  UART0_OutUDec4                 
00000e7d  UART0_OutUDec5                 
00000eb5  UART0_OutUFix1                 
00000edd  UART0_OutUFix2                 
00000fed  UART0_OutUHex                  
00001059  UART0_OutUHex2                 
000018d1  UART1_FinishOutput             
0000186f  UART1_InChar                   
00001803  UART1_InStatus                 
00001813  UART1_Init                     
00001881  UART1_OutChar                  
000018b3  UART1_OutString                
000029e5  UsageFault_Handler             
4000480c  WDTCTL_SYM                     
000029e5  WDT_A_IRQHandler               
20000400  __CIOBUF_                      
20010000  __STACK_END                    
00000200  __STACK_SIZE                   
00000400  __SYSMEM_SIZE                  
00002a80  __TI_CINIT_Base                
00002a90  __TI_CINIT_Limit               
00002a6c  __TI_Handler_Table_Base        
00002a78  __TI_Handler_Table_Limit       
000026c9  __TI_auto_init_nobinit_nopinit 
000027c1  __TI_cleanup                   
200008d0  __TI_cleanup_ptr               
00002221  __TI_closefile                 
000023d9  __TI_decompress_lzss           
000029cb  __TI_decompress_none           
000025ad  __TI_doflush                   
200008d4  __TI_dtors_ptr                 
200008d8  __TI_enable_exit_profile_output
200008c0  __TI_ft_end                    
ffffffff  __TI_pprof_out_hndl            
ffffffff  __TI_prof_data_size            
ffffffff  __TI_prof_data_start           
000027f5  __TI_readmsg                   
00000000  __TI_static_base__             
20000620  __TI_tmpnams                   
00002751  __TI_writemsg                  
0000293d  __TI_zero_init_nomemset        
000021a5  __aeabi_memclr                 
000021a5  __aeabi_memclr4                
000021a5  __aeabi_memclr8                
00002109  __aeabi_memcpy                 
00002109  __aeabi_memcpy4                
00002109  __aeabi_memcpy8                
000021a7  __aeabi_memset                 
000021a7  __aeabi_memset4                
000021a7  __aeabi_memset8                
200008cc  __aeabi_stderr                 
200008c4  __aeabi_stdin                  
200008c8  __aeabi_stdout                 
ffffffff  __binit__                      
ffffffff  __c_args__                     
UNDEFED   __mpu_init                     
2000fe00  __stack                        
20000000  __start___llvm_prf_cnts        
20000000  __stop___llvm_prf_cnts         
00002829  _c_int00_noargs                
200007e0  _device                        
200006f0  _ftable                        
200008dc  _lock                          
0000221f  _nop                           
20000858  _stream                        
20000000  _sys_memory                    
UNDEFED   _system_post_cinit             
000029ef  _system_pre_init               
200008e0  _unlock                        
000029f3  abort                          
00001fb5  add_device                     
00001c39  aligned_alloc                  
ffffffff  binit                          
000024a1  close                          
000016b1  delay                          
000025f9  exit                           
0000110f  ferror                         
000010ef  fgetc                          
00002891  finddevice                     
0000206d  fopen                          
00001d39  free                           
0000285d  freopen                        
0000270d  getdevice                      
00000000  interruptVectors               
00000a2d  main                           
000029e7  malloc                         
00001c39  memalign                       
00002109  memcpy                         
000021ad  memset                         
00001ef9  open                           
00001031  outnibble                      
200006d8  parmbuf                        
0000042d  playnote                       
200006c0  pos                            
000028c1  remove                         
00001e1d  setvbuf                        
0000298d  strchr                         
00002975  strcmp                         
000029a3  strcpy                         
000029b7  strlen                         
00002789  strncpy                        
0000112d  uart_close                     
000011ab  uart_lseek                     
0000111d  uart_open                      
0000113f  uart_read                      
000011c7  uart_rename                    
000011bb  uart_unlink                    
00001169  uart_write                     
000028c1  unlink                         
00002915  write                          


GLOBAL SYMBOLS: SORTED BY Symbol Address 

address   name                           
-------   ----                           
00000000  __TI_static_base__             
00000000  interruptVectors               
000000e5  ServoSet                       
0000019d  Pos_Init                       
00000200  __STACK_SIZE                   
0000021f  I2C_Init                       
00000249  I2C_SendByte                   
00000291  LCD_PulseEnable                
000002c1  LCD_SendNibble                 
000002df  LCD_SendByte                   
0000030d  LCD_Command                    
00000325  LCD_Data                       
0000033d  LCD_Init                       
0000039d  LCD_Clear                      
000003ad  LCD_SetCursor                  
000003d3  LCD_Print                      
000003ef  LCD_Update                     
00000400  __SYSMEM_SIZE                  
0000042d  playnote                       
000004d1  Buzzer_PlayStartup             
00000555  Buzzer_PlayLocating            
000005c9  Buzzer_PlayGrabbed             
0000061d  Buzzer_PlayNotFound            
0000067b  HomeAll                        
000006d5  MoveRobot                      
00000a2d  main                           
00000b95  UART0_Init                     
00000bdb  UART0_InChar                   
00000beb  UART0_OutChar                  
00000c07  UART0_OutString                
00000c25  UART0_InUDec                   
00000ca9  UART0_OutUDec                  
00000cdd  UART0_OutSDec                  
00000e23  UART0_OutUDec4                 
00000e7d  UART0_OutUDec5                 
00000eb5  UART0_OutUFix1                 
00000edd  UART0_OutUFix2                 
00000f29  UART0_InUHex                   
00000fed  UART0_OutUHex                  
00001031  outnibble                      
00001059  UART0_OutUHex2                 
00001075  UART0_InString                 
000010ef  fgetc                          
0000110f  ferror                         
0000111d  uart_open                      
0000112d  uart_close                     
0000113f  uart_read                      
00001169  uart_write                     
000011ab  uart_lseek                     
000011bb  uart_unlink                    
000011c7  uart_rename                    
000011d5  UART0_Initprintf               
00001261  SystemCoreClockUpdate          
000014d9  SystemInit                     
00001595  Clock_Init48MHz                
000016ab  Clock_GetFreq                  
000016b1  delay                          
000016bf  Clock_Delay1us                 
000016e9  Clock_Delay1ms                 
00001775  RxFifo_Init                    
00001787  RxFifo_Put                     
000017cd  RxFifo_Get                     
00001803  UART1_InStatus                 
00001813  UART1_Init                     
0000186f  UART1_InChar                   
00001881  UART1_OutChar                  
0000189d  EUSCIA2_IRQHandler             
0000189d  EUSCIA2_IRQHandler             
000018b3  UART1_OutString                
000018d1  UART1_FinishOutput             
00001919  TimerA1_Init                   
00001971  TimerA3_Init                   
00001b39  Port6_Init                     
00001b63  Port7_Init                     
00001b83  Port8_Init                     
00001ba3  Port9_Init                     
00001bc3  Port10_Init                    
00001c39  aligned_alloc                  
00001c39  memalign                       
00001d39  free                           
00001e1d  setvbuf                        
00001ef9  open                           
00001fb5  add_device                     
0000206d  fopen                          
00002109  __aeabi_memcpy                 
00002109  __aeabi_memcpy4                
00002109  __aeabi_memcpy8                
00002109  memcpy                         
000021a5  __aeabi_memclr                 
000021a5  __aeabi_memclr4                
000021a5  __aeabi_memclr8                
000021a7  __aeabi_memset                 
000021a7  __aeabi_memset4                
000021a7  __aeabi_memset8                
000021ad  memset                         
0000221f  _nop                           
00002221  __TI_closefile                 
00002305  HOSTrename                     
00002371  HOSTlseek                      
000023d9  __TI_decompress_lzss           
00002441  HOSTopen                       
000024a1  close                          
000024fd  HOSTread                       
00002555  HOSTwrite                      
000025ad  __TI_doflush                   
000025f9  exit                           
00002641  HOSTclose                      
00002685  HOSTunlink                     
000026c9  __TI_auto_init_nobinit_nopinit 
0000270d  getdevice                      
00002751  __TI_writemsg                  
0000277f  C$$IO$$                        
00002789  strncpy                        
000027c1  __TI_cleanup                   
000027f5  __TI_readmsg                   
00002829  _c_int00_noargs                
0000285d  freopen                        
00002891  finddevice                     
000028c1  remove                         
000028c1  unlink                         
00002915  write                          
0000293d  __TI_zero_init_nomemset        
00002975  strcmp                         
0000298d  strchr                         
000029a3  strcpy                         
000029b7  strlen                         
000029cb  __TI_decompress_none           
000029d9  Reset_Handler                  
000029e5  ADC14_IRQHandler               
000029e5  AES256_IRQHandler              
000029e5  BusFault_Handler               
000029e5  COMP_E0_IRQHandler             
000029e5  COMP_E1_IRQHandler             
000029e5  CS_IRQHandler                  
000029e5  DMA_ERR_IRQHandler             
000029e5  DMA_INT0_IRQHandler            
000029e5  DMA_INT1_IRQHandler            
000029e5  DMA_INT2_IRQHandler            
000029e5  DMA_INT3_IRQHandler            
000029e5  DebugMon_Handler               
000029e5  Default_Handler                
000029e5  EUSCIA0_IRQHandler             
000029e5  EUSCIA1_IRQHandler             
000029e5  EUSCIA3_IRQHandler             
000029e5  EUSCIB0_IRQHandler             
000029e5  EUSCIB1_IRQHandler             
000029e5  EUSCIB2_IRQHandler             
000029e5  EUSCIB3_IRQHandler             
000029e5  FLCTL_IRQHandler               
000029e5  FPU_IRQHandler                 
000029e5  HardFault_Handler              
000029e5  MemManage_Handler              
000029e5  NMI_Handler                    
000029e5  PCM_IRQHandler                 
000029e5  PORT1_IRQHandler               
000029e5  PORT2_IRQHandler               
000029e5  PORT3_IRQHandler               
000029e5  PORT4_IRQHandler               
000029e5  PORT5_IRQHandler               
000029e5  PORT6_IRQHandler               
000029e5  PSS_IRQHandler                 
000029e5  PendSV_Handler                 
000029e5  RTC_C_IRQHandler               
000029e5  SVC_Handler                    
000029e5  SysTick_Handler                
000029e5  T32_INT1_IRQHandler            
000029e5  T32_INT2_IRQHandler            
000029e5  T32_INTC_IRQHandler            
000029e5  TA0_0_IRQHandler               
000029e5  TA0_N_IRQHandler               
000029e5  TA1_0_IRQHandler               
000029e5  TA1_N_IRQHandler               
000029e5  TA2_0_IRQHandler               
000029e5  TA2_N_IRQHandler               
000029e5  TA3_0_IRQHandler               
000029e5  TA3_N_IRQHandler               
000029e5  UsageFault_Handler             
000029e5  WDT_A_IRQHandler               
000029e7  malloc                         
000029ef  _system_pre_init               
000029f3  C$$EXIT                        
000029f3  abort                          
00002a6c  __TI_Handler_Table_Base        
00002a78  __TI_Handler_Table_Limit       
00002a80  __TI_CINIT_Base                
00002a90  __TI_CINIT_Limit               
20000000  __start___llvm_prf_cnts        
20000000  __stop___llvm_prf_cnts         
20000000  _sys_memory                    
20000400  __CIOBUF_                      
20000520  RxFIFO                         
20000620  __TI_tmpnams                   
200006c0  pos                            
200006d0  Messageb                       
200006d8  parmbuf                        
200006e0  Messageindexb                  
200006e4  RxFifoLost                     
200006e8  RxGetI                         
200006ec  RxPutI                         
200006f0  _ftable                        
200007e0  _device                        
20000858  _stream                        
200008a8  ClockFrequency                 
200008ac  Prewait                        
200008b0  CPMwait                        
200008b4  Postwait                       
200008b8  IFlags                         
200008bc  Crystalstable                  
200008c0  __TI_ft_end                    
200008c4  __aeabi_stdin                  
200008c8  __aeabi_stdout                 
200008cc  __aeabi_stderr                 
200008d0  __TI_cleanup_ptr               
200008d4  __TI_dtors_ptr                 
200008d8  __TI_enable_exit_profile_output
200008dc  _lock                          
200008e0  _unlock                        
200008f8  SystemCoreClock                
2000fe00  __stack                        
20010000  __STACK_END                    
4000480c  WDTCTL_SYM                     
ffffffff  __TI_pprof_out_hndl            
ffffffff  __TI_prof_data_size            
ffffffff  __TI_prof_data_start           
ffffffff  __binit__                      
ffffffff  __c_args__                     
ffffffff  binit                          
UNDEFED   __mpu_init                     
UNDEFED   _system_post_cinit             

[229 symbols]
