******************************************************************************
                  TI ARM Linker PC v20.2.7                     
******************************************************************************
>> Linked Sat Apr 11 10:42:00 2026

OUTPUT FILE NAME:   <Lab5.out>
ENTRY POINT SYMBOL: "_c_int00_noargs"  address: 00001045


MEMORY CONFIGURATION

         name            origin    length      used     unused   attr    fill
----------------------  --------  ---------  --------  --------  ----  --------
  MAIN                  00000000   00040000  000010dc  0003ef24  R  X
  INFO                  00200000   00004000  00000000  00004000  R  X
  SRAM_CODE             01000000   00010000  0000021c  0000fde4  RW X
  SRAM_DATA             20000000   00010000  0000021c  0000fde4  RW  


SEGMENT ALLOCATION MAP

run origin  load origin   length   init length attrs members
----------  ----------- ---------- ----------- ----- -------
00000000    00000000    000010e0   000010e0    r-x
  00000000    00000000    000000e4   000000e4    r-- .intvecs
  000000e4    000000e4    00000fd8   00000fd8    r-x .text
  000010c0    000010c0    00000020   00000020    r-- .cinit
20000000    20000000    0000001c   00000000    rw-
  20000000    20000000    0000001c   00000000    rw- .data
2000fe00    2000fe00    00000200   00000000    rw-
  2000fe00    2000fe00    00000200   00000000    rw- .stack


SECTION ALLOCATION MAP

 output                                  attributes/
section   page    origin      length       input sections
--------  ----  ----------  ----------   ----------------
.intvecs   0    00000000    000000e4     
                  00000000    000000e4     startup_msp432p401r_ccs.obj (.intvecs:retain)

.text      0    000000e4    00000fd8     
                  000000e4    00000388     Lab5_main.obj (.text)
                  0000046c    00000334     system_msp432p401r.obj (.text)
                  000007a0    000001e0     Clock.obj (.text)
                  00000980    00000190     Motor.obj (.text)
                  00000b10    00000136     rtsv7M4_T_le_v4SPD16_eabi.lib : fd_div_t2.asm.obj (.text)
                  00000c46    000000fc                                   : fd_mul_t2.asm.obj (.text)
                  00000d42    00000002     --HOLE-- [fill = 0]
                  00000d44    000000d8     Init_Ports.obj (.text)
                  00000e1c    0000009c     rtsv7M4_T_le_v4SPD16_eabi.lib : memcpy_t2.asm.obj (.text)
                  00000eb8    00000098     Init_Timers.obj (.text)
                  00000f50    00000068     rtsv7M4_T_le_v4SPD16_eabi.lib : copy_decompress_lzss.c.obj (.text:decompress:lzss:__TI_decompress_lzss)
                  00000fb8    00000048                                   : fd_toi_t2.asm.obj (.text)
                  00001000    00000044                                   : autoinit.c.obj (.text:__TI_auto_init_nobinit_nopinit:__TI_auto_init_nobinit_nopinit)
                  00001044    00000034                                   : boot_cortex_m.c.obj (.text:_c_int00_noargs:_c_int00_noargs)
                  00001078    00000020                                   : u_tofd_t2.asm.obj (.text)
                  00001098    0000000e                                   : copy_decompress_none.c.obj (.text:decompress:none:__TI_decompress_none)
                  000010a6    0000000e     startup_msp432p401r_ccs.obj (.text)
                  000010b4    00000004     rtsv7M4_T_le_v4SPD16_eabi.lib : pre_init.c.obj (.text:_system_pre_init)
                  000010b8    00000004                                   : exit.c.obj (.text:abort:abort)

.cinit     0    000010c0    00000020     
                  000010c0    0000000d     (.cinit..data.load) [load image, compression = lzss]
                  000010cd    00000003     --HOLE-- [fill = 0]
                  000010d0    00000008     (__TI_handler_table)
                  000010d8    00000008     (__TI_cinit_table)

.init_array 
*          0    00000000    00000000     UNINITIALIZED

.binit     0    00000000    00000000     

.data      0    20000000    0000001c     UNINITIALIZED
                  20000000    00000018     Clock.obj (.data)
                  20000018    00000004     system_msp432p401r.obj (.data)

.stack     0    2000fe00    00000200     UNINITIALIZED
                  2000fe00    00000004     rtsv7M4_T_le_v4SPD16_eabi.lib : boot_cortex_m.c.obj (.stack)
                  2000fe04    000001fc     --HOLE--

__llvm_prf_cnts 
*          0    20000000    00000000     UNINITIALIZED

MODULE SUMMARY

       Module                        code   ro data   rw data
       ------                        ----   -------   -------
    .\
       Lab5_main.obj                 904    0         0      
       system_msp432p401r.obj        820    0         8      
       Clock.obj                     480    0         48     
       Motor.obj                     400    0         0      
       startup_msp432p401r_ccs.obj   14     228       0      
       Init_Ports.obj                216    0         0      
       Init_Timers.obj               152    0         0      
    +--+-----------------------------+------+---------+---------+
       Total:                        2986   228       56     
                                                             
    C:\ti\ccs1281\ccs\tools\compiler\ti-cgt-arm_20.2.7.LTS\lib\rtsv7M4_T_le_v4SPD16_eabi.lib
       fd_div_t2.asm.obj             310    0         0      
       fd_mul_t2.asm.obj             252    0         0      
       memcpy_t2.asm.obj             156    0         0      
       copy_decompress_lzss.c.obj    104    0         0      
       fd_toi_t2.asm.obj             72     0         0      
       autoinit.c.obj                68     0         0      
       boot_cortex_m.c.obj           52     0         0      
       u_tofd_t2.asm.obj             32     0         0      
       copy_decompress_none.c.obj    14     0         0      
       exit.c.obj                    4      0         0      
       pre_init.c.obj                4      0         0      
    +--+-----------------------------+------+---------+---------+
       Total:                        1068   0         0      
                                                             
       Stack:                        0      0         1024   
       Linker Generated:             0      29        0      
    +--+-----------------------------+------+---------+---------+
       Grand Total:                  4054   257       1080   


LINKER GENERATED COPY TABLES

__TI_cinit_table @ 000010d8 records: 1, size/record: 8, table size: 8
	.data: load addr=000010c0, load size=0000000d bytes, run addr=20000000, run size=0000001c bytes, compression=lzss


LINKER GENERATED HANDLER TABLE

__TI_handler_table @ 000010d0 records: 2, size/record: 4, table size: 8
	index: 0, handler: __TI_decompress_lzss
	index: 1, handler: __TI_decompress_none


GLOBAL SYMBOLS: SORTED ALPHABETICALLY BY Name 

address   name                          
-------   ----                          
000010b3  ADC14_IRQHandler              
000010b3  AES256_IRQHandler             
000010b3  BusFault_Handler              
000010b9  C$$EXIT                       
000010b3  COMP_E0_IRQHandler            
000010b3  COMP_E1_IRQHandler            
20000008  CPMwait                       
000010b3  CS_IRQHandler                 
20000000  ClockFrequency                
000008f5  Clock_Delay1ms                
000008cb  Clock_Delay1us                
000008b7  Clock_GetFreq                 
000007a1  Clock_Init48MHz               
20000014  Crystalstable                 
000010b3  DMA_ERR_IRQHandler            
000010b3  DMA_INT0_IRQHandler           
000010b3  DMA_INT1_IRQHandler           
000010b3  DMA_INT2_IRQHandler           
000010b3  DMA_INT3_IRQHandler           
000010b3  DebugMon_Handler              
000010b3  Default_Handler               
000010b3  EUSCIA0_IRQHandler            
000010b3  EUSCIA1_IRQHandler            
000010b3  EUSCIA2_IRQHandler            
000010b3  EUSCIA3_IRQHandler            
000010b3  EUSCIB0_IRQHandler            
000010b3  EUSCIB1_IRQHandler            
000010b3  EUSCIB2_IRQHandler            
000010b3  EUSCIB3_IRQHandler            
000010b3  FLCTL_IRQHandler              
000010b3  FPU_IRQHandler                
000010b3  HardFault_Handler             
20000010  IFlags                        
000010b3  MemManage_Handler             
00000aa1  Motor_Backward                
000009a3  Motor_Forward                 
00000a4f  Motor_Left                    
000009fd  Motor_Right                   
00000981  Motor_Stop                    
000010b3  NMI_Handler                   
000010b3  PCM_IRQHandler                
000010b3  PORT1_IRQHandler              
000010b3  PORT2_IRQHandler              
000010b3  PORT3_IRQHandler              
000010b3  PORT4_IRQHandler              
000010b3  PORT5_IRQHandler              
000010b3  PORT6_IRQHandler              
000010b3  PSS_IRQHandler                
000010b3  PendSV_Handler                
00000ded  Port10_Init                   
00000d45  Port1_Init                    
00000d47  Port2_Init                    
00000d85  Port3_Init                    
00000d9b  Port4_Init                    
00000d9d  Port5_Init                    
00000db3  Port6_Init                    
00000dc9  Port7_Init                    
00000dcb  Port8_Init                    
00000dcd  Port9_Init                    
00000def  PortJ_Init                    
2000000c  Postwait                      
20000004  Prewait                       
000010b3  RTC_C_IRQHandler              
000010a7  Reset_Handler                 
000010b3  SVC_Handler                   
00000105  Servo                         
000000e5  ServoInit                     
000010b3  SysTick_Handler               
20000018  SystemCoreClock               
0000046d  SystemCoreClockUpdate         
000006e5  SystemInit                    
000010b3  T32_INT1_IRQHandler           
000010b3  T32_INT2_IRQHandler           
000010b3  T32_INTC_IRQHandler           
000010b3  TA0_0_IRQHandler              
000010b3  TA0_N_IRQHandler              
000010b3  TA1_0_IRQHandler              
000010b3  TA1_N_IRQHandler              
000010b3  TA2_0_IRQHandler              
000010b3  TA2_N_IRQHandler              
000010b3  TA3_0_IRQHandler              
000010b3  TA3_N_IRQHandler              
00000eb9  TimerA0_Init                  
00000eef  TimerA1_Init                  
00000ef1  TimerA2_Init                  
00000f01  TimerA3_Init                  
000010b3  UsageFault_Handler            
4000480c  WDTCTL_SYM                    
000010b3  WDT_A_IRQHandler              
20010000  __STACK_END                   
00000200  __STACK_SIZE                  
000010d8  __TI_CINIT_Base               
000010e0  __TI_CINIT_Limit              
000010d0  __TI_Handler_Table_Base       
000010d8  __TI_Handler_Table_Limit      
00001001  __TI_auto_init_nobinit_nopinit
00000f51  __TI_decompress_lzss          
00001099  __TI_decompress_none          
ffffffff  __TI_pprof_out_hndl           
ffffffff  __TI_prof_data_size           
ffffffff  __TI_prof_data_start          
00000000  __TI_static_base__            
00000fb9  __aeabi_d2iz                  
00000b11  __aeabi_ddiv                  
00000c47  __aeabi_dmul                  
00000e1d  __aeabi_memcpy                
00000e1d  __aeabi_memcpy4               
00000e1d  __aeabi_memcpy8               
00001079  __aeabi_ui2d                  
ffffffff  __binit__                     
ffffffff  __c_args__                    
UNDEFED   __mpu_init                    
2000fe00  __stack                       
20000000  __start___llvm_prf_cnts       
20000000  __stop___llvm_prf_cnts        
00001045  _c_int00_noargs               
UNDEFED   _system_post_cinit            
000010b5  _system_pre_init              
000010b9  abort                         
ffffffff  binit                         
000008bd  delay                         
0000012b  distanceInCm                  
00000000  interruptVectors              
0000022d  main                          
00000e1d  memcpy                        
0000017d  pulseIn                       


GLOBAL SYMBOLS: SORTED BY Symbol Address 

address   name                          
-------   ----                          
00000000  __TI_static_base__            
00000000  interruptVectors              
000000e5  ServoInit                     
00000105  Servo                         
0000012b  distanceInCm                  
0000017d  pulseIn                       
00000200  __STACK_SIZE                  
0000022d  main                          
0000046d  SystemCoreClockUpdate         
000006e5  SystemInit                    
000007a1  Clock_Init48MHz               
000008b7  Clock_GetFreq                 
000008bd  delay                         
000008cb  Clock_Delay1us                
000008f5  Clock_Delay1ms                
00000981  Motor_Stop                    
000009a3  Motor_Forward                 
000009fd  Motor_Right                   
00000a4f  Motor_Left                    
00000aa1  Motor_Backward                
00000b11  __aeabi_ddiv                  
00000c47  __aeabi_dmul                  
00000d45  Port1_Init                    
00000d47  Port2_Init                    
00000d85  Port3_Init                    
00000d9b  Port4_Init                    
00000d9d  Port5_Init                    
00000db3  Port6_Init                    
00000dc9  Port7_Init                    
00000dcb  Port8_Init                    
00000dcd  Port9_Init                    
00000ded  Port10_Init                   
00000def  PortJ_Init                    
00000e1d  __aeabi_memcpy                
00000e1d  __aeabi_memcpy4               
00000e1d  __aeabi_memcpy8               
00000e1d  memcpy                        
00000eb9  TimerA0_Init                  
00000eef  TimerA1_Init                  
00000ef1  TimerA2_Init                  
00000f01  TimerA3_Init                  
00000f51  __TI_decompress_lzss          
00000fb9  __aeabi_d2iz                  
00001001  __TI_auto_init_nobinit_nopinit
00001045  _c_int00_noargs               
00001079  __aeabi_ui2d                  
00001099  __TI_decompress_none          
000010a7  Reset_Handler                 
000010b3  ADC14_IRQHandler              
000010b3  AES256_IRQHandler             
000010b3  BusFault_Handler              
000010b3  COMP_E0_IRQHandler            
000010b3  COMP_E1_IRQHandler            
000010b3  CS_IRQHandler                 
000010b3  DMA_ERR_IRQHandler            
000010b3  DMA_INT0_IRQHandler           
000010b3  DMA_INT1_IRQHandler           
000010b3  DMA_INT2_IRQHandler           
000010b3  DMA_INT3_IRQHandler           
000010b3  DebugMon_Handler              
000010b3  Default_Handler               
000010b3  EUSCIA0_IRQHandler            
000010b3  EUSCIA1_IRQHandler            
000010b3  EUSCIA2_IRQHandler            
000010b3  EUSCIA3_IRQHandler            
000010b3  EUSCIB0_IRQHandler            
000010b3  EUSCIB1_IRQHandler            
000010b3  EUSCIB2_IRQHandler            
000010b3  EUSCIB3_IRQHandler            
000010b3  FLCTL_IRQHandler              
000010b3  FPU_IRQHandler                
000010b3  HardFault_Handler             
000010b3  MemManage_Handler             
000010b3  NMI_Handler                   
000010b3  PCM_IRQHandler                
000010b3  PORT1_IRQHandler              
000010b3  PORT2_IRQHandler              
000010b3  PORT3_IRQHandler              
000010b3  PORT4_IRQHandler              
000010b3  PORT5_IRQHandler              
000010b3  PORT6_IRQHandler              
000010b3  PSS_IRQHandler                
000010b3  PendSV_Handler                
000010b3  RTC_C_IRQHandler              
000010b3  SVC_Handler                   
000010b3  SysTick_Handler               
000010b3  T32_INT1_IRQHandler           
000010b3  T32_INT2_IRQHandler           
000010b3  T32_INTC_IRQHandler           
000010b3  TA0_0_IRQHandler              
000010b3  TA0_N_IRQHandler              
000010b3  TA1_0_IRQHandler              
000010b3  TA1_N_IRQHandler              
000010b3  TA2_0_IRQHandler              
000010b3  TA2_N_IRQHandler              
000010b3  TA3_0_IRQHandler              
000010b3  TA3_N_IRQHandler              
000010b3  UsageFault_Handler            
000010b3  WDT_A_IRQHandler              
000010b5  _system_pre_init              
000010b9  C$$EXIT                       
000010b9  abort                         
000010d0  __TI_Handler_Table_Base       
000010d8  __TI_CINIT_Base               
000010d8  __TI_Handler_Table_Limit      
000010e0  __TI_CINIT_Limit              
20000000  ClockFrequency                
20000000  __start___llvm_prf_cnts       
20000000  __stop___llvm_prf_cnts        
20000004  Prewait                       
20000008  CPMwait                       
2000000c  Postwait                      
20000010  IFlags                        
20000014  Crystalstable                 
20000018  SystemCoreClock               
2000fe00  __stack                       
20010000  __STACK_END                   
4000480c  WDTCTL_SYM                    
ffffffff  __TI_pprof_out_hndl           
ffffffff  __TI_prof_data_size           
ffffffff  __TI_prof_data_start          
ffffffff  __binit__                     
ffffffff  __c_args__                    
ffffffff  binit                         
UNDEFED   __mpu_init                    
UNDEFED   _system_post_cinit            

[126 symbols]
