Analysis & Synthesis report for Shifting_display
Mon Nov 10 22:47:17 2025
Quartus Prime Version 18.1.0 Build 625 09/12/2018 SJ Standard Edition


---------------------
; Table of Contents ;
---------------------
  1. Legal Notice
  2. Analysis & Synthesis Summary
  3. Analysis & Synthesis Settings
  4. Parallel Compilation
  5. Analysis & Synthesis Source Files Read
  6. Analysis & Synthesis Resource Usage Summary
  7. Analysis & Synthesis Resource Utilization by Entity
  8. General Register Statistics
  9. Inverted Register Statistics
 10. Post-Synthesis Netlist Statistics for Top Partition
 11. Elapsed Time Per Partition
 12. Analysis & Synthesis Messages



----------------
; Legal Notice ;
----------------
Copyright (C) 2018  Intel Corporation. All rights reserved.
Your use of Intel Corporation's design tools, logic functions 
and other software and tools, and its AMPP partner logic 
functions, and any output files from any of the foregoing 
(including device programming or simulation files), and any 
associated documentation or information are expressly subject 
to the terms and conditions of the Intel Program License 
Subscription Agreement, the Intel Quartus Prime License Agreement,
the Intel FPGA IP License Agreement, or other applicable license
agreement, including, without limitation, that your use is for
the sole purpose of programming logic devices manufactured by
Intel and sold by Intel or its authorized distributors.  Please
refer to the applicable agreement for further details.



+-----------------------------------------------------------------------------------+
; Analysis & Synthesis Summary                                                      ;
+---------------------------------+-------------------------------------------------+
; Analysis & Synthesis Status     ; Successful - Mon Nov 10 22:47:16 2025           ;
; Quartus Prime Version           ; 18.1.0 Build 625 09/12/2018 SJ Standard Edition ;
; Revision Name                   ; Shifting_display                                ;
; Top-level Entity Name           ; Shifting_display                                ;
; Family                          ; Cyclone V                                       ;
; Logic utilization (in ALMs)     ; N/A                                             ;
; Total registers                 ; 197                                             ;
; Total pins                      ; 45                                              ;
; Total virtual pins              ; 0                                               ;
; Total block memory bits         ; 0                                               ;
; Total DSP Blocks                ; 0                                               ;
; Total HSSI RX PCSs              ; 0                                               ;
; Total HSSI PMA RX Deserializers ; 0                                               ;
; Total HSSI TX PCSs              ; 0                                               ;
; Total HSSI PMA TX Serializers   ; 0                                               ;
; Total PLLs                      ; 0                                               ;
; Total DLLs                      ; 0                                               ;
+---------------------------------+-------------------------------------------------+


+---------------------------------------------------------------------------------------------------------------------------+
; Analysis & Synthesis Settings                                                                                             ;
+---------------------------------------------------------------------------------+--------------------+--------------------+
; Option                                                                          ; Setting            ; Default Value      ;
+---------------------------------------------------------------------------------+--------------------+--------------------+
; Device                                                                          ; 5CEBA4F23C7        ;                    ;
; Top-level entity name                                                           ; Shifting_display   ; Shifting_display   ;
; Family name                                                                     ; Cyclone V          ; Cyclone V          ;
; Use smart compilation                                                           ; Off                ; Off                ;
; Enable parallel Assembler and Timing Analyzer during compilation                ; On                 ; On                 ;
; Enable compact report table                                                     ; Off                ; Off                ;
; Restructure Multiplexers                                                        ; Auto               ; Auto               ;
; MLAB Add Timing Constraints For Mixed-Port Feed-Through Mode Setting Don't Care ; Off                ; Off                ;
; Create Debugging Nodes for IP Cores                                             ; Off                ; Off                ;
; Preserve fewer node names                                                       ; On                 ; On                 ;
; Intel FPGA IP Evaluation Mode                                                   ; Enable             ; Enable             ;
; Verilog Version                                                                 ; Verilog_2001       ; Verilog_2001       ;
; VHDL Version                                                                    ; VHDL_1993          ; VHDL_1993          ;
; State Machine Processing                                                        ; Auto               ; Auto               ;
; Safe State Machine                                                              ; Off                ; Off                ;
; Extract Verilog State Machines                                                  ; On                 ; On                 ;
; Extract VHDL State Machines                                                     ; On                 ; On                 ;
; Ignore Verilog initial constructs                                               ; Off                ; Off                ;
; Iteration limit for constant Verilog loops                                      ; 5000               ; 5000               ;
; Iteration limit for non-constant Verilog loops                                  ; 250                ; 250                ;
; Add Pass-Through Logic to Inferred RAMs                                         ; On                 ; On                 ;
; Infer RAMs from Raw Logic                                                       ; On                 ; On                 ;
; Parallel Synthesis                                                              ; On                 ; On                 ;
; DSP Block Balancing                                                             ; Auto               ; Auto               ;
; NOT Gate Push-Back                                                              ; On                 ; On                 ;
; Power-Up Don't Care                                                             ; On                 ; On                 ;
; Remove Redundant Logic Cells                                                    ; Off                ; Off                ;
; Remove Duplicate Registers                                                      ; On                 ; On                 ;
; Ignore CARRY Buffers                                                            ; Off                ; Off                ;
; Ignore CASCADE Buffers                                                          ; Off                ; Off                ;
; Ignore GLOBAL Buffers                                                           ; Off                ; Off                ;
; Ignore ROW GLOBAL Buffers                                                       ; Off                ; Off                ;
; Ignore LCELL Buffers                                                            ; Off                ; Off                ;
; Ignore SOFT Buffers                                                             ; On                 ; On                 ;
; Limit AHDL Integers to 32 Bits                                                  ; Off                ; Off                ;
; Optimization Technique                                                          ; Balanced           ; Balanced           ;
; Carry Chain Length                                                              ; 70                 ; 70                 ;
; Auto Carry Chains                                                               ; On                 ; On                 ;
; Auto Open-Drain Pins                                                            ; On                 ; On                 ;
; Perform WYSIWYG Primitive Resynthesis                                           ; Off                ; Off                ;
; Auto ROM Replacement                                                            ; On                 ; On                 ;
; Auto RAM Replacement                                                            ; On                 ; On                 ;
; Auto DSP Block Replacement                                                      ; On                 ; On                 ;
; Auto Shift Register Replacement                                                 ; Auto               ; Auto               ;
; Allow Shift Register Merging across Hierarchies                                 ; Auto               ; Auto               ;
; Auto Clock Enable Replacement                                                   ; On                 ; On                 ;
; Strict RAM Replacement                                                          ; Off                ; Off                ;
; Allow Synchronous Control Signals                                               ; On                 ; On                 ;
; Force Use of Synchronous Clear Signals                                          ; Off                ; Off                ;
; Auto Resource Sharing                                                           ; Off                ; Off                ;
; Allow Any RAM Size For Recognition                                              ; Off                ; Off                ;
; Allow Any ROM Size For Recognition                                              ; Off                ; Off                ;
; Allow Any Shift Register Size For Recognition                                   ; Off                ; Off                ;
; Use LogicLock Constraints during Resource Balancing                             ; On                 ; On                 ;
; Ignore translate_off and synthesis_off directives                               ; Off                ; Off                ;
; Timing-Driven Synthesis                                                         ; On                 ; On                 ;
; Report Parameter Settings                                                       ; On                 ; On                 ;
; Report Source Assignments                                                       ; On                 ; On                 ;
; Report Connectivity Checks                                                      ; On                 ; On                 ;
; Ignore Maximum Fan-Out Assignments                                              ; Off                ; Off                ;
; Synchronization Register Chain Length                                           ; 3                  ; 3                  ;
; Power Optimization During Synthesis                                             ; Normal compilation ; Normal compilation ;
; HDL message level                                                               ; Level2             ; Level2             ;
; Suppress Register Optimization Related Messages                                 ; Off                ; Off                ;
; Number of Removed Registers Reported in Synthesis Report                        ; 5000               ; 5000               ;
; Number of Swept Nodes Reported in Synthesis Report                              ; 5000               ; 5000               ;
; Number of Inverted Registers Reported in Synthesis Report                       ; 100                ; 100                ;
; Clock MUX Protection                                                            ; On                 ; On                 ;
; Auto Gated Clock Conversion                                                     ; Off                ; Off                ;
; Block Design Naming                                                             ; Auto               ; Auto               ;
; SDC constraint protection                                                       ; Off                ; Off                ;
; Synthesis Effort                                                                ; Auto               ; Auto               ;
; Shift Register Replacement - Allow Asynchronous Clear Signal                    ; On                 ; On                 ;
; Pre-Mapping Resynthesis Optimization                                            ; Off                ; Off                ;
; Analysis & Synthesis Message Level                                              ; Medium             ; Medium             ;
; Disable Register Merging Across Hierarchies                                     ; Auto               ; Auto               ;
; Resource Aware Inference For Block RAM                                          ; On                 ; On                 ;
; Automatic Parallel Synthesis                                                    ; On                 ; On                 ;
; Partial Reconfiguration Bitstream ID                                            ; Off                ; Off                ;
+---------------------------------------------------------------------------------+--------------------+--------------------+


+------------------------------------------+
; Parallel Compilation                     ;
+----------------------------+-------------+
; Processors                 ; Number      ;
+----------------------------+-------------+
; Number detected on machine ; 20          ;
; Maximum allowed            ; 10          ;
;                            ;             ;
; Average used               ; 1.00        ;
; Maximum used               ; 10          ;
;                            ;             ;
; Usage by Processor         ; % Time Used ;
;     Processor 1            ; 100.0%      ;
;     Processors 2-10        ;   0.0%      ;
+----------------------------+-------------+


+----------------------------------------------------------------------------------------------------------------------------+
; Analysis & Synthesis Source Files Read                                                                                     ;
+----------------------------------+-----------------+-----------------+-------------------------------------------+---------+
; File Name with User-Entered Path ; Used in Netlist ; File Type       ; File Name with Absolute Path              ; Library ;
+----------------------------------+-----------------+-----------------+-------------------------------------------+---------+
; Mux1.vhd                         ; yes             ; User VHDL File  ; S:/CPET_DSD_LAB/Lab9/Mux1.vhd             ;         ;
; Delay_Unit.vhd                   ; yes             ; User VHDL File  ; S:/CPET_DSD_LAB/Lab9/Delay_Unit.vhd       ;         ;
; Shifter.vhd                      ; yes             ; User VHDL File  ; S:/CPET_DSD_LAB/Lab9/Shifter.vhd          ;         ;
; Shifting_display.vhd             ; yes             ; User VHDL File  ; S:/CPET_DSD_LAB/Lab9/Shifting_display.vhd ;         ;
+----------------------------------+-----------------+-----------------+-------------------------------------------+---------+


+---------------------------------------------------------+
; Analysis & Synthesis Resource Usage Summary             ;
+---------------------------------------------+-----------+
; Resource                                    ; Usage     ;
+---------------------------------------------+-----------+
; Estimate of Logic utilization (ALMs needed) ; 102       ;
;                                             ;           ;
; Combinational ALUT usage for logic          ; 127       ;
;     -- 7 input functions                    ; 0         ;
;     -- 6 input functions                    ; 6         ;
;     -- 5 input functions                    ; 0         ;
;     -- 4 input functions                    ; 0         ;
;     -- <=3 input functions                  ; 121       ;
;                                             ;           ;
; Dedicated logic registers                   ; 197       ;
;                                             ;           ;
; I/O pins                                    ; 45        ;
;                                             ;           ;
; Total DSP Blocks                            ; 0         ;
;                                             ;           ;
; Maximum fan-out node                        ; clk~input ;
; Maximum fan-out                             ; 197       ;
; Total fan-out                               ; 1059      ;
; Average fan-out                             ; 2.56      ;
+---------------------------------------------+-----------+


+---------------------------------------------------------------------------------------------------------------------------------------------------------------------------------------------------------+
; Analysis & Synthesis Resource Utilization by Entity                                                                                                                                                     ;
+----------------------------+---------------------+---------------------------+-------------------+------------+------+--------------+---------------------------------+------------------+--------------+
; Compilation Hierarchy Node ; Combinational ALUTs ; Dedicated Logic Registers ; Block Memory Bits ; DSP Blocks ; Pins ; Virtual Pins ; Full Hierarchy Name             ; Entity Name      ; Library Name ;
+----------------------------+---------------------+---------------------------+-------------------+------------+------+--------------+---------------------------------+------------------+--------------+
; |Shifting_display          ; 127 (0)             ; 197 (0)                   ; 0                 ; 0          ; 45   ; 0            ; |Shifting_display               ; Shifting_display ; work         ;
;    |Shifter:U3|            ; 92 (92)             ; 168 (168)                 ; 0                 ; 0          ; 0    ; 0            ; |Shifting_display|Shifter:U3    ; Shifter          ; work         ;
;    |delay_unit:U2|         ; 35 (35)             ; 29 (29)                   ; 0                 ; 0          ; 0    ; 0            ; |Shifting_display|delay_unit:U2 ; delay_unit       ; work         ;
+----------------------------+---------------------+---------------------------+-------------------+------------+------+--------------+---------------------------------+------------------+--------------+
Note: For table entries with two numbers listed, the numbers in parentheses indicate the number of resources of the given type used by the specific entity alone. The numbers listed outside of parentheses indicate the total resources of the given type used by the specific entity and all of its sub-entities in the hierarchy.


+------------------------------------------------------+
; General Register Statistics                          ;
+----------------------------------------------+-------+
; Statistic                                    ; Value ;
+----------------------------------------------+-------+
; Total registers                              ; 197   ;
; Number of registers using Synchronous Clear  ; 28    ;
; Number of registers using Synchronous Load   ; 0     ;
; Number of registers using Asynchronous Clear ; 197   ;
; Number of registers using Asynchronous Load  ; 0     ;
; Number of registers using Clock Enable       ; 168   ;
; Number of registers using Preset             ; 0     ;
+----------------------------------------------+-------+


+---------------------------------------------------+
; Inverted Register Statistics                      ;
+-----------------------------------------+---------+
; Inverted Register                       ; Fan out ;
+-----------------------------------------+---------+
; Shifter:U3|Shift_Register[5][6]         ; 2       ;
; Shifter:U3|Shift_Register[4][1]         ; 2       ;
; Shifter:U3|Shift_Register[4][2]         ; 2       ;
; Shifter:U3|Shift_Register[4][6]         ; 2       ;
; Shifter:U3|Shift_Register[3][0]         ; 2       ;
; Shifter:U3|Shift_Register[3][1]         ; 2       ;
; Shifter:U3|Shift_Register[3][2]         ; 2       ;
; Shifter:U3|Shift_Register[3][3]         ; 2       ;
; Shifter:U3|Shift_Register[3][4]         ; 2       ;
; Shifter:U3|Shift_Register[3][5]         ; 2       ;
; Shifter:U3|Shift_Register[3][6]         ; 2       ;
; Shifter:U3|Shift_Register[2][1]         ; 2       ;
; Shifter:U3|Shift_Register[2][2]         ; 2       ;
; Shifter:U3|Shift_Register[1][1]         ; 2       ;
; Shifter:U3|Shift_Register[1][2]         ; 2       ;
; Shifter:U3|Shift_Register[1][6]         ; 2       ;
; Shifter:U3|Shift_Register[0][0]         ; 2       ;
; Shifter:U3|Shift_Register[0][3]         ; 2       ;
; Shifter:U3|Shift_Register[0][4]         ; 2       ;
; Shifter:U3|Shift_Register[0][5]         ; 2       ;
; Shifter:U3|Shift_Register[0][6]         ; 2       ;
; Shifter:U3|Shift_Register[6][0]         ; 1       ;
; Shifter:U3|Shift_Register[6][1]         ; 1       ;
; Shifter:U3|Shift_Register[6][2]         ; 1       ;
; Shifter:U3|Shift_Register[6][6]         ; 1       ;
; Shifter:U3|Shift_Register[7][0]         ; 1       ;
; Shifter:U3|Shift_Register[7][5]         ; 1       ;
; Shifter:U3|Shift_Register[8][0]         ; 1       ;
; Shifter:U3|Shift_Register[8][1]         ; 1       ;
; Shifter:U3|Shift_Register[8][2]         ; 1       ;
; Shifter:U3|Shift_Register[8][3]         ; 1       ;
; Shifter:U3|Shift_Register[8][4]         ; 1       ;
; Shifter:U3|Shift_Register[8][5]         ; 1       ;
; Shifter:U3|Shift_Register[8][6]         ; 1       ;
; Shifter:U3|Shift_Register[9][1]         ; 1       ;
; Shifter:U3|Shift_Register[9][4]         ; 1       ;
; Shifter:U3|Shift_Register[10][6]        ; 1       ;
; Shifter:U3|Shift_Register[11][0]        ; 1       ;
; Shifter:U3|Shift_Register[11][5]        ; 1       ;
; Shifter:U3|Shift_Register[12][3]        ; 1       ;
; Shifter:U3|Shift_Register[13][0]        ; 1       ;
; Shifter:U3|Shift_Register[13][1]        ; 1       ;
; Shifter:U3|Shift_Register[13][2]        ; 1       ;
; Shifter:U3|Shift_Register[13][3]        ; 1       ;
; Shifter:U3|Shift_Register[13][4]        ; 1       ;
; Shifter:U3|Shift_Register[13][5]        ; 1       ;
; Shifter:U3|Shift_Register[13][6]        ; 1       ;
; Shifter:U3|Shift_Register[14][1]        ; 1       ;
; Shifter:U3|Shift_Register[14][4]        ; 1       ;
; Shifter:U3|Shift_Register[15][6]        ; 1       ;
; Shifter:U3|Shift_Register[16][0]        ; 1       ;
; Shifter:U3|Shift_Register[16][1]        ; 1       ;
; Shifter:U3|Shift_Register[16][2]        ; 1       ;
; Shifter:U3|Shift_Register[16][6]        ; 1       ;
; Shifter:U3|Shift_Register[17][0]        ; 1       ;
; Shifter:U3|Shift_Register[17][5]        ; 1       ;
; Shifter:U3|Shift_Register[18][0]        ; 1       ;
; Shifter:U3|Shift_Register[18][1]        ; 1       ;
; Shifter:U3|Shift_Register[18][2]        ; 1       ;
; Shifter:U3|Shift_Register[18][3]        ; 1       ;
; Shifter:U3|Shift_Register[18][4]        ; 1       ;
; Shifter:U3|Shift_Register[18][5]        ; 1       ;
; Shifter:U3|Shift_Register[18][6]        ; 1       ;
; Shifter:U3|Shift_Register[19][0]        ; 1       ;
; Shifter:U3|Shift_Register[19][3]        ; 1       ;
; Shifter:U3|Shift_Register[20][1]        ; 1       ;
; Shifter:U3|Shift_Register[20][2]        ; 1       ;
; Shifter:U3|Shift_Register[21][0]        ; 1       ;
; Shifter:U3|Shift_Register[21][1]        ; 1       ;
; Shifter:U3|Shift_Register[21][2]        ; 1       ;
; Shifter:U3|Shift_Register[21][3]        ; 1       ;
; Shifter:U3|Shift_Register[21][5]        ; 1       ;
; Shifter:U3|Shift_Register[22][1]        ; 1       ;
; Shifter:U3|Shift_Register[22][2]        ; 1       ;
; Shifter:U3|Shift_Register[23][0]        ; 1       ;
; Shifter:U3|Shift_Register[23][1]        ; 1       ;
; Shifter:U3|Shift_Register[23][2]        ; 1       ;
; Shifter:U3|Shift_Register[23][3]        ; 1       ;
; Shifter:U3|Shift_Register[23][4]        ; 1       ;
; Shifter:U3|Shift_Register[23][5]        ; 1       ;
; Shifter:U3|Shift_Register[23][6]        ; 1       ;
; Total number of inverted registers = 81 ;         ;
+-----------------------------------------+---------+


+-----------------------------------------------------+
; Post-Synthesis Netlist Statistics for Top Partition ;
+-----------------------+-----------------------------+
; Type                  ; Count                       ;
+-----------------------+-----------------------------+
; arriav_ff             ; 197                         ;
;     CLR               ; 1                           ;
;     CLR SCLR          ; 28                          ;
;     ENA CLR           ; 168                         ;
; arriav_lcell_comb     ; 148                         ;
;     arith             ; 28                          ;
;         1 data inputs ; 28                          ;
;     normal            ; 120                         ;
;         1 data inputs ; 113                         ;
;         2 data inputs ; 1                           ;
;         6 data inputs ; 6                           ;
; boundary_port         ; 45                          ;
;                       ;                             ;
; Max LUT depth         ; 3.70                        ;
; Average LUT depth     ; 1.26                        ;
+-----------------------+-----------------------------+


+-------------------------------+
; Elapsed Time Per Partition    ;
+----------------+--------------+
; Partition Name ; Elapsed Time ;
+----------------+--------------+
; Top            ; 00:00:00     ;
+----------------+--------------+


+-------------------------------+
; Analysis & Synthesis Messages ;
+-------------------------------+
Info: *******************************************************************
Info: Running Quartus Prime Analysis & Synthesis
    Info: Version 18.1.0 Build 625 09/12/2018 SJ Standard Edition
    Info: Processing started: Mon Nov 10 22:47:07 2025
Info: Command: quartus_map --read_settings_files=on --write_settings_files=off Shifting_display -c Shifting_display
Warning (18236): Number of processors has not been specified which may cause overloading on shared machines.  Set the global assignment NUM_PARALLEL_PROCESSORS in your QSF to an appropriate value for best performance.
Info (20030): Parallel compilation is enabled and will use 10 of the 10 processors detected
Info (12021): Found 2 design units, including 1 entities, in source file mux1.vhd
    Info (12022): Found design unit 1: Mux1-LOGICFUNCTION File: S:/CPET_DSD_LAB/Lab9/Mux1.vhd Line: 11
    Info (12023): Found entity 1: Mux1 File: S:/CPET_DSD_LAB/Lab9/Mux1.vhd Line: 4
Info (12021): Found 2 design units, including 1 entities, in source file delay_unit.vhd
    Info (12022): Found design unit 1: delay_unit-LOGICFUNCTION File: S:/CPET_DSD_LAB/Lab9/Delay_Unit.vhd Line: 14
    Info (12023): Found entity 1: delay_unit File: S:/CPET_DSD_LAB/Lab9/Delay_Unit.vhd Line: 5
Info (12021): Found 2 design units, including 1 entities, in source file shifter.vhd
    Info (12022): Found design unit 1: Shifter-logic_function File: S:/CPET_DSD_LAB/Lab9/Shifter.vhd Line: 19
    Info (12023): Found entity 1: Shifter File: S:/CPET_DSD_LAB/Lab9/Shifter.vhd Line: 5
Info (12021): Found 2 design units, including 1 entities, in source file shifting_display.vhd
    Info (12022): Found design unit 1: Shifting_display-LogicFunction File: S:/CPET_DSD_LAB/Lab9/Shifting_display.vhd Line: 19
    Info (12023): Found entity 1: Shifting_display File: S:/CPET_DSD_LAB/Lab9/Shifting_display.vhd Line: 5
Info (12127): Elaborating entity "Shifting_display" for the top level hierarchy
Info (12128): Elaborating entity "Mux1" for hierarchy "Mux1:U1" File: S:/CPET_DSD_LAB/Lab9/Shifting_display.vhd Line: 59
Info (12128): Elaborating entity "delay_unit" for hierarchy "delay_unit:U2" File: S:/CPET_DSD_LAB/Lab9/Shifting_display.vhd Line: 66
Info (12128): Elaborating entity "Shifter" for hierarchy "Shifter:U3" File: S:/CPET_DSD_LAB/Lab9/Shifting_display.vhd Line: 75
Info (286030): Timing-Driven Synthesis is running
Info (16010): Generating hard_block partition "hard_block:auto_generated_inst"
    Info (16011): Adding 0 node(s), including 0 DDIO, 0 PLL, 0 transceiver and 0 LCELL
Info (21057): Implemented 249 device resources after synthesis - the final resource count might be different
    Info (21058): Implemented 3 input pins
    Info (21059): Implemented 42 output pins
    Info (21061): Implemented 204 logic cells
Info: Quartus Prime Analysis & Synthesis was successful. 0 errors, 1 warning
    Info: Peak virtual memory: 4915 megabytes
    Info: Processing ended: Mon Nov 10 22:47:17 2025
    Info: Elapsed time: 00:00:10
    Info: Total CPU time (on all processors): 00:00:17


