Analysis & Synthesis report for CalculatorDisplay
Mon Oct 06 16:31:52 2025
Quartus Prime Version 18.1.0 Build 625 09/12/2018 SJ Standard Edition


---------------------
; Table of Contents ;
---------------------
  1. Legal Notice
  2. Analysis & Synthesis Summary
  3. Analysis & Synthesis Settings
  4. Parallel Compilation
  5. Analysis & Synthesis Source Files Read
  6. Analysis & Synthesis Resource Usage Summary
  7. Analysis & Synthesis Resource Utilization by Entity
  8. User-Specified and Inferred Latches
  9. General Register Statistics
 10. Parameter Settings for Inferred Entity Instance: Displayer:U3|lpm_divide:Div0
 11. Parameter Settings for Inferred Entity Instance: Displayer:U3|lpm_divide:Mod0
 12. Parameter Settings for Inferred Entity Instance: Displayer:U3|lpm_divide:Div1
 13. Parameter Settings for Inferred Entity Instance: Displayer:U3|lpm_divide:Mod1
 14. Post-Synthesis Netlist Statistics for Top Partition
 15. Elapsed Time Per Partition
 16. Analysis & Synthesis Messages



----------------
; Legal Notice ;
----------------
Copyright (C) 2018  Intel Corporation. All rights reserved.
Your use of Intel Corporation's design tools, logic functions 
and other software and tools, and its AMPP partner logic 
functions, and any output files from any of the foregoing 
(including device programming or simulation files), and any 
associated documentation or information are expressly subject 
to the terms and conditions of the Intel Program License 
Subscription Agreement, the Intel Quartus Prime License Agreement,
the Intel FPGA IP License Agreement, or other applicable license
agreement, including, without limitation, that your use is for
the sole purpose of programming logic devices manufactured by
Intel and sold by Intel or its authorized distributors.  Please
refer to the applicable agreement for further details.



+-----------------------------------------------------------------------------------+
; Analysis & Synthesis Summary                                                      ;
+---------------------------------+-------------------------------------------------+
; Analysis & Synthesis Status     ; Successful - Mon Oct 06 16:31:52 2025           ;
; Quartus Prime Version           ; 18.1.0 Build 625 09/12/2018 SJ Standard Edition ;
; Revision Name                   ; CalculatorDisplay                               ;
; Top-level Entity Name           ; CalculatorDisplay                               ;
; Family                          ; Cyclone V                                       ;
; Logic utilization (in ALMs)     ; N/A                                             ;
; Total registers                 ; 0                                               ;
; Total pins                      ; 36                                              ;
; Total virtual pins              ; 0                                               ;
; Total block memory bits         ; 0                                               ;
; Total DSP Blocks                ; 0                                               ;
; Total HSSI RX PCSs              ; 0                                               ;
; Total HSSI PMA RX Deserializers ; 0                                               ;
; Total HSSI TX PCSs              ; 0                                               ;
; Total HSSI PMA TX Serializers   ; 0                                               ;
; Total PLLs                      ; 0                                               ;
; Total DLLs                      ; 0                                               ;
+---------------------------------+-------------------------------------------------+


+---------------------------------------------------------------------------------------------------------------------------+
; Analysis & Synthesis Settings                                                                                             ;
+---------------------------------------------------------------------------------+--------------------+--------------------+
; Option                                                                          ; Setting            ; Default Value      ;
+---------------------------------------------------------------------------------+--------------------+--------------------+
; Device                                                                          ; 5CEBA4F23C7        ;                    ;
; Top-level entity name                                                           ; CalculatorDisplay  ; CalculatorDisplay  ;
; Family name                                                                     ; Cyclone V          ; Cyclone V          ;
; Use smart compilation                                                           ; Off                ; Off                ;
; Enable parallel Assembler and Timing Analyzer during compilation                ; On                 ; On                 ;
; Enable compact report table                                                     ; Off                ; Off                ;
; Restructure Multiplexers                                                        ; Auto               ; Auto               ;
; MLAB Add Timing Constraints For Mixed-Port Feed-Through Mode Setting Don't Care ; Off                ; Off                ;
; Create Debugging Nodes for IP Cores                                             ; Off                ; Off                ;
; Preserve fewer node names                                                       ; On                 ; On                 ;
; Intel FPGA IP Evaluation Mode                                                   ; Enable             ; Enable             ;
; Verilog Version                                                                 ; Verilog_2001       ; Verilog_2001       ;
; VHDL Version                                                                    ; VHDL_1993          ; VHDL_1993          ;
; State Machine Processing                                                        ; Auto               ; Auto               ;
; Safe State Machine                                                              ; Off                ; Off                ;
; Extract Verilog State Machines                                                  ; On                 ; On                 ;
; Extract VHDL State Machines                                                     ; On                 ; On                 ;
; Ignore Verilog initial constructs                                               ; Off                ; Off                ;
; Iteration limit for constant Verilog loops                                      ; 5000               ; 5000               ;
; Iteration limit for non-constant Verilog loops                                  ; 250                ; 250                ;
; Add Pass-Through Logic to Inferred RAMs                                         ; On                 ; On                 ;
; Infer RAMs from Raw Logic                                                       ; On                 ; On                 ;
; Parallel Synthesis                                                              ; On                 ; On                 ;
; DSP Block Balancing                                                             ; Auto               ; Auto               ;
; NOT Gate Push-Back                                                              ; On                 ; On                 ;
; Power-Up Don't Care                                                             ; On                 ; On                 ;
; Remove Redundant Logic Cells                                                    ; Off                ; Off                ;
; Remove Duplicate Registers                                                      ; On                 ; On                 ;
; Ignore CARRY Buffers                                                            ; Off                ; Off                ;
; Ignore CASCADE Buffers                                                          ; Off                ; Off                ;
; Ignore GLOBAL Buffers                                                           ; Off                ; Off                ;
; Ignore ROW GLOBAL Buffers                                                       ; Off                ; Off                ;
; Ignore LCELL Buffers                                                            ; Off                ; Off                ;
; Ignore SOFT Buffers                                                             ; On                 ; On                 ;
; Limit AHDL Integers to 32 Bits                                                  ; Off                ; Off                ;
; Optimization Technique                                                          ; Balanced           ; Balanced           ;
; Carry Chain Length                                                              ; 70                 ; 70                 ;
; Auto Carry Chains                                                               ; On                 ; On                 ;
; Auto Open-Drain Pins                                                            ; On                 ; On                 ;
; Perform WYSIWYG Primitive Resynthesis                                           ; Off                ; Off                ;
; Auto ROM Replacement                                                            ; On                 ; On                 ;
; Auto RAM Replacement                                                            ; On                 ; On                 ;
; Auto DSP Block Replacement                                                      ; On                 ; On                 ;
; Auto Shift Register Replacement                                                 ; Auto               ; Auto               ;
; Allow Shift Register Merging across Hierarchies                                 ; Auto               ; Auto               ;
; Auto Clock Enable Replacement                                                   ; On                 ; On                 ;
; Strict RAM Replacement                                                          ; Off                ; Off                ;
; Allow Synchronous Control Signals                                               ; On                 ; On                 ;
; Force Use of Synchronous Clear Signals                                          ; Off                ; Off                ;
; Auto Resource Sharing                                                           ; Off                ; Off                ;
; Allow Any RAM Size For Recognition                                              ; Off                ; Off                ;
; Allow Any ROM Size For Recognition                                              ; Off                ; Off                ;
; Allow Any Shift Register Size For Recognition                                   ; Off                ; Off                ;
; Use LogicLock Constraints during Resource Balancing                             ; On                 ; On                 ;
; Ignore translate_off and synthesis_off directives                               ; Off                ; Off                ;
; Timing-Driven Synthesis                                                         ; On                 ; On                 ;
; Report Parameter Settings                                                       ; On                 ; On                 ;
; Report Source Assignments                                                       ; On                 ; On                 ;
; Report Connectivity Checks                                                      ; On                 ; On                 ;
; Ignore Maximum Fan-Out Assignments                                              ; Off                ; Off                ;
; Synchronization Register Chain Length                                           ; 3                  ; 3                  ;
; Power Optimization During Synthesis                                             ; Normal compilation ; Normal compilation ;
; HDL message level                                                               ; Level2             ; Level2             ;
; Suppress Register Optimization Related Messages                                 ; Off                ; Off                ;
; Number of Removed Registers Reported in Synthesis Report                        ; 5000               ; 5000               ;
; Number of Swept Nodes Reported in Synthesis Report                              ; 5000               ; 5000               ;
; Number of Inverted Registers Reported in Synthesis Report                       ; 100                ; 100                ;
; Clock MUX Protection                                                            ; On                 ; On                 ;
; Auto Gated Clock Conversion                                                     ; Off                ; Off                ;
; Block Design Naming                                                             ; Auto               ; Auto               ;
; SDC constraint protection                                                       ; Off                ; Off                ;
; Synthesis Effort                                                                ; Auto               ; Auto               ;
; Shift Register Replacement - Allow Asynchronous Clear Signal                    ; On                 ; On                 ;
; Pre-Mapping Resynthesis Optimization                                            ; Off                ; Off                ;
; Analysis & Synthesis Message Level                                              ; Medium             ; Medium             ;
; Disable Register Merging Across Hierarchies                                     ; Auto               ; Auto               ;
; Resource Aware Inference For Block RAM                                          ; On                 ; On                 ;
; Automatic Parallel Synthesis                                                    ; On                 ; On                 ;
; Partial Reconfiguration Bitstream ID                                            ; Off                ; Off                ;
+---------------------------------------------------------------------------------+--------------------+--------------------+


+------------------------------------------+
; Parallel Compilation                     ;
+----------------------------+-------------+
; Processors                 ; Number      ;
+----------------------------+-------------+
; Number detected on machine ; 16          ;
; Maximum allowed            ; 8           ;
;                            ;             ;
; Average used               ; 1.00        ;
; Maximum used               ; 8           ;
;                            ;             ;
; Usage by Processor         ; % Time Used ;
;     Processor 1            ; 100.0%      ;
;     Processors 2-8         ;   0.0%      ;
+----------------------------+-------------+


+---------------------------------------------------------------------------------------------------------------------------------------------------------------------+
; Analysis & Synthesis Source Files Read                                                                                                                              ;
+----------------------------------+-----------------+------------------------------+-----------------------------------------------------------------------+---------+
; File Name with User-Entered Path ; Used in Netlist ; File Type                    ; File Name with Absolute Path                                          ; Library ;
+----------------------------------+-----------------+------------------------------+-----------------------------------------------------------------------+---------+
; Displayer.vhd                    ; yes             ; User VHDL File               ; S:/CPET_DSD_LAB/Lab6/Displayer.vhd                                    ;         ;
; Coverter.vhd                     ; yes             ; User VHDL File               ; S:/CPET_DSD_LAB/Lab6/Coverter.vhd                                     ;         ;
; Sign_MUX.vhd                     ; yes             ; User VHDL File               ; S:/CPET_DSD_LAB/Lab6/Sign_MUX.vhd                                     ;         ;
; CalculatorDisplay.vhd            ; yes             ; User VHDL File               ; S:/CPET_DSD_LAB/Lab6/CalculatorDisplay.vhd                            ;         ;
; lpm_divide.tdf                   ; yes             ; Megafunction                 ; c:/intelfpga/18.1/quartus/libraries/megafunctions/lpm_divide.tdf      ;         ;
; abs_divider.inc                  ; yes             ; Megafunction                 ; c:/intelfpga/18.1/quartus/libraries/megafunctions/abs_divider.inc     ;         ;
; sign_div_unsign.inc              ; yes             ; Megafunction                 ; c:/intelfpga/18.1/quartus/libraries/megafunctions/sign_div_unsign.inc ;         ;
; aglobal181.inc                   ; yes             ; Megafunction                 ; c:/intelfpga/18.1/quartus/libraries/megafunctions/aglobal181.inc      ;         ;
; db/lpm_divide_8am.tdf            ; yes             ; Auto-Generated Megafunction  ; S:/CPET_DSD_LAB/Lab6/db/lpm_divide_8am.tdf                            ;         ;
; db/sign_div_unsign_ekh.tdf       ; yes             ; Auto-Generated Megafunction  ; S:/CPET_DSD_LAB/Lab6/db/sign_div_unsign_ekh.tdf                       ;         ;
; db/alt_u_div_2te.tdf             ; yes             ; Auto-Generated Megafunction  ; S:/CPET_DSD_LAB/Lab6/db/alt_u_div_2te.tdf                             ;         ;
; db/lpm_divide_c2m.tdf            ; yes             ; Auto-Generated Megafunction  ; S:/CPET_DSD_LAB/Lab6/db/lpm_divide_c2m.tdf                            ;         ;
; db/sign_div_unsign_fkh.tdf       ; yes             ; Auto-Generated Megafunction  ; S:/CPET_DSD_LAB/Lab6/db/sign_div_unsign_fkh.tdf                       ;         ;
; db/alt_u_div_4te.tdf             ; yes             ; Auto-Generated Megafunction  ; S:/CPET_DSD_LAB/Lab6/db/alt_u_div_4te.tdf                             ;         ;
; db/lpm_divide_5am.tdf            ; yes             ; Auto-Generated Megafunction  ; S:/CPET_DSD_LAB/Lab6/db/lpm_divide_5am.tdf                            ;         ;
; db/sign_div_unsign_bkh.tdf       ; yes             ; Auto-Generated Megafunction  ; S:/CPET_DSD_LAB/Lab6/db/sign_div_unsign_bkh.tdf                       ;         ;
; db/alt_u_div_sse.tdf             ; yes             ; Auto-Generated Megafunction  ; S:/CPET_DSD_LAB/Lab6/db/alt_u_div_sse.tdf                             ;         ;
+----------------------------------+-----------------+------------------------------+-----------------------------------------------------------------------+---------+


+---------------------------------------------------------------+
; Analysis & Synthesis Resource Usage Summary                   ;
+---------------------------------------------+-----------------+
; Resource                                    ; Usage           ;
+---------------------------------------------+-----------------+
; Estimate of Logic utilization (ALMs needed) ; 119             ;
;                                             ;                 ;
; Combinational ALUT usage for logic          ; 234             ;
;     -- 7 input functions                    ; 1               ;
;     -- 6 input functions                    ; 2               ;
;     -- 5 input functions                    ; 17              ;
;     -- 4 input functions                    ; 46              ;
;     -- <=3 input functions                  ; 168             ;
;                                             ;                 ;
; Dedicated logic registers                   ; 0               ;
;                                             ;                 ;
; I/O pins                                    ; 36              ;
;                                             ;                 ;
; Total DSP Blocks                            ; 0               ;
;                                             ;                 ;
; Maximum fan-out node                        ; in_num[7]~input ;
; Maximum fan-out                             ; 42              ;
; Total fan-out                               ; 799             ;
; Average fan-out                             ; 2.61            ;
+---------------------------------------------+-----------------+


+---------------------------------------------------------------------------------------------------------------------------------------------------------------------------------------------------------------------------------------------------------------------------------------------------------------------------+
; Analysis & Synthesis Resource Utilization by Entity                                                                                                                                                                                                                                                                       ;
+-------------------------------------------+---------------------+---------------------------+-------------------+------------+------+--------------+---------------------------------------------------------------------------------------------------------------------------------+---------------------+--------------+
; Compilation Hierarchy Node                ; Combinational ALUTs ; Dedicated Logic Registers ; Block Memory Bits ; DSP Blocks ; Pins ; Virtual Pins ; Full Hierarchy Name                                                                                                             ; Entity Name         ; Library Name ;
+-------------------------------------------+---------------------+---------------------------+-------------------+------------+------+--------------+---------------------------------------------------------------------------------------------------------------------------------+---------------------+--------------+
; |CalculatorDisplay                        ; 234 (0)             ; 0 (0)                     ; 0                 ; 0          ; 36   ; 0            ; |CalculatorDisplay                                                                                                              ; CalculatorDisplay   ; work         ;
;    |Coverter:U2|                          ; 29 (29)             ; 0 (0)                     ; 0                 ; 0          ; 0    ; 0            ; |CalculatorDisplay|Coverter:U2                                                                                                  ; Coverter            ; work         ;
;    |Displayer:U3|                         ; 205 (19)            ; 0 (0)                     ; 0                 ; 0          ; 0    ; 0            ; |CalculatorDisplay|Displayer:U3                                                                                                 ; Displayer           ; work         ;
;       |lpm_divide:Div0|                   ; 25 (0)              ; 0 (0)                     ; 0                 ; 0          ; 0    ; 0            ; |CalculatorDisplay|Displayer:U3|lpm_divide:Div0                                                                                 ; lpm_divide          ; work         ;
;          |lpm_divide_8am:auto_generated|  ; 25 (0)              ; 0 (0)                     ; 0                 ; 0          ; 0    ; 0            ; |CalculatorDisplay|Displayer:U3|lpm_divide:Div0|lpm_divide_8am:auto_generated                                                   ; lpm_divide_8am      ; work         ;
;             |sign_div_unsign_ekh:divider| ; 25 (0)              ; 0 (0)                     ; 0                 ; 0          ; 0    ; 0            ; |CalculatorDisplay|Displayer:U3|lpm_divide:Div0|lpm_divide_8am:auto_generated|sign_div_unsign_ekh:divider                       ; sign_div_unsign_ekh ; work         ;
;                |alt_u_div_2te:divider|    ; 25 (25)             ; 0 (0)                     ; 0                 ; 0          ; 0    ; 0            ; |CalculatorDisplay|Displayer:U3|lpm_divide:Div0|lpm_divide_8am:auto_generated|sign_div_unsign_ekh:divider|alt_u_div_2te:divider ; alt_u_div_2te       ; work         ;
;       |lpm_divide:Div1|                   ; 47 (0)              ; 0 (0)                     ; 0                 ; 0          ; 0    ; 0            ; |CalculatorDisplay|Displayer:U3|lpm_divide:Div1                                                                                 ; lpm_divide          ; work         ;
;          |lpm_divide_5am:auto_generated|  ; 47 (0)              ; 0 (0)                     ; 0                 ; 0          ; 0    ; 0            ; |CalculatorDisplay|Displayer:U3|lpm_divide:Div1|lpm_divide_5am:auto_generated                                                   ; lpm_divide_5am      ; work         ;
;             |sign_div_unsign_bkh:divider| ; 47 (0)              ; 0 (0)                     ; 0                 ; 0          ; 0    ; 0            ; |CalculatorDisplay|Displayer:U3|lpm_divide:Div1|lpm_divide_5am:auto_generated|sign_div_unsign_bkh:divider                       ; sign_div_unsign_bkh ; work         ;
;                |alt_u_div_sse:divider|    ; 47 (47)             ; 0 (0)                     ; 0                 ; 0          ; 0    ; 0            ; |CalculatorDisplay|Displayer:U3|lpm_divide:Div1|lpm_divide_5am:auto_generated|sign_div_unsign_bkh:divider|alt_u_div_sse:divider ; alt_u_div_sse       ; work         ;
;       |lpm_divide:Mod0|                   ; 44 (0)              ; 0 (0)                     ; 0                 ; 0          ; 0    ; 0            ; |CalculatorDisplay|Displayer:U3|lpm_divide:Mod0                                                                                 ; lpm_divide          ; work         ;
;          |lpm_divide_c2m:auto_generated|  ; 44 (0)              ; 0 (0)                     ; 0                 ; 0          ; 0    ; 0            ; |CalculatorDisplay|Displayer:U3|lpm_divide:Mod0|lpm_divide_c2m:auto_generated                                                   ; lpm_divide_c2m      ; work         ;
;             |sign_div_unsign_fkh:divider| ; 44 (0)              ; 0 (0)                     ; 0                 ; 0          ; 0    ; 0            ; |CalculatorDisplay|Displayer:U3|lpm_divide:Mod0|lpm_divide_c2m:auto_generated|sign_div_unsign_fkh:divider                       ; sign_div_unsign_fkh ; work         ;
;                |alt_u_div_4te:divider|    ; 44 (44)             ; 0 (0)                     ; 0                 ; 0          ; 0    ; 0            ; |CalculatorDisplay|Displayer:U3|lpm_divide:Mod0|lpm_divide_c2m:auto_generated|sign_div_unsign_fkh:divider|alt_u_div_4te:divider ; alt_u_div_4te       ; work         ;
;       |lpm_divide:Mod1|                   ; 70 (0)              ; 0 (0)                     ; 0                 ; 0          ; 0    ; 0            ; |CalculatorDisplay|Displayer:U3|lpm_divide:Mod1                                                                                 ; lpm_divide          ; work         ;
;          |lpm_divide_c2m:auto_generated|  ; 70 (0)              ; 0 (0)                     ; 0                 ; 0          ; 0    ; 0            ; |CalculatorDisplay|Displayer:U3|lpm_divide:Mod1|lpm_divide_c2m:auto_generated                                                   ; lpm_divide_c2m      ; work         ;
;             |sign_div_unsign_fkh:divider| ; 70 (0)              ; 0 (0)                     ; 0                 ; 0          ; 0    ; 0            ; |CalculatorDisplay|Displayer:U3|lpm_divide:Mod1|lpm_divide_c2m:auto_generated|sign_div_unsign_fkh:divider                       ; sign_div_unsign_fkh ; work         ;
;                |alt_u_div_4te:divider|    ; 70 (70)             ; 0 (0)                     ; 0                 ; 0          ; 0    ; 0            ; |CalculatorDisplay|Displayer:U3|lpm_divide:Mod1|lpm_divide_c2m:auto_generated|sign_div_unsign_fkh:divider|alt_u_div_4te:divider ; alt_u_div_4te       ; work         ;
+-------------------------------------------+---------------------+---------------------------+-------------------+------------+------+--------------+---------------------------------------------------------------------------------------------------------------------------------+---------------------+--------------+
Note: For table entries with two numbers listed, the numbers in parentheses indicate the number of resources of the given type used by the specific entity alone. The numbers listed outside of parentheses indicate the total resources of the given type used by the specific entity and all of its sub-entities in the hierarchy.


+----------------------------------------------------------------------------------------------------+
; User-Specified and Inferred Latches                                                                ;
+-----------------------------------------------------+---------------------+------------------------+
; Latch Name                                          ; Latch Enable Signal ; Free of Timing Hazards ;
+-----------------------------------------------------+---------------------+------------------------+
; Coverter:U2|twos_comp[0]                            ; in_num[7]           ; yes                    ;
; Coverter:U2|twos_comp[1]                            ; in_num[7]           ; yes                    ;
; Coverter:U2|twos_comp[2]                            ; in_num[7]           ; yes                    ;
; Coverter:U2|twos_comp[3]                            ; in_num[7]           ; yes                    ;
; Coverter:U2|twos_comp[7]                            ; in_num[7]           ; yes                    ;
; Coverter:U2|twos_comp[6]                            ; in_num[7]           ; yes                    ;
; Coverter:U2|twos_comp[5]                            ; in_num[7]           ; yes                    ;
; Coverter:U2|twos_comp[4]                            ; in_num[7]           ; yes                    ;
; Coverter:U2|inverted_bits[0]                        ; in_num[7]           ; yes                    ;
; Coverter:U2|inverted_bits[1]                        ; in_num[7]           ; yes                    ;
; Coverter:U2|inverted_bits[2]                        ; in_num[7]           ; yes                    ;
; Coverter:U2|inverted_bits[3]                        ; in_num[7]           ; yes                    ;
; Coverter:U2|inverted_bits[6]                        ; in_num[7]           ; yes                    ;
; Coverter:U2|inverted_bits[5]                        ; in_num[7]           ; yes                    ;
; Coverter:U2|inverted_bits[4]                        ; in_num[7]           ; yes                    ;
; Number of user-specified and inferred latches = 15  ;                     ;                        ;
+-----------------------------------------------------+---------------------+------------------------+
Note: All latches listed above may not be present at the end of synthesis due to various synthesis optimizations.


+------------------------------------------------------+
; General Register Statistics                          ;
+----------------------------------------------+-------+
; Statistic                                    ; Value ;
+----------------------------------------------+-------+
; Total registers                              ; 0     ;
; Number of registers using Synchronous Clear  ; 0     ;
; Number of registers using Synchronous Load   ; 0     ;
; Number of registers using Asynchronous Clear ; 0     ;
; Number of registers using Asynchronous Load  ; 0     ;
; Number of registers using Clock Enable       ; 0     ;
; Number of registers using Preset             ; 0     ;
+----------------------------------------------+-------+


+-------------------------------------------------------------------------------+
; Parameter Settings for Inferred Entity Instance: Displayer:U3|lpm_divide:Div0 ;
+------------------------+----------------+-------------------------------------+
; Parameter Name         ; Value          ; Type                                ;
+------------------------+----------------+-------------------------------------+
; LPM_WIDTHN             ; 8              ; Untyped                             ;
; LPM_WIDTHD             ; 7              ; Untyped                             ;
; LPM_NREPRESENTATION    ; UNSIGNED       ; Untyped                             ;
; LPM_DREPRESENTATION    ; UNSIGNED       ; Untyped                             ;
; LPM_PIPELINE           ; 0              ; Untyped                             ;
; LPM_REMAINDERPOSITIVE  ; TRUE           ; Untyped                             ;
; MAXIMIZE_SPEED         ; 5              ; Untyped                             ;
; CBXI_PARAMETER         ; lpm_divide_8am ; Untyped                             ;
; CARRY_CHAIN            ; MANUAL         ; Untyped                             ;
; OPTIMIZE_FOR_SPEED     ; 5              ; Untyped                             ;
; AUTO_CARRY_CHAINS      ; ON             ; AUTO_CARRY                          ;
; IGNORE_CARRY_BUFFERS   ; OFF            ; IGNORE_CARRY                        ;
; AUTO_CASCADE_CHAINS    ; ON             ; AUTO_CASCADE                        ;
; IGNORE_CASCADE_BUFFERS ; OFF            ; IGNORE_CASCADE                      ;
+------------------------+----------------+-------------------------------------+
Note: In order to hide this table in the UI and the text report file, please set the "Show Parameter Settings in Synthesis Report" option in "Analysis and Synthesis Settings -> More Settings" to "Off".


+-------------------------------------------------------------------------------+
; Parameter Settings for Inferred Entity Instance: Displayer:U3|lpm_divide:Mod0 ;
+------------------------+----------------+-------------------------------------+
; Parameter Name         ; Value          ; Type                                ;
+------------------------+----------------+-------------------------------------+
; LPM_WIDTHN             ; 8              ; Untyped                             ;
; LPM_WIDTHD             ; 8              ; Untyped                             ;
; LPM_NREPRESENTATION    ; UNSIGNED       ; Untyped                             ;
; LPM_DREPRESENTATION    ; UNSIGNED       ; Untyped                             ;
; LPM_PIPELINE           ; 0              ; Untyped                             ;
; LPM_REMAINDERPOSITIVE  ; TRUE           ; Untyped                             ;
; MAXIMIZE_SPEED         ; 5              ; Untyped                             ;
; CBXI_PARAMETER         ; lpm_divide_c2m ; Untyped                             ;
; CARRY_CHAIN            ; MANUAL         ; Untyped                             ;
; OPTIMIZE_FOR_SPEED     ; 5              ; Untyped                             ;
; AUTO_CARRY_CHAINS      ; ON             ; AUTO_CARRY                          ;
; IGNORE_CARRY_BUFFERS   ; OFF            ; IGNORE_CARRY                        ;
; AUTO_CASCADE_CHAINS    ; ON             ; AUTO_CASCADE                        ;
; IGNORE_CASCADE_BUFFERS ; OFF            ; IGNORE_CASCADE                      ;
+------------------------+----------------+-------------------------------------+
Note: In order to hide this table in the UI and the text report file, please set the "Show Parameter Settings in Synthesis Report" option in "Analysis and Synthesis Settings -> More Settings" to "Off".


+-------------------------------------------------------------------------------+
; Parameter Settings for Inferred Entity Instance: Displayer:U3|lpm_divide:Div1 ;
+------------------------+----------------+-------------------------------------+
; Parameter Name         ; Value          ; Type                                ;
+------------------------+----------------+-------------------------------------+
; LPM_WIDTHN             ; 8              ; Untyped                             ;
; LPM_WIDTHD             ; 4              ; Untyped                             ;
; LPM_NREPRESENTATION    ; UNSIGNED       ; Untyped                             ;
; LPM_DREPRESENTATION    ; UNSIGNED       ; Untyped                             ;
; LPM_PIPELINE           ; 0              ; Untyped                             ;
; LPM_REMAINDERPOSITIVE  ; TRUE           ; Untyped                             ;
; MAXIMIZE_SPEED         ; 5              ; Untyped                             ;
; CBXI_PARAMETER         ; lpm_divide_5am ; Untyped                             ;
; CARRY_CHAIN            ; MANUAL         ; Untyped                             ;
; OPTIMIZE_FOR_SPEED     ; 5              ; Untyped                             ;
; AUTO_CARRY_CHAINS      ; ON             ; AUTO_CARRY                          ;
; IGNORE_CARRY_BUFFERS   ; OFF            ; IGNORE_CARRY                        ;
; AUTO_CASCADE_CHAINS    ; ON             ; AUTO_CASCADE                        ;
; IGNORE_CASCADE_BUFFERS ; OFF            ; IGNORE_CASCADE                      ;
+------------------------+----------------+-------------------------------------+
Note: In order to hide this table in the UI and the text report file, please set the "Show Parameter Settings in Synthesis Report" option in "Analysis and Synthesis Settings -> More Settings" to "Off".


+-------------------------------------------------------------------------------+
; Parameter Settings for Inferred Entity Instance: Displayer:U3|lpm_divide:Mod1 ;
+------------------------+----------------+-------------------------------------+
; Parameter Name         ; Value          ; Type                                ;
+------------------------+----------------+-------------------------------------+
; LPM_WIDTHN             ; 8              ; Untyped                             ;
; LPM_WIDTHD             ; 8              ; Untyped                             ;
; LPM_NREPRESENTATION    ; UNSIGNED       ; Untyped                             ;
; LPM_DREPRESENTATION    ; UNSIGNED       ; Untyped                             ;
; LPM_PIPELINE           ; 0              ; Untyped                             ;
; LPM_REMAINDERPOSITIVE  ; TRUE           ; Untyped                             ;
; MAXIMIZE_SPEED         ; 5              ; Untyped                             ;
; CBXI_PARAMETER         ; lpm_divide_c2m ; Untyped                             ;
; CARRY_CHAIN            ; MANUAL         ; Untyped                             ;
; OPTIMIZE_FOR_SPEED     ; 5              ; Untyped                             ;
; AUTO_CARRY_CHAINS      ; ON             ; AUTO_CARRY                          ;
; IGNORE_CARRY_BUFFERS   ; OFF            ; IGNORE_CARRY                        ;
; AUTO_CASCADE_CHAINS    ; ON             ; AUTO_CASCADE                        ;
; IGNORE_CASCADE_BUFFERS ; OFF            ; IGNORE_CASCADE                      ;
+------------------------+----------------+-------------------------------------+
Note: In order to hide this table in the UI and the text report file, please set the "Show Parameter Settings in Synthesis Report" option in "Analysis and Synthesis Settings -> More Settings" to "Off".


+-----------------------------------------------------+
; Post-Synthesis Netlist Statistics for Top Partition ;
+-----------------------+-----------------------------+
; Type                  ; Count                       ;
+-----------------------+-----------------------------+
; arriav_lcell_comb     ; 238                         ;
;     arith             ; 119                         ;
;         0 data inputs ; 29                          ;
;         1 data inputs ; 9                           ;
;         2 data inputs ; 6                           ;
;         3 data inputs ; 41                          ;
;         4 data inputs ; 34                          ;
;     extend            ; 1                           ;
;         7 data inputs ; 1                           ;
;     normal            ; 118                         ;
;         0 data inputs ; 2                           ;
;         1 data inputs ; 2                           ;
;         2 data inputs ; 43                          ;
;         3 data inputs ; 40                          ;
;         4 data inputs ; 12                          ;
;         5 data inputs ; 17                          ;
;         6 data inputs ; 2                           ;
; boundary_port         ; 36                          ;
;                       ;                             ;
; Max LUT depth         ; 15.90                       ;
; Average LUT depth     ; 11.49                       ;
+-----------------------+-----------------------------+


+-------------------------------+
; Elapsed Time Per Partition    ;
+----------------+--------------+
; Partition Name ; Elapsed Time ;
+----------------+--------------+
; Top            ; 00:00:01     ;
+----------------+--------------+


+-------------------------------+
; Analysis & Synthesis Messages ;
+-------------------------------+
Info: *******************************************************************
Info: Running Quartus Prime Analysis & Synthesis
    Info: Version 18.1.0 Build 625 09/12/2018 SJ Standard Edition
    Info: Processing started: Mon Oct 06 16:31:40 2025
Info: Command: quartus_map --read_settings_files=on --write_settings_files=off CalculatorDisplay -c CalculatorDisplay
Warning (18236): Number of processors has not been specified which may cause overloading on shared machines.  Set the global assignment NUM_PARALLEL_PROCESSORS in your QSF to an appropriate value for best performance.
Info (20030): Parallel compilation is enabled and will use 8 of the 8 processors detected
Info (12021): Found 2 design units, including 1 entities, in source file displayer.vhd
    Info (12022): Found design unit 1: Displayer-LogicFunction File: S:/CPET_DSD_LAB/Lab6/Displayer.vhd Line: 14
    Info (12023): Found entity 1: Displayer File: S:/CPET_DSD_LAB/Lab6/Displayer.vhd Line: 5
Info (12021): Found 2 design units, including 1 entities, in source file coverter.vhd
    Info (12022): Found design unit 1: Coverter-LogicFunction File: S:/CPET_DSD_LAB/Lab6/Coverter.vhd Line: 12
    Info (12023): Found entity 1: Coverter File: S:/CPET_DSD_LAB/Lab6/Coverter.vhd Line: 5
Info (12021): Found 2 design units, including 1 entities, in source file sign_mux.vhd
    Info (12022): Found design unit 1: Sign_mux-LOGICFUNCTION File: S:/CPET_DSD_LAB/Lab6/Sign_MUX.vhd Line: 13
    Info (12023): Found entity 1: Sign_mux File: S:/CPET_DSD_LAB/Lab6/Sign_MUX.vhd Line: 6
Info (12021): Found 2 design units, including 1 entities, in source file calculatordisplay.vhd
    Info (12022): Found design unit 1: CalculatorDisplay-Structure File: S:/CPET_DSD_LAB/Lab6/CalculatorDisplay.vhd Line: 15
    Info (12023): Found entity 1: CalculatorDisplay File: S:/CPET_DSD_LAB/Lab6/CalculatorDisplay.vhd Line: 5
Info (12127): Elaborating entity "CalculatorDisplay" for the top level hierarchy
Info (12128): Elaborating entity "Sign_mux" for hierarchy "Sign_mux:U1" File: S:/CPET_DSD_LAB/Lab6/CalculatorDisplay.vhd Line: 47
Info (12128): Elaborating entity "Coverter" for hierarchy "Coverter:U2" File: S:/CPET_DSD_LAB/Lab6/CalculatorDisplay.vhd Line: 54
Warning (10492): VHDL Process Statement warning at Coverter.vhd(26): signal "inverted_bits" is read inside the Process Statement but isn't in the Process Statement's sensitivity list File: S:/CPET_DSD_LAB/Lab6/Coverter.vhd Line: 26
Warning (10492): VHDL Process Statement warning at Coverter.vhd(27): signal "twos_comp" is read inside the Process Statement but isn't in the Process Statement's sensitivity list File: S:/CPET_DSD_LAB/Lab6/Coverter.vhd Line: 27
Warning (10492): VHDL Process Statement warning at Coverter.vhd(32): signal "abs_val" is read inside the Process Statement but isn't in the Process Statement's sensitivity list File: S:/CPET_DSD_LAB/Lab6/Coverter.vhd Line: 32
Warning (10631): VHDL Process Statement warning at Coverter.vhd(22): inferring latch(es) for signal or variable "inverted_bits", which holds its previous value in one or more paths through the process File: S:/CPET_DSD_LAB/Lab6/Coverter.vhd Line: 22
Warning (10631): VHDL Process Statement warning at Coverter.vhd(22): inferring latch(es) for signal or variable "twos_comp", which holds its previous value in one or more paths through the process File: S:/CPET_DSD_LAB/Lab6/Coverter.vhd Line: 22
Info (10041): Inferred latch for "twos_comp[0]" at Coverter.vhd(22) File: S:/CPET_DSD_LAB/Lab6/Coverter.vhd Line: 22
Info (10041): Inferred latch for "twos_comp[1]" at Coverter.vhd(22) File: S:/CPET_DSD_LAB/Lab6/Coverter.vhd Line: 22
Info (10041): Inferred latch for "twos_comp[2]" at Coverter.vhd(22) File: S:/CPET_DSD_LAB/Lab6/Coverter.vhd Line: 22
Info (10041): Inferred latch for "twos_comp[3]" at Coverter.vhd(22) File: S:/CPET_DSD_LAB/Lab6/Coverter.vhd Line: 22
Info (10041): Inferred latch for "twos_comp[4]" at Coverter.vhd(22) File: S:/CPET_DSD_LAB/Lab6/Coverter.vhd Line: 22
Info (10041): Inferred latch for "twos_comp[5]" at Coverter.vhd(22) File: S:/CPET_DSD_LAB/Lab6/Coverter.vhd Line: 22
Info (10041): Inferred latch for "twos_comp[6]" at Coverter.vhd(22) File: S:/CPET_DSD_LAB/Lab6/Coverter.vhd Line: 22
Info (10041): Inferred latch for "twos_comp[7]" at Coverter.vhd(22) File: S:/CPET_DSD_LAB/Lab6/Coverter.vhd Line: 22
Info (10041): Inferred latch for "inverted_bits[0]" at Coverter.vhd(22) File: S:/CPET_DSD_LAB/Lab6/Coverter.vhd Line: 22
Info (10041): Inferred latch for "inverted_bits[1]" at Coverter.vhd(22) File: S:/CPET_DSD_LAB/Lab6/Coverter.vhd Line: 22
Info (10041): Inferred latch for "inverted_bits[2]" at Coverter.vhd(22) File: S:/CPET_DSD_LAB/Lab6/Coverter.vhd Line: 22
Info (10041): Inferred latch for "inverted_bits[3]" at Coverter.vhd(22) File: S:/CPET_DSD_LAB/Lab6/Coverter.vhd Line: 22
Info (10041): Inferred latch for "inverted_bits[4]" at Coverter.vhd(22) File: S:/CPET_DSD_LAB/Lab6/Coverter.vhd Line: 22
Info (10041): Inferred latch for "inverted_bits[5]" at Coverter.vhd(22) File: S:/CPET_DSD_LAB/Lab6/Coverter.vhd Line: 22
Info (10041): Inferred latch for "inverted_bits[6]" at Coverter.vhd(22) File: S:/CPET_DSD_LAB/Lab6/Coverter.vhd Line: 22
Info (10041): Inferred latch for "inverted_bits[7]" at Coverter.vhd(22) File: S:/CPET_DSD_LAB/Lab6/Coverter.vhd Line: 22
Info (12128): Elaborating entity "Displayer" for hierarchy "Displayer:U3" File: S:/CPET_DSD_LAB/Lab6/CalculatorDisplay.vhd Line: 61
Info (278001): Inferred 4 megafunctions from design logic
    Info (278004): Inferred divider/modulo megafunction ("lpm_divide") from the following logic: "Displayer:U3|Div0" File: S:/CPET_DSD_LAB/Lab6/Displayer.vhd Line: 37
    Info (278004): Inferred divider/modulo megafunction ("lpm_divide") from the following logic: "Displayer:U3|Mod0" File: S:/CPET_DSD_LAB/Lab6/Displayer.vhd Line: 38
    Info (278004): Inferred divider/modulo megafunction ("lpm_divide") from the following logic: "Displayer:U3|Div1" File: S:/CPET_DSD_LAB/Lab6/Displayer.vhd Line: 38
    Info (278004): Inferred divider/modulo megafunction ("lpm_divide") from the following logic: "Displayer:U3|Mod1" File: S:/CPET_DSD_LAB/Lab6/Displayer.vhd Line: 39
Info (12130): Elaborated megafunction instantiation "Displayer:U3|lpm_divide:Div0" File: S:/CPET_DSD_LAB/Lab6/Displayer.vhd Line: 37
Info (12133): Instantiated megafunction "Displayer:U3|lpm_divide:Div0" with the following parameter: File: S:/CPET_DSD_LAB/Lab6/Displayer.vhd Line: 37
    Info (12134): Parameter "LPM_WIDTHN" = "8"
    Info (12134): Parameter "LPM_WIDTHD" = "7"
    Info (12134): Parameter "LPM_NREPRESENTATION" = "UNSIGNED"
    Info (12134): Parameter "LPM_DREPRESENTATION" = "UNSIGNED"
Info (12021): Found 1 design units, including 1 entities, in source file db/lpm_divide_8am.tdf
    Info (12023): Found entity 1: lpm_divide_8am File: S:/CPET_DSD_LAB/Lab6/db/lpm_divide_8am.tdf Line: 24
Info (12021): Found 1 design units, including 1 entities, in source file db/sign_div_unsign_ekh.tdf
    Info (12023): Found entity 1: sign_div_unsign_ekh File: S:/CPET_DSD_LAB/Lab6/db/sign_div_unsign_ekh.tdf Line: 24
Info (12021): Found 1 design units, including 1 entities, in source file db/alt_u_div_2te.tdf
    Info (12023): Found entity 1: alt_u_div_2te File: S:/CPET_DSD_LAB/Lab6/db/alt_u_div_2te.tdf Line: 22
Info (12130): Elaborated megafunction instantiation "Displayer:U3|lpm_divide:Mod0" File: S:/CPET_DSD_LAB/Lab6/Displayer.vhd Line: 38
Info (12133): Instantiated megafunction "Displayer:U3|lpm_divide:Mod0" with the following parameter: File: S:/CPET_DSD_LAB/Lab6/Displayer.vhd Line: 38
    Info (12134): Parameter "LPM_WIDTHN" = "8"
    Info (12134): Parameter "LPM_WIDTHD" = "8"
    Info (12134): Parameter "LPM_NREPRESENTATION" = "UNSIGNED"
    Info (12134): Parameter "LPM_DREPRESENTATION" = "UNSIGNED"
Info (12021): Found 1 design units, including 1 entities, in source file db/lpm_divide_c2m.tdf
    Info (12023): Found entity 1: lpm_divide_c2m File: S:/CPET_DSD_LAB/Lab6/db/lpm_divide_c2m.tdf Line: 24
Info (12021): Found 1 design units, including 1 entities, in source file db/sign_div_unsign_fkh.tdf
    Info (12023): Found entity 1: sign_div_unsign_fkh File: S:/CPET_DSD_LAB/Lab6/db/sign_div_unsign_fkh.tdf Line: 24
Info (12021): Found 1 design units, including 1 entities, in source file db/alt_u_div_4te.tdf
    Info (12023): Found entity 1: alt_u_div_4te File: S:/CPET_DSD_LAB/Lab6/db/alt_u_div_4te.tdf Line: 22
Info (12130): Elaborated megafunction instantiation "Displayer:U3|lpm_divide:Div1" File: S:/CPET_DSD_LAB/Lab6/Displayer.vhd Line: 38
Info (12133): Instantiated megafunction "Displayer:U3|lpm_divide:Div1" with the following parameter: File: S:/CPET_DSD_LAB/Lab6/Displayer.vhd Line: 38
    Info (12134): Parameter "LPM_WIDTHN" = "8"
    Info (12134): Parameter "LPM_WIDTHD" = "4"
    Info (12134): Parameter "LPM_NREPRESENTATION" = "UNSIGNED"
    Info (12134): Parameter "LPM_DREPRESENTATION" = "UNSIGNED"
Info (12021): Found 1 design units, including 1 entities, in source file db/lpm_divide_5am.tdf
    Info (12023): Found entity 1: lpm_divide_5am File: S:/CPET_DSD_LAB/Lab6/db/lpm_divide_5am.tdf Line: 24
Info (12021): Found 1 design units, including 1 entities, in source file db/sign_div_unsign_bkh.tdf
    Info (12023): Found entity 1: sign_div_unsign_bkh File: S:/CPET_DSD_LAB/Lab6/db/sign_div_unsign_bkh.tdf Line: 24
Info (12021): Found 1 design units, including 1 entities, in source file db/alt_u_div_sse.tdf
    Info (12023): Found entity 1: alt_u_div_sse File: S:/CPET_DSD_LAB/Lab6/db/alt_u_div_sse.tdf Line: 22
Info (12130): Elaborated megafunction instantiation "Displayer:U3|lpm_divide:Mod1" File: S:/CPET_DSD_LAB/Lab6/Displayer.vhd Line: 39
Info (12133): Instantiated megafunction "Displayer:U3|lpm_divide:Mod1" with the following parameter: File: S:/CPET_DSD_LAB/Lab6/Displayer.vhd Line: 39
    Info (12134): Parameter "LPM_WIDTHN" = "8"
    Info (12134): Parameter "LPM_WIDTHD" = "8"
    Info (12134): Parameter "LPM_NREPRESENTATION" = "UNSIGNED"
    Info (12134): Parameter "LPM_DREPRESENTATION" = "UNSIGNED"
Warning (13024): Output pins are stuck at VCC or GND
    Warning (13410): Pin "HEX3[0]" is stuck at VCC File: S:/CPET_DSD_LAB/Lab6/CalculatorDisplay.vhd Line: 8
    Warning (13410): Pin "HEX3[1]" is stuck at VCC File: S:/CPET_DSD_LAB/Lab6/CalculatorDisplay.vhd Line: 8
    Warning (13410): Pin "HEX3[2]" is stuck at VCC File: S:/CPET_DSD_LAB/Lab6/CalculatorDisplay.vhd Line: 8
    Warning (13410): Pin "HEX3[3]" is stuck at VCC File: S:/CPET_DSD_LAB/Lab6/CalculatorDisplay.vhd Line: 8
    Warning (13410): Pin "HEX3[4]" is stuck at VCC File: S:/CPET_DSD_LAB/Lab6/CalculatorDisplay.vhd Line: 8
    Warning (13410): Pin "HEX3[5]" is stuck at VCC File: S:/CPET_DSD_LAB/Lab6/CalculatorDisplay.vhd Line: 8
    Warning (13410): Pin "HEX2[1]" is stuck at GND File: S:/CPET_DSD_LAB/Lab6/CalculatorDisplay.vhd Line: 9
Info (286030): Timing-Driven Synthesis is running
Info (16010): Generating hard_block partition "hard_block:auto_generated_inst"
    Info (16011): Adding 0 node(s), including 0 DDIO, 0 PLL, 0 transceiver and 0 LCELL
Info (21057): Implemented 270 device resources after synthesis - the final resource count might be different
    Info (21058): Implemented 8 input pins
    Info (21059): Implemented 28 output pins
    Info (21061): Implemented 234 logic cells
Info: Quartus Prime Analysis & Synthesis was successful. 0 errors, 14 warnings
    Info: Peak virtual memory: 4899 megabytes
    Info: Processing ended: Mon Oct 06 16:31:52 2025
    Info: Elapsed time: 00:00:12
    Info: Total CPU time (on all processors): 00:00:18


